Archive member included to satisfy reference by file (symbol)

c:/program files (x86)/atollic/truestudio for stm32 9.0.1/armtools/bin/../lib/gcc/arm-atollic-eabi/6.3.1/../../../../arm-atollic-eabi/lib/armv6-m\libc.a(lib_a-errno.o)
                              syscalls.o (__errno)
c:/program files (x86)/atollic/truestudio for stm32 9.0.1/armtools/bin/../lib/gcc/arm-atollic-eabi/6.3.1/../../../../arm-atollic-eabi/lib/armv6-m\libc.a(lib_a-impure.o)
                              c:/program files (x86)/atollic/truestudio for stm32 9.0.1/armtools/bin/../lib/gcc/arm-atollic-eabi/6.3.1/../../../../arm-atollic-eabi/lib/armv6-m\libc.a(lib_a-errno.o) (_impure_ptr)
c:/program files (x86)/atollic/truestudio for stm32 9.0.1/armtools/bin/../lib/gcc/arm-atollic-eabi/6.3.1/../../../../arm-atollic-eabi/lib/armv6-m\libc.a(lib_a-init.o)
                              startup\startup_stm32f091xc.o (__libc_init_array)
c:/program files (x86)/atollic/truestudio for stm32 9.0.1/armtools/bin/../lib/gcc/arm-atollic-eabi/6.3.1/../../../../arm-atollic-eabi/lib/armv6-m\libc.a(lib_a-memset.o)
                              Src\main.o (memset)
c:/program files (x86)/atollic/truestudio for stm32 9.0.1/armtools/bin/../lib/gcc/arm-atollic-eabi/6.3.1/armv6-m\libgcc.a(_udivsi3.o)
                              Drivers\STM32F0xx_HAL_Driver\Src\stm32f0xx_hal.o (__aeabi_uidiv)
c:/program files (x86)/atollic/truestudio for stm32 9.0.1/armtools/bin/../lib/gcc/arm-atollic-eabi/6.3.1/armv6-m\libgcc.a(_dvmd_tls.o)
                              c:/program files (x86)/atollic/truestudio for stm32 9.0.1/armtools/bin/../lib/gcc/arm-atollic-eabi/6.3.1/armv6-m\libgcc.a(_udivsi3.o) (__aeabi_idiv0)
c:/program files (x86)/atollic/truestudio for stm32 9.0.1/armtools/bin/../lib/gcc/arm-atollic-eabi/6.3.1/armv6-m\libgcc.a(divdf3.o)
                              Src\main.o (__aeabi_ddiv)
c:/program files (x86)/atollic/truestudio for stm32 9.0.1/armtools/bin/../lib/gcc/arm-atollic-eabi/6.3.1/armv6-m\libgcc.a(muldf3.o)
                              Src\main.o (__aeabi_dmul)
c:/program files (x86)/atollic/truestudio for stm32 9.0.1/armtools/bin/../lib/gcc/arm-atollic-eabi/6.3.1/armv6-m\libgcc.a(floatunsidf.o)
                              Src\main.o (__aeabi_ui2d)
c:/program files (x86)/atollic/truestudio for stm32 9.0.1/armtools/bin/../lib/gcc/arm-atollic-eabi/6.3.1/armv6-m\libgcc.a(_clzsi2.o)
                              c:/program files (x86)/atollic/truestudio for stm32 9.0.1/armtools/bin/../lib/gcc/arm-atollic-eabi/6.3.1/armv6-m\libgcc.a(divdf3.o) (__clzsi2)

Allocating common symbols
Common symbol       size              file

volt_vals           0x10              Src\main.o
vals                0x8               Src\main.o
uwTick              0x4               Drivers\STM32F0xx_HAL_Driver\Src\stm32f0xx_hal.o
pFlash              0x20              Drivers\STM32F0xx_HAL_Driver\Src\stm32f0xx_hal_flash.o
adc_vals            0x8               Src\main.o
result              0x1               Src\main.o
huart2              0x70              Src\main.o
hadc                0x4c              Src\main.o

Discarded input sections

 .text          0x00000000        0x0 c:/program files (x86)/atollic/truestudio for stm32 9.0.1/armtools/bin/../lib/gcc/arm-atollic-eabi/6.3.1/armv6-m/crti.o
 .data          0x00000000        0x0 c:/program files (x86)/atollic/truestudio for stm32 9.0.1/armtools/bin/../lib/gcc/arm-atollic-eabi/6.3.1/armv6-m/crti.o
 .bss           0x00000000        0x0 c:/program files (x86)/atollic/truestudio for stm32 9.0.1/armtools/bin/../lib/gcc/arm-atollic-eabi/6.3.1/armv6-m/crti.o
 .data          0x00000000        0x4 c:/program files (x86)/atollic/truestudio for stm32 9.0.1/armtools/bin/../lib/gcc/arm-atollic-eabi/6.3.1/armv6-m/crtbegin.o
 .text          0x00000000        0x0 Drivers\STM32F0xx_HAL_Driver\Src\stm32f0xx_hal.o
 .data          0x00000000        0x0 Drivers\STM32F0xx_HAL_Driver\Src\stm32f0xx_hal.o
 .bss           0x00000000        0x0 Drivers\STM32F0xx_HAL_Driver\Src\stm32f0xx_hal.o
 .text.HAL_DeInit
                0x00000000       0x40 Drivers\STM32F0xx_HAL_Driver\Src\stm32f0xx_hal.o
 .text.HAL_MspInit
                0x00000000        0xa Drivers\STM32F0xx_HAL_Driver\Src\stm32f0xx_hal.o
 .text.HAL_MspDeInit
                0x00000000        0xa Drivers\STM32F0xx_HAL_Driver\Src\stm32f0xx_hal.o
 .text.HAL_Delay
                0x00000000       0x3a Drivers\STM32F0xx_HAL_Driver\Src\stm32f0xx_hal.o
 .text.HAL_SuspendTick
                0x00000000       0x1c Drivers\STM32F0xx_HAL_Driver\Src\stm32f0xx_hal.o
 .text.HAL_ResumeTick
                0x00000000       0x1c Drivers\STM32F0xx_HAL_Driver\Src\stm32f0xx_hal.o
 .text.HAL_GetHalVersion
                0x00000000       0x10 Drivers\STM32F0xx_HAL_Driver\Src\stm32f0xx_hal.o
 .text.HAL_GetREVID
                0x00000000       0x14 Drivers\STM32F0xx_HAL_Driver\Src\stm32f0xx_hal.o
 .text.HAL_GetDEVID
[...]
Memory Configuration

Name             Origin             Length             Attributes
RAM              0x20000000         0x00008000         xrw
FLASH            0x08000000         0x00040000         xr
*default*        0x00000000         0xffffffff

Linker script and memory map

LOAD c:/program files (x86)/atollic/truestudio for stm32 9.0.1/armtools/bin/../lib/gcc/arm-atollic-eabi/6.3.1/armv6-m/crti.o
LOAD c:/program files (x86)/atollic/truestudio for stm32 9.0.1/armtools/bin/../lib/gcc/arm-atollic-eabi/6.3.1/armv6-m/crtbegin.o
LOAD Drivers\STM32F0xx_HAL_Driver\Src\stm32f0xx_hal.o
LOAD Drivers\STM32F0xx_HAL_Driver\Src\stm32f0xx_hal_adc.o
LOAD Drivers\STM32F0xx_HAL_Driver\Src\stm32f0xx_hal_adc_ex.o
LOAD Drivers\STM32F0xx_HAL_Driver\Src\stm32f0xx_hal_cortex.o
LOAD Drivers\STM32F0xx_HAL_Driver\Src\stm32f0xx_hal_dma.o
LOAD Drivers\STM32F0xx_HAL_Driver\Src\stm32f0xx_hal_flash.o
LOAD Drivers\STM32F0xx_HAL_Driver\Src\stm32f0xx_hal_flash_ex.o
LOAD Drivers\STM32F0xx_HAL_Driver\Src\stm32f0xx_hal_gpio.o
LOAD Drivers\STM32F0xx_HAL_Driver\Src\stm32f0xx_hal_i2c.o
LOAD Drivers\STM32F0xx_HAL_Driver\Src\stm32f0xx_hal_i2c_ex.o
LOAD Drivers\STM32F0xx_HAL_Driver\Src\stm32f0xx_hal_pwr.o
LOAD Drivers\STM32F0xx_HAL_Driver\Src\stm32f0xx_hal_pwr_ex.o
LOAD Drivers\STM32F0xx_HAL_Driver\Src\stm32f0xx_hal_rcc.o
LOAD Drivers\STM32F0xx_HAL_Driver\Src\stm32f0xx_hal_rcc_ex.o
LOAD Drivers\STM32F0xx_HAL_Driver\Src\stm32f0xx_hal_tim.o
LOAD Drivers\STM32F0xx_HAL_Driver\Src\stm32f0xx_hal_tim_ex.o
LOAD Drivers\STM32F0xx_HAL_Driver\Src\stm32f0xx_hal_uart.o
LOAD Drivers\STM32F0xx_HAL_Driver\Src\stm32f0xx_hal_uart_ex.o
LOAD Src\main.o
LOAD Src\stm32f0xx_hal_msp.o
LOAD Src\stm32f0xx_it.o
LOAD Src\system_stm32f0xx.o
LOAD startup\startup_stm32f091xc.o
LOAD syscalls.o
                0x00000080                malloc_getpagesize_P = 0x80
START GROUP
LOAD c:/program files (x86)/atollic/truestudio for stm32 9.0.1/armtools/bin/../lib/gcc/arm-atollic-eabi/6.3.1/../../../../arm-atollic-eabi/lib/armv6-m\libc.a
LOAD c:/program files (x86)/atollic/truestudio for stm32 9.0.1/armtools/bin/../lib/gcc/arm-atollic-eabi/6.3.1/../../../../arm-atollic-eabi/lib/armv6-m\libm.a
END GROUP
START GROUP
LOAD c:/program files (x86)/atollic/truestudio for stm32 9.0.1/armtools/bin/../lib/gcc/arm-atollic-eabi/6.3.1/armv6-m\libgcc.a
LOAD c:/program files (x86)/atollic/truestudio for stm32 9.0.1/armtools/bin/../lib/gcc/arm-atollic-eabi/6.3.1/../../../../arm-atollic-eabi/lib/armv6-m\libc.a
END GROUP
START GROUP
LOAD c:/program files (x86)/atollic/truestudio for stm32 9.0.1/armtools/bin/../lib/gcc/arm-atollic-eabi/6.3.1/armv6-m\libgcc.a
LOAD c:/program files (x86)/atollic/truestudio for stm32 9.0.1/armtools/bin/../lib/gcc/arm-atollic-eabi/6.3.1/../../../../arm-atollic-eabi/lib/armv6-m\libc.a
LOAD c:/program files (x86)/atollic/truestudio for stm32 9.0.1/armtools/bin/../lib/gcc/arm-atollic-eabi/6.3.1/../../../../arm-atollic-eabi/lib/armv6-m\libnosys.a
END GROUP
LOAD c:/program files (x86)/atollic/truestudio for stm32 9.0.1/armtools/bin/../lib/gcc/arm-atollic-eabi/6.3.1/armv6-m/crtend.o
LOAD c:/program files (x86)/atollic/truestudio for stm32 9.0.1/armtools/bin/../lib/gcc/arm-atollic-eabi/6.3.1/armv6-m/crtn.o
                0x20008000                _estack = 0x20008000
                0x00000200                _Min_Heap_Size = 0x200
                0x00000400                _Min_Stack_Size = 0x400

.isr_vector     0x08000000       0xbc
                0x08000000                . = ALIGN (0x4)
 *(.isr_vector)
 .isr_vector    0x08000000       0xbc startup\startup_stm32f091xc.o
                0x08000000                g_pfnVectors
                0x080000bc                . = ALIGN (0x4)

.text           0x080000bc     0x4268
                0x080000bc                . = ALIGN (0x4)
 *(.text)
 .text          0x080000bc       0x48 c:/program files (x86)/atollic/truestudio for stm32 9.0.1/armtools/bin/../lib/gcc/arm-atollic-eabi/6.3.1/armv6-m/crtbegin.o
 .text          0x08000104      0x114 c:/program files (x86)/atollic/truestudio for stm32 9.0.1/armtools/bin/../lib/gcc/arm-atollic-eabi/6.3.1/armv6-m\libgcc.a(_udivsi3.o)
                0x08000104                __aeabi_uidiv
                0x08000104                __udivsi3
                0x08000210                __aeabi_uidivmod
 .text          0x08000218        0x4 c:/program files (x86)/atollic/truestudio for stm32 9.0.1/armtools/bin/../lib/gcc/arm-atollic-eabi/6.3.1/armv6-m\libgcc.a(_dvmd_tls.o)
                0x08000218                __aeabi_idiv0
                0x08000218                __aeabi_ldiv0
 .text          0x0800021c      0x668 c:/program files (x86)/atollic/truestudio for stm32 9.0.1/armtools/bin/../lib/gcc/arm-atollic-eabi/6.3.1/armv6-m\libgcc.a(divdf3.o)
                0x0800021c                __aeabi_ddiv
 .text          0x08000884      0x500 c:/program files (x86)/atollic/truestudio for stm32 9.0.1/armtools/bin/../lib/gcc/arm-atollic-eabi/6.3.1/armv6-m\libgcc.a(muldf3.o)
                0x08000884                __aeabi_dmul
 .text          0x08000d84       0x70 c:/program files (x86)/atollic/truestudio for stm32 9.0.1/armtools/bin/../lib/gcc/arm-atollic-eabi/6.3.1/armv6-m\libgcc.a(floatunsidf.o)
                0x08000d84                __aeabi_ui2d
 .text          0x08000df4       0x3c c:/program files (x86)/atollic/truestudio for stm32 9.0.1/armtools/bin/../lib/gcc/arm-atollic-eabi/6.3.1/armv6-m\libgcc.a(_clzsi2.o)
                0x08000df4                __clzsi2
 *(.text*)
 .text.HAL_Init
                0x08000e30       0x28 Drivers\STM32F0xx_HAL_Driver\Src\stm32f0xx_hal.o
                0x08000e30                HAL_Init
 .text.HAL_InitTick
                0x08000e58       0x38 Drivers\STM32F0xx_HAL_Driver\Src\stm32f0xx_hal.o
                0x08000e58                HAL_InitTick
 .text.HAL_IncTick
                0x08000e90       0x18 Drivers\STM32F0xx_HAL_Driver\Src\stm32f0xx_hal.o
                0x08000e90                HAL_IncTick
 .text.HAL_GetTick
                0x08000ea8       0x14 Drivers\STM32F0xx_HAL_Driver\Src\stm32f0xx_hal.o
                0x08000ea8                HAL_GetTick
 .text.HAL_ADC_Init
                0x08000ebc      0x27c Drivers\STM32F0xx_HAL_Driver\Src\stm32f0xx_hal_adc.o
                0x08000ebc                HAL_ADC_Init
 .text.HAL_ADC_Start
                0x08001138       0xa8 Drivers\STM32F0xx_HAL_Driver\Src\stm32f0xx_hal_adc.o
                0x08001138                HAL_ADC_Start
 .text.HAL_ADC_PollForConversion
                0x080011e0      0x120 Drivers\STM32F0xx_HAL_Driver\Src\stm32f0xx_hal_adc.o
                0x080011e0                HAL_ADC_PollForConversion
 .text.HAL_ADC_Start_DMA
                0x08001300      0x104 Drivers\STM32F0xx_HAL_Driver\Src\stm32f0xx_hal_adc.o
                0x08001300                HAL_ADC_Start_DMA
 .text.HAL_ADC_GetValue
                0x08001404       0x16 Drivers\STM32F0xx_HAL_Driver\Src\stm32f0xx_hal_adc.o
                0x08001404                HAL_ADC_GetValue
 *fill*         0x0800141a        0x2 
 .text.HAL_ADC_IRQHandler
                0x0800141c      0x16c Drivers\STM32F0xx_HAL_Driver\Src\stm32f0xx_hal_adc.o
                0x0800141c                HAL_ADC_IRQHandler
 .text.HAL_ADC_ConvCpltCallback
                0x08001588       0x10 Drivers\STM32F0xx_HAL_Driver\Src\stm32f0xx_hal_adc.o
                0x08001588                HAL_ADC_ConvCpltCallback
 .text.HAL_ADC_ConvHalfCpltCallback
                0x08001598       0x10 Drivers\STM32F0xx_HAL_Driver\Src\stm32f0xx_hal_adc.o
                0x08001598                HAL_ADC_ConvHalfCpltCallback
 .text.HAL_ADC_LevelOutOfWindowCallback
                0x080015a8       0x10 Drivers\STM32F0xx_HAL_Driver\Src\stm32f0xx_hal_adc.o
                0x080015a8                HAL_ADC_LevelOutOfWindowCallback
 .text.HAL_ADC_ErrorCallback
                0x080015b8       0x10 Drivers\STM32F0xx_HAL_Driver\Src\stm32f0xx_hal_adc.o
                0x080015b8                HAL_ADC_ErrorCallback
 .text.HAL_ADC_ConfigChannel
                0x080015c8      0x21c Drivers\STM32F0xx_HAL_Driver\Src\stm32f0xx_hal_adc.o
                0x080015c8                HAL_ADC_ConfigChannel
 .text.ADC_Enable
                0x080017e4       0xf8 Drivers\STM32F0xx_HAL_Driver\Src\stm32f0xx_hal_adc.o
 .text.ADC_DMAConvCplt
                0x080018dc       0xb4 Drivers\STM32F0xx_HAL_Driver\Src\stm32f0xx_hal_adc.o
 .text.ADC_DMAHalfConvCplt
                0x08001990       0x1e Drivers\STM32F0xx_HAL_Driver\Src\stm32f0xx_hal_adc.o
 .text.ADC_DMAError
                0x080019ae       0x36 Drivers\STM32F0xx_HAL_Driver\Src\stm32f0xx_hal_adc.o
 .text.HAL_ADCEx_Calibration_Start
                0x080019e4      0x134 Drivers\STM32F0xx_HAL_Driver\Src\stm32f0xx_hal_adc_ex.o
                0x080019e4                HAL_ADCEx_Calibration_Start
 .text.NVIC_EnableIRQ
                0x08001b18       0x2c Drivers\STM32F0xx_HAL_Driver\Src\stm32f0xx_hal_cortex.o
 .text.NVIC_SetPriority
                0x08001b44       0xdc Drivers\STM32F0xx_HAL_Driver\Src\stm32f0xx_hal_cortex.o
 .text.SysTick_Config
                0x08001c20       0x48 Drivers\STM32F0xx_HAL_Driver\Src\stm32f0xx_hal_cortex.o
 .text.HAL_NVIC_SetPriority
                0x08001c68       0x2c Drivers\STM32F0xx_HAL_Driver\Src\stm32f0xx_hal_cortex.o
                0x08001c68                HAL_NVIC_SetPriority
 .text.HAL_NVIC_EnableIRQ
                0x08001c94       0x20 Drivers\STM32F0xx_HAL_Driver\Src\stm32f0xx_hal_cortex.o
                0x08001c94                HAL_NVIC_EnableIRQ
 .text.HAL_SYSTICK_Config
                0x08001cb4       0x1a Drivers\STM32F0xx_HAL_Driver\Src\stm32f0xx_hal_cortex.o
                0x08001cb4                HAL_SYSTICK_Config
 *fill*         0x08001cce        0x2 
 .text.HAL_DMA_Init
                0x08001cd0       0xa8 Drivers\STM32F0xx_HAL_Driver\Src\stm32f0xx_hal_dma.o
                0x08001cd0                HAL_DMA_Init
 .text.HAL_DMA_DeInit
                0x08001d78       0x7a Drivers\STM32F0xx_HAL_Driver\Src\stm32f0xx_hal_dma.o
                0x08001d78                HAL_DMA_DeInit
 .text.HAL_DMA_Start_IT
                0x08001df2       0xcc Drivers\STM32F0xx_HAL_Driver\Src\stm32f0xx_hal_dma.o
                0x08001df2                HAL_DMA_Start_IT
 .text.HAL_DMA_IRQHandler
                0x08001ebe      0x144 Drivers\STM32F0xx_HAL_Driver\Src\stm32f0xx_hal_dma.o
                0x08001ebe                HAL_DMA_IRQHandler
 .text.DMA_SetConfig
                0x08002002       0x58 Drivers\STM32F0xx_HAL_Driver\Src\stm32f0xx_hal_dma.o
 *fill*         0x0800205a        0x2 
 .text.DMA_CalcBaseAndBitshift
                0x0800205c       0x74 Drivers\STM32F0xx_HAL_Driver\Src\stm32f0xx_hal_dma.o
 .text.HAL_GPIO_Init
                0x080020d0      0x2f8 Drivers\STM32F0xx_HAL_Driver\Src\stm32f0xx_hal_gpio.o
                0x080020d0                HAL_GPIO_Init
 .text.HAL_GPIO_WritePin
                0x080023c8       0x3a Drivers\STM32F0xx_HAL_Driver\Src\stm32f0xx_hal_gpio.o
                0x080023c8                HAL_GPIO_WritePin
 *fill*         0x08002402        0x2 
 .text.HAL_RCC_OscConfig
                0x08002404      0x6bc Drivers\STM32F0xx_HAL_Driver\Src\stm32f0xx_hal_rcc.o
                0x08002404                HAL_RCC_OscConfig
 .text.HAL_RCC_ClockConfig
                0x08002ac0      0x210 Drivers\STM32F0xx_HAL_Driver\Src\stm32f0xx_hal_rcc.o
                0x08002ac0                HAL_RCC_ClockConfig
 .text.HAL_RCC_GetSysClockFreq
                0x08002cd0       0xfc Drivers\STM32F0xx_HAL_Driver\Src\stm32f0xx_hal_rcc.o
                0x08002cd0                HAL_RCC_GetSysClockFreq
 .text.HAL_RCC_GetHCLKFreq
                0x08002dcc       0x14 Drivers\STM32F0xx_HAL_Driver\Src\stm32f0xx_hal_rcc.o
                0x08002dcc                HAL_RCC_GetHCLKFreq
 .text.HAL_RCC_GetPCLK1Freq
                0x08002de0       0x2c Drivers\STM32F0xx_HAL_Driver\Src\stm32f0xx_hal_rcc.o
                0x08002de0                HAL_RCC_GetPCLK1Freq
 .text.HAL_RCC_GetOscConfig
                0x08002e0c      0x158 Drivers\STM32F0xx_HAL_Driver\Src\stm32f0xx_hal_rcc.o
                0x08002e0c                HAL_RCC_GetOscConfig
 .text.HAL_RCCEx_PeriphCLKConfig
                0x08002f64      0x1fc Drivers\STM32F0xx_HAL_Driver\Src\stm32f0xx_hal_rcc_ex.o
                0x08002f64                HAL_RCCEx_PeriphCLKConfig
 .text.HAL_UART_Init
                0x08003160       0xb0 Drivers\STM32F0xx_HAL_Driver\Src\stm32f0xx_hal_uart.o
                0x08003160                HAL_UART_Init
 .text.UART_SetConfig
                0x08003210      0x438 Drivers\STM32F0xx_HAL_Driver\Src\stm32f0xx_hal_uart.o
                0x08003210                UART_SetConfig
 .text.UART_AdvFeatureConfig
                0x08003648      0x158 Drivers\STM32F0xx_HAL_Driver\Src\stm32f0xx_hal_uart.o
                0x08003648                UART_AdvFeatureConfig
 .text.UART_CheckIdleState
                0x080037a0       0xc0 Drivers\STM32F0xx_HAL_Driver\Src\stm32f0xx_hal_uart.o
                0x080037a0                UART_CheckIdleState
 .text.UART_WaitOnFlagUntilTimeout
                0x08003860       0x98 Drivers\STM32F0xx_HAL_Driver\Src\stm32f0xx_hal_uart.o
                0x08003860                UART_WaitOnFlagUntilTimeout
 .text.main     0x080038f8       0xd8 Src\main.o
                0x080038f8                main
 .text.SystemClock_Config
                0x080039d0       0xec Src\main.o
                0x080039d0                SystemClock_Config
 .text.MX_ADC_Init
                0x08003abc      0x110 Src\main.o
 .text.MX_USART2_UART_Init
                0x08003bcc       0x60 Src\main.o
 .text.MX_GPIO_Init
                0x08003c2c       0xe4 Src\main.o
 .text.Error_Handler
                0x08003d10        0xa Src\main.o
                0x08003d10                Error_Handler
 .text._delay   0x08003d1a       0x26 Src\main.o
                0x08003d1a                _delay
 .text.adc_getVoltage
                0x08003d40       0x48 Src\main.o
                0x08003d40                adc_getVoltage
 .text.adc_getChannelConfig
                0x08003d88      0x190 Src\main.o
                0x08003d88                adc_getChannelConfig
 .text.HAL_MspInit
                0x08003f18       0x48 Src\stm32f0xx_hal_msp.o
                0x08003f18                HAL_MspInit
 .text.HAL_ADC_MspInit
                0x08003f60      0x16c Src\stm32f0xx_hal_msp.o
                0x08003f60                HAL_ADC_MspInit
 .text.HAL_UART_MspInit
                0x080040cc       0xa4 Src\stm32f0xx_hal_msp.o
                0x080040cc                HAL_UART_MspInit
 .text.NMI_Handler
                0x08004170        0xa Src\stm32f0xx_it.o
                0x08004170                NMI_Handler
 .text.HardFault_Handler
                0x0800417a        0x6 Src\stm32f0xx_it.o
                0x0800417a                HardFault_Handler
 .text.SVC_Handler
                0x08004180        0xa Src\stm32f0xx_it.o
                0x08004180                SVC_Handler
 .text.PendSV_Handler
                0x0800418a        0xa Src\stm32f0xx_it.o
                0x0800418a                PendSV_Handler
 .text.SysTick_Handler
                0x08004194        0xe Src\stm32f0xx_it.o
                0x08004194                SysTick_Handler
 *fill*         0x080041a2        0x2 
 .text.ADC1_COMP_IRQHandler
                0x080041a4       0x18 Src\stm32f0xx_it.o
                0x080041a4                ADC1_COMP_IRQHandler
 .text.DMA1_Ch1_IRQHandler
                0x080041bc       0x1c Src\stm32f0xx_it.o
                0x080041bc                DMA1_Ch1_IRQHandler
 .text.SystemInit
                0x080041d8       0x88 Src\system_stm32f0xx.o
                0x080041d8                SystemInit
 .text.Reset_Handler
                0x08004260       0x50 startup\startup_stm32f091xc.o
                0x08004260                Reset_Handler
 .text.Default_Handler
                0x080042b0        0x2 startup\startup_stm32f091xc.o
                0x080042b0                TIM1_CC_IRQHandler
                0x080042b0                TSC_IRQHandler
                0x080042b0                I2C1_IRQHandler
                0x080042b0                RCC_CRS_IRQHandler
                0x080042b0                SPI1_IRQHandler
                0x080042b0                TIM6_DAC_IRQHandler
                0x080042b0                EXTI2_3_IRQHandler
                0x080042b0                I2C2_IRQHandler
                0x080042b0                TIM17_IRQHandler
                0x080042b0                CEC_CAN_IRQHandler
                0x080042b0                RTC_IRQHandler
                0x080042b0                PVD_VDDIO2_IRQHandler
                0x080042b0                TIM16_IRQHandler
                0x080042b0                TIM3_IRQHandler
                0x080042b0                EXTI4_15_IRQHandler
                0x080042b0                USART3_8_IRQHandler
                0x080042b0                Default_Handler
                0x080042b0                TIM14_IRQHandler
                0x080042b0                TIM7_IRQHandler
                0x080042b0                TIM15_IRQHandler
                0x080042b0                EXTI0_1_IRQHandler
                0x080042b0                SPI2_IRQHandler
                0x080042b0                DMA1_Ch2_3_DMA2_Ch1_2_IRQHandler
                0x080042b0                DMA1_Ch4_7_DMA2_Ch3_5_IRQHandler
                0x080042b0                WWDG_IRQHandler
                0x080042b0                TIM2_IRQHandler
                0x080042b0                USART2_IRQHandler
                0x080042b0                FLASH_IRQHandler
                0x080042b0                USART1_IRQHandler
                0x080042b0                TIM1_BRK_UP_TRG_COM_IRQHandler
 *fill*         0x080042b2        0x2 
 .text.__libc_init_array
                0x080042b4       0x48 c:/program files (x86)/atollic/truestudio for stm32 9.0.1/armtools/bin/../lib/gcc/arm-atollic-eabi/6.3.1/../../../../arm-atollic-eabi/lib/armv6-m\libc.a(lib_a-init.o)
                0x080042b4                __libc_init_array
 .text.memset   0x080042fc       0x10 c:/program files (x86)/atollic/truestudio for stm32 9.0.1/armtools/bin/../lib/gcc/arm-atollic-eabi/6.3.1/../../../../arm-atollic-eabi/lib/armv6-m\libc.a(lib_a-memset.o)
                0x080042fc                memset
 *(.glue_7)
 .glue_7        0x0800430c        0x0 linker stubs
 *(.glue_7t)
 .glue_7t       0x0800430c        0x0 linker stubs
 *(.eh_frame)
 .eh_frame      0x0800430c        0x0 c:/program files (x86)/atollic/truestudio for stm32 9.0.1/armtools/bin/../lib/gcc/arm-atollic-eabi/6.3.1/armv6-m/crtbegin.o
 *(.init)
 .init          0x0800430c        0x4 c:/program files (x86)/atollic/truestudio for stm32 9.0.1/armtools/bin/../lib/gcc/arm-atollic-eabi/6.3.1/armv6-m/crti.o
                0x0800430c                _init
 .init          0x08004310        0x8 c:/program files (x86)/atollic/truestudio for stm32 9.0.1/armtools/bin/../lib/gcc/arm-atollic-eabi/6.3.1/armv6-m/crtn.o
 *(.fini)
 .fini          0x08004318        0x4 c:/program files (x86)/atollic/truestudio for stm32 9.0.1/armtools/bin/../lib/gcc/arm-atollic-eabi/6.3.1/armv6-m/crti.o
                0x08004318                _fini
 .fini          0x0800431c        0x8 c:/program files (x86)/atollic/truestudio for stm32 9.0.1/armtools/bin/../lib/gcc/arm-atollic-eabi/6.3.1/armv6-m/crtn.o
                0x08004324                . = ALIGN (0x4)
                0x08004324                _etext = .

.vfp11_veneer   0x08004324        0x0
 .vfp11_veneer  0x08004324        0x0 linker stubs

.v4_bx          0x08004324        0x0
 .v4_bx         0x08004324        0x0 linker stubs

.iplt           0x08004324        0x0
 .iplt          0x08004324        0x0 c:/program files (x86)/atollic/truestudio for stm32 9.0.1/armtools/bin/../lib/gcc/arm-atollic-eabi/6.3.1/armv6-m/crtbegin.o

.rodata         0x08004324       0xf8
                0x08004324                . = ALIGN (0x4)
 *(.rodata)
 .rodata        0x08004324       0x20 Drivers\STM32F0xx_HAL_Driver\Src\stm32f0xx_hal_rcc.o
 .rodata        0x08004344       0x40 c:/program files (x86)/atollic/truestudio for stm32 9.0.1/armtools/bin/../lib/gcc/arm-atollic-eabi/6.3.1/armv6-m\libgcc.a(divdf3.o)
 .rodata        0x08004384       0x40 c:/program files (x86)/atollic/truestudio for stm32 9.0.1/armtools/bin/../lib/gcc/arm-atollic-eabi/6.3.1/armv6-m\libgcc.a(muldf3.o)
 *(.rodata*)
 .rodata.adc_getChannelConfig
                0x080043c4       0x40 Src\main.o
 .rodata.AHBPrescTable
                0x08004404       0x10 Src\system_stm32f0xx.o
                0x08004404                AHBPrescTable
 .rodata.APBPrescTable
                0x08004414        0x8 Src\system_stm32f0xx.o
                0x08004414                APBPrescTable
                0x0800441c                . = ALIGN (0x4)

.rel.dyn        0x0800441c        0x0
 .rel.iplt      0x0800441c        0x0 c:/program files (x86)/atollic/truestudio for stm32 9.0.1/armtools/bin/../lib/gcc/arm-atollic-eabi/6.3.1/armv6-m/crtbegin.o

.ARM.extab
 *(.ARM.extab* .gnu.linkonce.armextab.*)

.ARM            0x0800441c        0x0
                0x0800441c                __exidx_start = .
 *(.ARM.exidx*)
                0x0800441c                __exidx_end = .

.preinit_array  0x0800441c        0x0
                0x0800441c                PROVIDE (__preinit_array_start, .)
 *(.preinit_array*)
                0x0800441c                PROVIDE (__preinit_array_end, .)

.init_array     0x0800441c        0x4
                0x0800441c                PROVIDE (__init_array_start, .)
 *(SORT(.init_array.*))
 *(.init_array*)
 .init_array    0x0800441c        0x4 c:/program files (x86)/atollic/truestudio for stm32 9.0.1/armtools/bin/../lib/gcc/arm-atollic-eabi/6.3.1/armv6-m/crtbegin.o
                0x08004420                PROVIDE (__init_array_end, .)

.fini_array     0x08004420        0x4
                [!provide]                PROVIDE (__fini_array_start, .)
 *(SORT(.fini_array.*))
 *(.fini_array*)
 .fini_array    0x08004420        0x4 c:/program files (x86)/atollic/truestudio for stm32 9.0.1/armtools/bin/../lib/gcc/arm-atollic-eabi/6.3.1/armv6-m/crtbegin.o
                [!provide]                PROVIDE (__fini_array_end, .)
                0x08004424                _sidata = LOADADDR (.data)

.data           0x20000000        0xc load address 0x08004424
                0x20000000                . = ALIGN (0x4)
                0x20000000                _sdata = .
 *(.data)
 *(.data*)
 .data.adc_channels
                0x20000000        0x8 Src\main.o
                0x20000000                adc_channels
 .data.SystemCoreClock
                0x20000008        0x4 Src\system_stm32f0xx.o
                0x20000008                SystemCoreClock
                0x2000000c                . = ALIGN (0x4)
                0x2000000c                _edata = .

.igot.plt       0x2000000c        0x0 load address 0x08004430
 .igot.plt      0x2000000c        0x0 c:/program files (x86)/atollic/truestudio for stm32 9.0.1/armtools/bin/../lib/gcc/arm-atollic-eabi/6.3.1/armv6-m/crtbegin.o
                0x2000000c                . = ALIGN (0x4)

.bss            0x20000010      0x148 load address 0x08004430
                0x20000010                _sbss = .
                0x20000010                __bss_start__ = _sbss
 *(.bss)
 .bss           0x20000010       0x1c c:/program files (x86)/atollic/truestudio for stm32 9.0.1/armtools/bin/../lib/gcc/arm-atollic-eabi/6.3.1/armv6-m/crtbegin.o
 *(.bss*)
 .bss.DmaHandle.6843
                0x2000002c       0x44 Src\stm32f0xx_hal_msp.o
 *(COMMON)
 COMMON         0x20000070        0x4 Drivers\STM32F0xx_HAL_Driver\Src\stm32f0xx_hal.o
                0x20000070                uwTick
 *fill*         0x20000074        0x4 
 COMMON         0x20000078       0xe0 Src\main.o
                0x20000078                volt_vals
                0x20000088                vals
                0x20000090                adc_vals
                0x20000098                result
                0x2000009c                huart2
                0x2000010c                hadc
                0x20000158                . = ALIGN (0x4)
                0x20000158                _ebss = .
                0x20000158                __bss_end__ = _ebss

._user_heap_stack
                0x20000158      0x600 load address 0x08004430
                0x20000158                . = ALIGN (0x4)
                0x20000158                PROVIDE (end, .)
                [!provide]                PROVIDE (_end, .)
                0x20000358                . = (. + _Min_Heap_Size)
 *fill*         0x20000158      0x200 
                0x20000758                . = (. + _Min_Stack_Size)
 *fill*         0x20000358      0x400 
                0x20000758                . = ALIGN (0x4)

/DISCARD/
 libc.a(*)
 libm.a(*)
 libgcc.a(*)

.ARM.attributes
                0x00000000       0x28
 *(.ARM.attributes)
 .ARM.attributes
                0x00000000       0x1e c:/program files (x86)/atollic/truestudio for stm32 9.0.1/armtools/bin/../lib/gcc/arm-atollic-eabi/6.3.1/armv6-m/crti.o
 .ARM.attributes
                0x0000001e       0x2c c:/program files (x86)/atollic/truestudio for stm32 9.0.1/armtools/bin/../lib/gcc/arm-atollic-eabi/6.3.1/armv6-m/crtbegin.o
 .ARM.attributes
                0x0000004a       0x31 Drivers\STM32F0xx_HAL_Driver\Src\stm32f0xx_hal.o
 .ARM.attributes
                0x0000007b       0x31 Drivers\STM32F0xx_HAL_Driver\Src\stm32f0xx_hal_adc.o
 .ARM.attributes
                0x000000ac       0x31 Drivers\STM32F0xx_HAL_Driver\Src\stm32f0xx_hal_adc_ex.o
 .ARM.attributes
                0x000000dd       0x31 Drivers\STM32F0xx_HAL_Driver\Src\stm32f0xx_hal_cortex.o
 .ARM.attributes
                0x0000010e       0x31 Drivers\STM32F0xx_HAL_Driver\Src\stm32f0xx_hal_dma.o
 .ARM.attributes
                0x0000013f       0x31 Drivers\STM32F0xx_HAL_Driver\Src\stm32f0xx_hal_gpio.o
 .ARM.attributes
                0x00000170       0x31 Drivers\STM32F0xx_HAL_Driver\Src\stm32f0xx_hal_rcc.o
 .ARM.attributes
                0x000001a1       0x31 Drivers\STM32F0xx_HAL_Driver\Src\stm32f0xx_hal_rcc_ex.o
 .ARM.attributes
                0x000001d2       0x31 Drivers\STM32F0xx_HAL_Driver\Src\stm32f0xx_hal_uart.o
 .ARM.attributes
                0x00000203       0x31 Src\main.o
 .ARM.attributes
                0x00000234       0x31 Src\stm32f0xx_hal_msp.o
 .ARM.attributes
                0x00000265       0x31 Src\stm32f0xx_it.o
 .ARM.attributes
                0x00000296       0x31 Src\system_stm32f0xx.o
 .ARM.attributes
                0x000002c7       0x21 startup\startup_stm32f091xc.o
 .ARM.attributes
                0x000002e8       0x2c c:/program files (x86)/atollic/truestudio for stm32 9.0.1/armtools/bin/../lib/gcc/arm-atollic-eabi/6.3.1/../../../../arm-atollic-eabi/lib/armv6-m\libc.a(lib_a-init.o)
 .ARM.attributes
                0x00000314       0x2c c:/program files (x86)/atollic/truestudio for stm32 9.0.1/armtools/bin/../lib/gcc/arm-atollic-eabi/6.3.1/../../../../arm-atollic-eabi/lib/armv6-m\libc.a(lib_a-memset.o)
 .ARM.attributes
                0x00000340       0x1e c:/program files (x86)/atollic/truestudio for stm32 9.0.1/armtools/bin/../lib/gcc/arm-atollic-eabi/6.3.1/armv6-m\libgcc.a(_udivsi3.o)
 .ARM.attributes
                0x0000035e       0x1e c:/program files (x86)/atollic/truestudio for stm32 9.0.1/armtools/bin/../lib/gcc/arm-atollic-eabi/6.3.1/armv6-m\libgcc.a(_dvmd_tls.o)
 .ARM.attributes
                0x0000037c       0x2c c:/program files (x86)/atollic/truestudio for stm32 9.0.1/armtools/bin/../lib/gcc/arm-atollic-eabi/6.3.1/armv6-m\libgcc.a(divdf3.o)
 .ARM.attributes
                0x000003a8       0x2c c:/program files (x86)/atollic/truestudio for stm32 9.0.1/armtools/bin/../lib/gcc/arm-atollic-eabi/6.3.1/armv6-m\libgcc.a(muldf3.o)
 .ARM.attributes
                0x000003d4       0x2c c:/program files (x86)/atollic/truestudio for stm32 9.0.1/armtools/bin/../lib/gcc/arm-atollic-eabi/6.3.1/armv6-m\libgcc.a(floatunsidf.o)
 .ARM.attributes
                0x00000400       0x1e c:/program files (x86)/atollic/truestudio for stm32 9.0.1/armtools/bin/../lib/gcc/arm-atollic-eabi/6.3.1/armv6-m\libgcc.a(_clzsi2.o)
 .ARM.attributes
                0x0000041e       0x1e c:/program files (x86)/atollic/truestudio for stm32 9.0.1/armtools/bin/../lib/gcc/arm-atollic-eabi/6.3.1/armv6-m/crtn.o
OUTPUT(STM32_ADCRef.elf elf32-littlearm)

.debug_info     0x00000000     0xd52b
 .debug_info    0x00000000      0xe07 Drivers\STM32F0xx_HAL_Driver\Src\stm32f0xx_hal.o
 .debug_info    0x00000e07     0x1496 Drivers\STM32F0xx_HAL_Driver\Src\stm32f0xx_hal_adc.o
 .debug_info    0x0000229d      0xdd8 Drivers\STM32F0xx_HAL_Driver\Src\stm32f0xx_hal_adc_ex.o
 .debug_info    0x00003075      0xf4e Drivers\STM32F0xx_HAL_Driver\Src\stm32f0xx_hal_cortex.o
 .debug_info    0x00003fc3      0xfa4 Drivers\STM32F0xx_HAL_Driver\Src\stm32f0xx_hal_dma.o
 .debug_info    0x00004f67      0xeab Drivers\STM32F0xx_HAL_Driver\Src\stm32f0xx_hal_gpio.o
 .debug_info    0x00005e12      0xfc2 Drivers\STM32F0xx_HAL_Driver\Src\stm32f0xx_hal_rcc.o
 .debug_info    0x00006dd4      0xe21 Drivers\STM32F0xx_HAL_Driver\Src\stm32f0xx_hal_rcc_ex.o
 .debug_info    0x00007bf5     0x1b98 Drivers\STM32F0xx_HAL_Driver\Src\stm32f0xx_hal_uart.o
 .debug_info    0x0000978d     0x171d Src\main.o
 .debug_info    0x0000aeaa     0x15e8 Src\stm32f0xx_hal_msp.o
 .debug_info    0x0000c492      0xdd4 Src\stm32f0xx_it.o
 .debug_info    0x0000d266      0x24a Src\system_stm32f0xx.o
 .debug_info    0x0000d4b0       0x7b startup\startup_stm32f091xc.o

.debug_abbrev   0x00000000     0x1d88
 .debug_abbrev  0x00000000      0x266 Drivers\STM32F0xx_HAL_Driver\Src\stm32f0xx_hal.o
 .debug_abbrev  0x00000266      0x264 Drivers\STM32F0xx_HAL_Driver\Src\stm32f0xx_hal_adc.o
 .debug_abbrev  0x000004ca      0x1c8 Drivers\STM32F0xx_HAL_Driver\Src\stm32f0xx_hal_adc_ex.o
 .debug_abbrev  0x00000692      0x30f Drivers\STM32F0xx_HAL_Driver\Src\stm32f0xx_hal_cortex.o
 .debug_abbrev  0x000009a1      0x282 Drivers\STM32F0xx_HAL_Driver\Src\stm32f0xx_hal_dma.o
 .debug_abbrev  0x00000c23      0x259 Drivers\STM32F0xx_HAL_Driver\Src\stm32f0xx_hal_gpio.o
 .debug_abbrev  0x00000e7c      0x281 Drivers\STM32F0xx_HAL_Driver\Src\stm32f0xx_hal_rcc.o
 .debug_abbrev  0x000010fd      0x255 Drivers\STM32F0xx_HAL_Driver\Src\stm32f0xx_hal_rcc_ex.o
 .debug_abbrev  0x00001352      0x271 Drivers\STM32F0xx_HAL_Driver\Src\stm32f0xx_hal_uart.o
 .debug_abbrev  0x000015c3      0x2e6 Src\main.o
 .debug_abbrev  0x000018a9      0x21b Src\stm32f0xx_hal_msp.o
 .debug_abbrev  0x00001ac4      0x1b5 Src\stm32f0xx_it.o
 .debug_abbrev  0x00001c79       0xfd Src\system_stm32f0xx.o
 .debug_abbrev  0x00001d76       0x12 startup\startup_stm32f091xc.o

.debug_aranges  0x00000000      0x780
 .debug_aranges
                0x00000000       0xb8 Drivers\STM32F0xx_HAL_Driver\Src\stm32f0xx_hal.o
 .debug_aranges
                0x000000b8       0xf8 Drivers\STM32F0xx_HAL_Driver\Src\stm32f0xx_hal_adc.o
 .debug_aranges
                0x000001b0       0x20 Drivers\STM32F0xx_HAL_Driver\Src\stm32f0xx_hal_adc_ex.o
 .debug_aranges
                0x000001d0       0xc0 Drivers\STM32F0xx_HAL_Driver\Src\stm32f0xx_hal_cortex.o
 .debug_aranges
                0x00000290       0x88 Drivers\STM32F0xx_HAL_Driver\Src\stm32f0xx_hal_dma.o
 .debug_aranges
                0x00000318       0x58 Drivers\STM32F0xx_HAL_Driver\Src\stm32f0xx_hal_gpio.o
 .debug_aranges
                0x00000370       0x80 Drivers\STM32F0xx_HAL_Driver\Src\stm32f0xx_hal_rcc.o
 .debug_aranges
                0x000003f0       0x78 Drivers\STM32F0xx_HAL_Driver\Src\stm32f0xx_hal_rcc_ex.o
 .debug_aranges
                0x00000468      0x1d8 Drivers\STM32F0xx_HAL_Driver\Src\stm32f0xx_hal_uart.o
 .debug_aranges
                0x00000640       0x60 Src\main.o
 .debug_aranges
                0x000006a0       0x40 Src\stm32f0xx_hal_msp.o
 .debug_aranges
                0x000006e0       0x50 Src\stm32f0xx_it.o
 .debug_aranges
                0x00000730       0x28 Src\system_stm32f0xx.o
 .debug_aranges
                0x00000758       0x28 startup\startup_stm32f091xc.o

.debug_ranges   0x00000000      0x6a8
 .debug_ranges  0x00000000       0xa8 Drivers\STM32F0xx_HAL_Driver\Src\stm32f0xx_hal.o
 .debug_ranges  0x000000a8       0xe8 Drivers\STM32F0xx_HAL_Driver\Src\stm32f0xx_hal_adc.o
 .debug_ranges  0x00000190       0x10 Drivers\STM32F0xx_HAL_Driver\Src\stm32f0xx_hal_adc_ex.o
 .debug_ranges  0x000001a0       0xb0 Drivers\STM32F0xx_HAL_Driver\Src\stm32f0xx_hal_cortex.o
 .debug_ranges  0x00000250       0x78 Drivers\STM32F0xx_HAL_Driver\Src\stm32f0xx_hal_dma.o
 .debug_ranges  0x000002c8       0x48 Drivers\STM32F0xx_HAL_Driver\Src\stm32f0xx_hal_gpio.o
 .debug_ranges  0x00000310       0x70 Drivers\STM32F0xx_HAL_Driver\Src\stm32f0xx_hal_rcc.o
 .debug_ranges  0x00000380       0x68 Drivers\STM32F0xx_HAL_Driver\Src\stm32f0xx_hal_rcc_ex.o
 .debug_ranges  0x000003e8      0x1c8 Drivers\STM32F0xx_HAL_Driver\Src\stm32f0xx_hal_uart.o
 .debug_ranges  0x000005b0       0x50 Src\main.o
 .debug_ranges  0x00000600       0x30 Src\stm32f0xx_hal_msp.o
 .debug_ranges  0x00000630       0x40 Src\stm32f0xx_it.o
 .debug_ranges  0x00000670       0x18 Src\system_stm32f0xx.o
 .debug_ranges  0x00000688       0x20 startup\startup_stm32f091xc.o

.debug_line     0x00000000     0x3fe0
 .debug_line    0x00000000      0x403 Drivers\STM32F0xx_HAL_Driver\Src\stm32f0xx_hal.o
 .debug_line    0x00000403      0x82e Drivers\STM32F0xx_HAL_Driver\Src\stm32f0xx_hal_adc.o
 .debug_line    0x00000c31      0x2fb Drivers\STM32F0xx_HAL_Driver\Src\stm32f0xx_hal_adc_ex.o
 .debug_line    0x00000f2c      0x429 Drivers\STM32F0xx_HAL_Driver\Src\stm32f0xx_hal_cortex.o
 .debug_line    0x00001355      0x4a4 Drivers\STM32F0xx_HAL_Driver\Src\stm32f0xx_hal_dma.o
 .debug_line    0x000017f9      0x41e Drivers\STM32F0xx_HAL_Driver\Src\stm32f0xx_hal_gpio.o
 .debug_line    0x00001c17      0x52e Drivers\STM32F0xx_HAL_Driver\Src\stm32f0xx_hal_rcc.o
 .debug_line    0x00002145      0x4d3 Drivers\STM32F0xx_HAL_Driver\Src\stm32f0xx_hal_rcc_ex.o
 .debug_line    0x00002618      0xcc1 Drivers\STM32F0xx_HAL_Driver\Src\stm32f0xx_hal_uart.o
 .debug_line    0x000032d9      0x46a Src\main.o
 .debug_line    0x00003743      0x359 Src\stm32f0xx_hal_msp.o
 .debug_line    0x00003a9c      0x300 Src\stm32f0xx_it.o
 .debug_line    0x00003d9c      0x1c1 Src\system_stm32f0xx.o
 .debug_line    0x00003f5d       0x83 startup\startup_stm32f091xc.o

.debug_str      0x00000000     0x2798
 .debug_str     0x00000000      0x9cc Drivers\STM32F0xx_HAL_Driver\Src\stm32f0xx_hal.o
                                0xa57 (size before relaxing)
 .debug_str     0x000009cc      0x662 Drivers\STM32F0xx_HAL_Driver\Src\stm32f0xx_hal_adc.o
                                0xcef (size before relaxing)
 .debug_str     0x0000102e       0x77 Drivers\STM32F0xx_HAL_Driver\Src\stm32f0xx_hal_adc_ex.o
                                0x9f4 (size before relaxing)
 .debug_str     0x000010a5      0x1ee Drivers\STM32F0xx_HAL_Driver\Src\stm32f0xx_hal_cortex.o
                                0xa9b (size before relaxing)
 .debug_str     0x00001293      0x252 Drivers\STM32F0xx_HAL_Driver\Src\stm32f0xx_hal_dma.o
                                0xa77 (size before relaxing)
 .debug_str     0x000014e5      0x1cc Drivers\STM32F0xx_HAL_Driver\Src\stm32f0xx_hal_gpio.o
                                0x879 (size before relaxing)
 .debug_str     0x000016b1      0x2ff Drivers\STM32F0xx_HAL_Driver\Src\stm32f0xx_hal_rcc.o
                                0xa21 (size before relaxing)
 .debug_str     0x000019b0      0x347 Drivers\STM32F0xx_HAL_Driver\Src\stm32f0xx_hal_rcc_ex.o
                                0xa16 (size before relaxing)
 .debug_str     0x00001cf7      0x873 Drivers\STM32F0xx_HAL_Driver\Src\stm32f0xx_hal_uart.o
                               0x1159 (size before relaxing)
 .debug_str     0x0000256a      0x112 Src\main.o
                                0xff1 (size before relaxing)
 .debug_str     0x0000267c       0x3a Src\stm32f0xx_hal_msp.o
                                0xfd8 (size before relaxing)
 .debug_str     0x000026b6       0x88 Src\stm32f0xx_it.o
                                0x9bb (size before relaxing)
 .debug_str     0x0000273e       0x5a Src\system_stm32f0xx.o
                                0x266 (size before relaxing)

.comment        0x00000000       0x7c
 .comment       0x00000000       0x7c Drivers\STM32F0xx_HAL_Driver\Src\stm32f0xx_hal.o
                                 0x7d (size before relaxing)
 .comment       0x0000007c       0x7d Drivers\STM32F0xx_HAL_Driver\Src\stm32f0xx_hal_adc.o
 .comment       0x0000007c       0x7d Drivers\STM32F0xx_HAL_Driver\Src\stm32f0xx_hal_adc_ex.o
 .comment       0x0000007c       0x7d Drivers\STM32F0xx_HAL_Driver\Src\stm32f0xx_hal_cortex.o
 .comment       0x0000007c       0x7d Drivers\STM32F0xx_HAL_Driver\Src\stm32f0xx_hal_dma.o
 .comment       0x0000007c       0x7d Drivers\STM32F0xx_HAL_Driver\Src\stm32f0xx_hal_gpio.o
 .comment       0x0000007c       0x7d Drivers\STM32F0xx_HAL_Driver\Src\stm32f0xx_hal_rcc.o
 .comment       0x0000007c       0x7d Drivers\STM32F0xx_HAL_Driver\Src\stm32f0xx_hal_rcc_ex.o
 .comment       0x0000007c       0x7d Drivers\STM32F0xx_HAL_Driver\Src\stm32f0xx_hal_uart.o
 .comment       0x0000007c       0x7d Src\main.o
 .comment       0x0000007c       0x7d Src\stm32f0xx_hal_msp.o
 .comment       0x0000007c       0x7d Src\stm32f0xx_it.o
 .comment       0x0000007c       0x7d Src\system_stm32f0xx.o

.debug_frame    0x00000000     0x19b4
 .debug_frame   0x00000000      0x248 Drivers\STM32F0xx_HAL_Driver\Src\stm32f0xx_hal.o
 .debug_frame   0x00000248      0x390 Drivers\STM32F0xx_HAL_Driver\Src\stm32f0xx_hal_adc.o
 .debug_frame   0x000005d8       0x30 Drivers\STM32F0xx_HAL_Driver\Src\stm32f0xx_hal_adc_ex.o
 .debug_frame   0x00000608      0x2a4 Drivers\STM32F0xx_HAL_Driver\Src\stm32f0xx_hal_cortex.o
 .debug_frame   0x000008ac      0x1d0 Drivers\STM32F0xx_HAL_Driver\Src\stm32f0xx_hal_dma.o
 .debug_frame   0x00000a7c      0x110 Drivers\STM32F0xx_HAL_Driver\Src\stm32f0xx_hal_gpio.o
 .debug_frame   0x00000b8c      0x194 Drivers\STM32F0xx_HAL_Driver\Src\stm32f0xx_hal_rcc.o
 .debug_frame   0x00000d20      0x180 Drivers\STM32F0xx_HAL_Driver\Src\stm32f0xx_hal_rcc_ex.o
 .debug_frame   0x00000ea0      0x710 Drivers\STM32F0xx_HAL_Driver\Src\stm32f0xx_hal_uart.o
 .debug_frame   0x000015b0      0x128 Src\main.o
 .debug_frame   0x000016d8       0xb0 Src\stm32f0xx_hal_msp.o
 .debug_frame   0x00001788       0xd4 Src\stm32f0xx_it.o
 .debug_frame   0x0000185c       0x4c Src\system_stm32f0xx.o
 .debug_frame   0x000018a8       0x2c c:/program files (x86)/atollic/truestudio for stm32 9.0.1/armtools/bin/../lib/gcc/arm-atollic-eabi/6.3.1/../../../../arm-atollic-eabi/lib/armv6-m\libc.a(lib_a-init.o)
 .debug_frame   0x000018d4       0x20 c:/program files (x86)/atollic/truestudio for stm32 9.0.1/armtools/bin/../lib/gcc/arm-atollic-eabi/6.3.1/../../../../arm-atollic-eabi/lib/armv6-m\libc.a(lib_a-memset.o)
 .debug_frame   0x000018f4       0x20 c:/program files (x86)/atollic/truestudio for stm32 9.0.1/armtools/bin/../lib/gcc/arm-atollic-eabi/6.3.1/armv6-m\libgcc.a(_udivsi3.o)
 .debug_frame   0x00001914       0x3c c:/program files (x86)/atollic/truestudio for stm32 9.0.1/armtools/bin/../lib/gcc/arm-atollic-eabi/6.3.1/armv6-m\libgcc.a(divdf3.o)
 .debug_frame   0x00001950       0x3c c:/program files (x86)/atollic/truestudio for stm32 9.0.1/armtools/bin/../lib/gcc/arm-atollic-eabi/6.3.1/armv6-m\libgcc.a(muldf3.o)
 .debug_frame   0x0000198c       0x28 c:/program files (x86)/atollic/truestudio for stm32 9.0.1/armtools/bin/../lib/gcc/arm-atollic-eabi/6.3.1/armv6-m\libgcc.a(floatunsidf.o)

Cross Reference Table

Symbol                                            File
ADC1_COMP_IRQHandler                              Src\stm32f0xx_it.o
                                                  startup\startup_stm32f091xc.o
AHBPrescTable                                     Src\system_stm32f0xx.o
                                                  Drivers\STM32F0xx_HAL_Driver\Src\stm32f0xx_hal_rcc.o
APBPrescTable                                     Src\system_stm32f0xx.o
                                                  Drivers\STM32F0xx_HAL_Driver\Src\stm32f0xx_hal_rcc.o
CEC_CAN_IRQHandler                                startup\startup_stm32f091xc.o
DMA1_Ch1_IRQHandler                               Src\stm32f0xx_it.o
                                                  startup\startup_stm32f091xc.o
DMA1_Ch2_3_DMA2_Ch1_2_IRQHandler                  startup\startup_stm32f091xc.o
DMA1_Ch4_7_DMA2_Ch3_5_IRQHandler                  startup\startup_stm32f091xc.o
Default_Handler                                   startup\startup_stm32f091xc.o
EXTI0_1_IRQHandler                                startup\startup_stm32f091xc.o
EXTI2_3_IRQHandler                                startup\startup_stm32f091xc.o
EXTI4_15_IRQHandler                               startup\startup_stm32f091xc.o
Error_Handler                                     Src\main.o
FLASH_IRQHandler                                  startup\startup_stm32f091xc.o
FLASH_PageErase                                   Drivers\STM32F0xx_HAL_Driver\Src\stm32f0xx_hal_flash_ex.o
                                                  Drivers\STM32F0xx_HAL_Driver\Src\stm32f0xx_hal_flash.o
FLASH_WaitForLastOperation                        Drivers\STM32F0xx_HAL_Driver\Src\stm32f0xx_hal_flash.o
                                                  Drivers\STM32F0xx_HAL_Driver\Src\stm32f0xx_hal_flash_ex.o
HAL_ADCEx_Calibration_Start                       Drivers\STM32F0xx_HAL_Driver\Src\stm32f0xx_hal_adc_ex.o
                                                  Src\main.o
HAL_ADC_AnalogWDGConfig                           Drivers\STM32F0xx_HAL_Driver\Src\stm32f0xx_hal_adc.o
HAL_ADC_ConfigChannel                             Drivers\STM32F0xx_HAL_Driver\Src\stm32f0xx_hal_adc.o
                                                  Src\main.o
HAL_ADC_ConvCpltCallback                          Drivers\STM32F0xx_HAL_Driver\Src\stm32f0xx_hal_adc.o
HAL_ADC_ConvHalfCpltCallback                      Drivers\STM32F0xx_HAL_Driver\Src\stm32f0xx_hal_adc.o
HAL_ADC_DeInit                                    Drivers\STM32F0xx_HAL_Driver\Src\stm32f0xx_hal_adc.o
HAL_ADC_ErrorCallback                             Drivers\STM32F0xx_HAL_Driver\Src\stm32f0xx_hal_adc.o
HAL_ADC_GetError                                  Drivers\STM32F0xx_HAL_Driver\Src\stm32f0xx_hal_adc.o
HAL_ADC_GetState                                  Drivers\STM32F0xx_HAL_Driver\Src\stm32f0xx_hal_adc.o
HAL_ADC_GetValue                                  Drivers\STM32F0xx_HAL_Driver\Src\stm32f0xx_hal_adc.o
                                                  Src\main.o
HAL_ADC_IRQHandler                                Drivers\STM32F0xx_HAL_Driver\Src\stm32f0xx_hal_adc.o
                                                  Src\stm32f0xx_it.o
HAL_ADC_Init                                      Drivers\STM32F0xx_HAL_Driver\Src\stm32f0xx_hal_adc.o
                                                  Src\main.o
HAL_ADC_LevelOutOfWindowCallback                  Drivers\STM32F0xx_HAL_Driver\Src\stm32f0xx_hal_adc.o
HAL_ADC_MspDeInit                                 Src\stm32f0xx_hal_msp.o
                                                  Drivers\STM32F0xx_HAL_Driver\Src\stm32f0xx_hal_adc.o
HAL_ADC_MspInit                                   Src\stm32f0xx_hal_msp.o
                                                  Drivers\STM32F0xx_HAL_Driver\Src\stm32f0xx_hal_adc.o
HAL_ADC_PollForConversion                         Drivers\STM32F0xx_HAL_Driver\Src\stm32f0xx_hal_adc.o
                                                  Src\main.o
HAL_ADC_PollForEvent                              Drivers\STM32F0xx_HAL_Driver\Src\stm32f0xx_hal_adc.o
HAL_ADC_Start                                     Drivers\STM32F0xx_HAL_Driver\Src\stm32f0xx_hal_adc.o
                                                  Src\main.o
HAL_ADC_Start_DMA                                 Drivers\STM32F0xx_HAL_Driver\Src\stm32f0xx_hal_adc.o
                                                  Src\main.o
HAL_ADC_Start_IT                                  Drivers\STM32F0xx_HAL_Driver\Src\stm32f0xx_hal_adc.o
HAL_ADC_Stop                                      Drivers\STM32F0xx_HAL_Driver\Src\stm32f0xx_hal_adc.o
HAL_ADC_Stop_DMA                                  Drivers\STM32F0xx_HAL_Driver\Src\stm32f0xx_hal_adc.o
HAL_ADC_Stop_IT                                   Drivers\STM32F0xx_HAL_Driver\Src\stm32f0xx_hal_adc.o
HAL_DBGMCU_DisableDBGStandbyMode                  Drivers\STM32F0xx_HAL_Driver\Src\stm32f0xx_hal.o
HAL_DBGMCU_DisableDBGStopMode                     Drivers\STM32F0xx_HAL_Driver\Src\stm32f0xx_hal.o
HAL_DBGMCU_EnableDBGStandbyMode                   Drivers\STM32F0xx_HAL_Driver\Src\stm32f0xx_hal.o
HAL_DBGMCU_EnableDBGStopMode                      Drivers\STM32F0xx_HAL_Driver\Src\stm32f0xx_hal.o
HAL_DMA_Abort                                     Drivers\STM32F0xx_HAL_Driver\Src\stm32f0xx_hal_dma.o
                                                  Drivers\STM32F0xx_HAL_Driver\Src\stm32f0xx_hal_uart.o
                                                  Drivers\STM32F0xx_HAL_Driver\Src\stm32f0xx_hal_adc.o
HAL_DMA_Abort_IT                                  Drivers\STM32F0xx_HAL_Driver\Src\stm32f0xx_hal_dma.o
                                                  Drivers\STM32F0xx_HAL_Driver\Src\stm32f0xx_hal_uart.o
                                                  Drivers\STM32F0xx_HAL_Driver\Src\stm32f0xx_hal_i2c.o
HAL_DMA_DeInit                                    Drivers\STM32F0xx_HAL_Driver\Src\stm32f0xx_hal_dma.o
                                                  Src\stm32f0xx_hal_msp.o
HAL_DMA_GetError                                  Drivers\STM32F0xx_HAL_Driver\Src\stm32f0xx_hal_dma.o
HAL_DMA_GetState                                  Drivers\STM32F0xx_HAL_Driver\Src\stm32f0xx_hal_dma.o
HAL_DMA_IRQHandler                                Drivers\STM32F0xx_HAL_Driver\Src\stm32f0xx_hal_dma.o
                                                  Src\stm32f0xx_it.o
HAL_DMA_Init                                      Drivers\STM32F0xx_HAL_Driver\Src\stm32f0xx_hal_dma.o
                                                  Src\stm32f0xx_hal_msp.o
HAL_DMA_PollForTransfer                           Drivers\STM32F0xx_HAL_Driver\Src\stm32f0xx_hal_dma.o
HAL_DMA_RegisterCallback                          Drivers\STM32F0xx_HAL_Driver\Src\stm32f0xx_hal_dma.o
HAL_DMA_Start                                     Drivers\STM32F0xx_HAL_Driver\Src\stm32f0xx_hal_dma.o
HAL_DMA_Start_IT                                  Drivers\STM32F0xx_HAL_Driver\Src\stm32f0xx_hal_dma.o
                                                  Drivers\STM32F0xx_HAL_Driver\Src\stm32f0xx_hal_uart.o
                                                  Drivers\STM32F0xx_HAL_Driver\Src\stm32f0xx_hal_i2c.o
                                                  Drivers\STM32F0xx_HAL_Driver\Src\stm32f0xx_hal_adc.o
HAL_DMA_UnRegisterCallback                        Drivers\STM32F0xx_HAL_Driver\Src\stm32f0xx_hal_dma.o
HAL_DeInit                                        Drivers\STM32F0xx_HAL_Driver\Src\stm32f0xx_hal.o
HAL_Delay                                         Drivers\STM32F0xx_HAL_Driver\Src\stm32f0xx_hal.o
HAL_FLASHEx_Erase                                 Drivers\STM32F0xx_HAL_Driver\Src\stm32f0xx_hal_flash_ex.o
HAL_FLASHEx_Erase_IT                              Drivers\STM32F0xx_HAL_Driver\Src\stm32f0xx_hal_flash_ex.o
HAL_FLASHEx_OBErase                               Drivers\STM32F0xx_HAL_Driver\Src\stm32f0xx_hal_flash_ex.o
HAL_FLASHEx_OBGetConfig                           Drivers\STM32F0xx_HAL_Driver\Src\stm32f0xx_hal_flash_ex.o
HAL_FLASHEx_OBGetUserData                         Drivers\STM32F0xx_HAL_Driver\Src\stm32f0xx_hal_flash_ex.o
HAL_FLASHEx_OBProgram                             Drivers\STM32F0xx_HAL_Driver\Src\stm32f0xx_hal_flash_ex.o
HAL_FLASH_EndOfOperationCallback                  Drivers\STM32F0xx_HAL_Driver\Src\stm32f0xx_hal_flash.o
HAL_FLASH_GetError                                Drivers\STM32F0xx_HAL_Driver\Src\stm32f0xx_hal_flash.o
HAL_FLASH_IRQHandler                              Drivers\STM32F0xx_HAL_Driver\Src\stm32f0xx_hal_flash.o
HAL_FLASH_Lock                                    Drivers\STM32F0xx_HAL_Driver\Src\stm32f0xx_hal_flash.o
HAL_FLASH_OB_Launch                               Drivers\STM32F0xx_HAL_Driver\Src\stm32f0xx_hal_flash.o
HAL_FLASH_OB_Lock                                 Drivers\STM32F0xx_HAL_Driver\Src\stm32f0xx_hal_flash.o
HAL_FLASH_OB_Unlock                               Drivers\STM32F0xx_HAL_Driver\Src\stm32f0xx_hal_flash.o
HAL_FLASH_OperationErrorCallback                  Drivers\STM32F0xx_HAL_Driver\Src\stm32f0xx_hal_flash.o
HAL_FLASH_Program                                 Drivers\STM32F0xx_HAL_Driver\Src\stm32f0xx_hal_flash.o
HAL_FLASH_Program_IT                              Drivers\STM32F0xx_HAL_Driver\Src\stm32f0xx_hal_flash.o
HAL_FLASH_Unlock                                  Drivers\STM32F0xx_HAL_Driver\Src\stm32f0xx_hal_flash.o
HAL_GPIO_DeInit                                   Drivers\STM32F0xx_HAL_Driver\Src\stm32f0xx_hal_gpio.o
                                                  Src\stm32f0xx_hal_msp.o
HAL_GPIO_EXTI_Callback                            Drivers\STM32F0xx_HAL_Driver\Src\stm32f0xx_hal_gpio.o
HAL_GPIO_EXTI_IRQHandler                          Drivers\STM32F0xx_HAL_Driver\Src\stm32f0xx_hal_gpio.o
HAL_GPIO_Init                                     Drivers\STM32F0xx_HAL_Driver\Src\stm32f0xx_hal_gpio.o
                                                  Src\stm32f0xx_hal_msp.o
                                                  Src\main.o
                                                  Drivers\STM32F0xx_HAL_Driver\Src\stm32f0xx_hal_rcc.o
HAL_GPIO_LockPin                                  Drivers\STM32F0xx_HAL_Driver\Src\stm32f0xx_hal_gpio.o
HAL_GPIO_ReadPin                                  Drivers\STM32F0xx_HAL_Driver\Src\stm32f0xx_hal_gpio.o
HAL_GPIO_TogglePin                                Drivers\STM32F0xx_HAL_Driver\Src\stm32f0xx_hal_gpio.o
HAL_GPIO_WritePin                                 Drivers\STM32F0xx_HAL_Driver\Src\stm32f0xx_hal_gpio.o
                                                  Src\main.o
HAL_GetDEVID                                      Drivers\STM32F0xx_HAL_Driver\Src\stm32f0xx_hal.o
HAL_GetHalVersion                                 Drivers\STM32F0xx_HAL_Driver\Src\stm32f0xx_hal.o
HAL_GetREVID                                      Drivers\STM32F0xx_HAL_Driver\Src\stm32f0xx_hal.o
HAL_GetTick                                       Drivers\STM32F0xx_HAL_Driver\Src\stm32f0xx_hal.o
                                                  Drivers\STM32F0xx_HAL_Driver\Src\stm32f0xx_hal_uart_ex.o
                                                  Drivers\STM32F0xx_HAL_Driver\Src\stm32f0xx_hal_uart.o
                                                  Drivers\STM32F0xx_HAL_Driver\Src\stm32f0xx_hal_rcc_ex.o
                                                  Drivers\STM32F0xx_HAL_Driver\Src\stm32f0xx_hal_rcc.o
                                                  Drivers\STM32F0xx_HAL_Driver\Src\stm32f0xx_hal_i2c.o
                                                  Drivers\STM32F0xx_HAL_Driver\Src\stm32f0xx_hal_flash.o
                                                  Drivers\STM32F0xx_HAL_Driver\Src\stm32f0xx_hal_dma.o
                                                  Drivers\STM32F0xx_HAL_Driver\Src\stm32f0xx_hal_adc_ex.o
                                                  Drivers\STM32F0xx_HAL_Driver\Src\stm32f0xx_hal_adc.o
HAL_GetUIDw0                                      Drivers\STM32F0xx_HAL_Driver\Src\stm32f0xx_hal.o
HAL_GetUIDw1                                      Drivers\STM32F0xx_HAL_Driver\Src\stm32f0xx_hal.o
HAL_GetUIDw2                                      Drivers\STM32F0xx_HAL_Driver\Src\stm32f0xx_hal.o
HAL_HalfDuplex_EnableReceiver                     Drivers\STM32F0xx_HAL_Driver\Src\stm32f0xx_hal_uart.o
HAL_HalfDuplex_EnableTransmitter                  Drivers\STM32F0xx_HAL_Driver\Src\stm32f0xx_hal_uart.o
HAL_HalfDuplex_Init                               Drivers\STM32F0xx_HAL_Driver\Src\stm32f0xx_hal_uart.o
HAL_I2CEx_ConfigAnalogFilter                      Drivers\STM32F0xx_HAL_Driver\Src\stm32f0xx_hal_i2c_ex.o
HAL_I2CEx_ConfigDigitalFilter                     Drivers\STM32F0xx_HAL_Driver\Src\stm32f0xx_hal_i2c_ex.o
HAL_I2CEx_DisableFastModePlus                     Drivers\STM32F0xx_HAL_Driver\Src\stm32f0xx_hal_i2c_ex.o
HAL_I2CEx_DisableWakeUp                           Drivers\STM32F0xx_HAL_Driver\Src\stm32f0xx_hal_i2c_ex.o
HAL_I2CEx_EnableFastModePlus                      Drivers\STM32F0xx_HAL_Driver\Src\stm32f0xx_hal_i2c_ex.o
HAL_I2CEx_EnableWakeUp                            Drivers\STM32F0xx_HAL_Driver\Src\stm32f0xx_hal_i2c_ex.o
HAL_I2C_AbortCpltCallback                         Drivers\STM32F0xx_HAL_Driver\Src\stm32f0xx_hal_i2c.o
HAL_I2C_AddrCallback                              Drivers\STM32F0xx_HAL_Driver\Src\stm32f0xx_hal_i2c.o
HAL_I2C_DeInit                                    Drivers\STM32F0xx_HAL_Driver\Src\stm32f0xx_hal_i2c.o
HAL_I2C_DisableListen_IT                          Drivers\STM32F0xx_HAL_Driver\Src\stm32f0xx_hal_i2c.o
HAL_I2C_ER_IRQHandler                             Drivers\STM32F0xx_HAL_Driver\Src\stm32f0xx_hal_i2c.o
HAL_I2C_EV_IRQHandler                             Drivers\STM32F0xx_HAL_Driver\Src\stm32f0xx_hal_i2c.o
HAL_I2C_EnableListen_IT                           Drivers\STM32F0xx_HAL_Driver\Src\stm32f0xx_hal_i2c.o
HAL_I2C_ErrorCallback                             Drivers\STM32F0xx_HAL_Driver\Src\stm32f0xx_hal_i2c.o
HAL_I2C_GetError                                  Drivers\STM32F0xx_HAL_Driver\Src\stm32f0xx_hal_i2c.o
HAL_I2C_GetMode                                   Drivers\STM32F0xx_HAL_Driver\Src\stm32f0xx_hal_i2c.o
HAL_I2C_GetState                                  Drivers\STM32F0xx_HAL_Driver\Src\stm32f0xx_hal_i2c.o
HAL_I2C_Init                                      Drivers\STM32F0xx_HAL_Driver\Src\stm32f0xx_hal_i2c.o
HAL_I2C_IsDeviceReady                             Drivers\STM32F0xx_HAL_Driver\Src\stm32f0xx_hal_i2c.o
HAL_I2C_ListenCpltCallback                        Drivers\STM32F0xx_HAL_Driver\Src\stm32f0xx_hal_i2c.o
HAL_I2C_MasterRxCpltCallback                      Drivers\STM32F0xx_HAL_Driver\Src\stm32f0xx_hal_i2c.o
HAL_I2C_MasterTxCpltCallback                      Drivers\STM32F0xx_HAL_Driver\Src\stm32f0xx_hal_i2c.o
HAL_I2C_Master_Abort_IT                           Drivers\STM32F0xx_HAL_Driver\Src\stm32f0xx_hal_i2c.o
HAL_I2C_Master_Receive                            Drivers\STM32F0xx_HAL_Driver\Src\stm32f0xx_hal_i2c.o
HAL_I2C_Master_Receive_DMA                        Drivers\STM32F0xx_HAL_Driver\Src\stm32f0xx_hal_i2c.o
HAL_I2C_Master_Receive_IT                         Drivers\STM32F0xx_HAL_Driver\Src\stm32f0xx_hal_i2c.o
HAL_I2C_Master_Sequential_Receive_IT              Drivers\STM32F0xx_HAL_Driver\Src\stm32f0xx_hal_i2c.o
HAL_I2C_Master_Sequential_Transmit_IT             Drivers\STM32F0xx_HAL_Driver\Src\stm32f0xx_hal_i2c.o
HAL_I2C_Master_Transmit                           Drivers\STM32F0xx_HAL_Driver\Src\stm32f0xx_hal_i2c.o
HAL_I2C_Master_Transmit_DMA                       Drivers\STM32F0xx_HAL_Driver\Src\stm32f0xx_hal_i2c.o
HAL_I2C_Master_Transmit_IT                        Drivers\STM32F0xx_HAL_Driver\Src\stm32f0xx_hal_i2c.o
HAL_I2C_MemRxCpltCallback                         Drivers\STM32F0xx_HAL_Driver\Src\stm32f0xx_hal_i2c.o
HAL_I2C_MemTxCpltCallback                         Drivers\STM32F0xx_HAL_Driver\Src\stm32f0xx_hal_i2c.o
HAL_I2C_Mem_Read                                  Drivers\STM32F0xx_HAL_Driver\Src\stm32f0xx_hal_i2c.o
HAL_I2C_Mem_Read_DMA                              Drivers\STM32F0xx_HAL_Driver\Src\stm32f0xx_hal_i2c.o
HAL_I2C_Mem_Read_IT                               Drivers\STM32F0xx_HAL_Driver\Src\stm32f0xx_hal_i2c.o
HAL_I2C_Mem_Write                                 Drivers\STM32F0xx_HAL_Driver\Src\stm32f0xx_hal_i2c.o
HAL_I2C_Mem_Write_DMA                             Drivers\STM32F0xx_HAL_Driver\Src\stm32f0xx_hal_i2c.o
HAL_I2C_Mem_Write_IT                              Drivers\STM32F0xx_HAL_Driver\Src\stm32f0xx_hal_i2c.o
HAL_I2C_MspDeInit                                 Drivers\STM32F0xx_HAL_Driver\Src\stm32f0xx_hal_i2c.o
HAL_I2C_MspInit                                   Drivers\STM32F0xx_HAL_Driver\Src\stm32f0xx_hal_i2c.o
HAL_I2C_SlaveRxCpltCallback                       Drivers\STM32F0xx_HAL_Driver\Src\stm32f0xx_hal_i2c.o
HAL_I2C_SlaveTxCpltCallback                       Drivers\STM32F0xx_HAL_Driver\Src\stm32f0xx_hal_i2c.o
HAL_I2C_Slave_Receive                             Drivers\STM32F0xx_HAL_Driver\Src\stm32f0xx_hal_i2c.o
HAL_I2C_Slave_Receive_DMA                         Drivers\STM32F0xx_HAL_Driver\Src\stm32f0xx_hal_i2c.o
HAL_I2C_Slave_Receive_IT                          Drivers\STM32F0xx_HAL_Driver\Src\stm32f0xx_hal_i2c.o
HAL_I2C_Slave_Sequential_Receive_IT               Drivers\STM32F0xx_HAL_Driver\Src\stm32f0xx_hal_i2c.o
HAL_I2C_Slave_Sequential_Transmit_IT              Drivers\STM32F0xx_HAL_Driver\Src\stm32f0xx_hal_i2c.o
HAL_I2C_Slave_Transmit                            Drivers\STM32F0xx_HAL_Driver\Src\stm32f0xx_hal_i2c.o
HAL_I2C_Slave_Transmit_DMA                        Drivers\STM32F0xx_HAL_Driver\Src\stm32f0xx_hal_i2c.o
HAL_I2C_Slave_Transmit_IT                         Drivers\STM32F0xx_HAL_Driver\Src\stm32f0xx_hal_i2c.o
HAL_IncTick                                       Drivers\STM32F0xx_HAL_Driver\Src\stm32f0xx_hal.o
                                                  Src\stm32f0xx_it.o
HAL_Init                                          Drivers\STM32F0xx_HAL_Driver\Src\stm32f0xx_hal.o
                                                  Src\main.o
HAL_InitTick                                      Drivers\STM32F0xx_HAL_Driver\Src\stm32f0xx_hal.o
                                                  Drivers\STM32F0xx_HAL_Driver\Src\stm32f0xx_hal_rcc.o
HAL_LIN_Init                                      Drivers\STM32F0xx_HAL_Driver\Src\stm32f0xx_hal_uart_ex.o
HAL_LIN_SendBreak                                 Drivers\STM32F0xx_HAL_Driver\Src\stm32f0xx_hal_uart_ex.o
HAL_MspDeInit                                     Drivers\STM32F0xx_HAL_Driver\Src\stm32f0xx_hal.o
HAL_MspInit                                       Src\stm32f0xx_hal_msp.o
                                                  Drivers\STM32F0xx_HAL_Driver\Src\stm32f0xx_hal.o
HAL_MultiProcessorEx_AddressLength_Set            Drivers\STM32F0xx_HAL_Driver\Src\stm32f0xx_hal_uart_ex.o
HAL_MultiProcessor_DisableMuteMode                Drivers\STM32F0xx_HAL_Driver\Src\stm32f0xx_hal_uart.o
HAL_MultiProcessor_EnableMuteMode                 Drivers\STM32F0xx_HAL_Driver\Src\stm32f0xx_hal_uart.o
HAL_MultiProcessor_EnterMuteMode                  Drivers\STM32F0xx_HAL_Driver\Src\stm32f0xx_hal_uart.o
HAL_MultiProcessor_Init                           Drivers\STM32F0xx_HAL_Driver\Src\stm32f0xx_hal_uart.o
HAL_NVIC_ClearPendingIRQ                          Drivers\STM32F0xx_HAL_Driver\Src\stm32f0xx_hal_cortex.o
HAL_NVIC_DisableIRQ                               Drivers\STM32F0xx_HAL_Driver\Src\stm32f0xx_hal_cortex.o
                                                  Src\stm32f0xx_hal_msp.o
HAL_NVIC_EnableIRQ                                Drivers\STM32F0xx_HAL_Driver\Src\stm32f0xx_hal_cortex.o
                                                  Src\stm32f0xx_hal_msp.o
HAL_NVIC_GetPendingIRQ                            Drivers\STM32F0xx_HAL_Driver\Src\stm32f0xx_hal_cortex.o
HAL_NVIC_GetPriority                              Drivers\STM32F0xx_HAL_Driver\Src\stm32f0xx_hal_cortex.o
HAL_NVIC_SetPendingIRQ                            Drivers\STM32F0xx_HAL_Driver\Src\stm32f0xx_hal_cortex.o
HAL_NVIC_SetPriority                              Drivers\STM32F0xx_HAL_Driver\Src\stm32f0xx_hal_cortex.o
                                                  Src\stm32f0xx_hal_msp.o
                                                  Drivers\STM32F0xx_HAL_Driver\Src\stm32f0xx_hal.o
HAL_NVIC_SystemReset                              Drivers\STM32F0xx_HAL_Driver\Src\stm32f0xx_hal_cortex.o
HAL_PWREx_DisableVddio2Monitor                    Drivers\STM32F0xx_HAL_Driver\Src\stm32f0xx_hal_pwr_ex.o
HAL_PWREx_EnableVddio2Monitor                     Drivers\STM32F0xx_HAL_Driver\Src\stm32f0xx_hal_pwr_ex.o
HAL_PWREx_Vddio2MonitorCallback                   Drivers\STM32F0xx_HAL_Driver\Src\stm32f0xx_hal_pwr_ex.o
HAL_PWREx_Vddio2Monitor_IRQHandler                Drivers\STM32F0xx_HAL_Driver\Src\stm32f0xx_hal_pwr_ex.o
HAL_PWR_ConfigPVD                                 Drivers\STM32F0xx_HAL_Driver\Src\stm32f0xx_hal_pwr_ex.o
HAL_PWR_DeInit                                    Drivers\STM32F0xx_HAL_Driver\Src\stm32f0xx_hal_pwr.o
HAL_PWR_DisableBkUpAccess                         Drivers\STM32F0xx_HAL_Driver\Src\stm32f0xx_hal_pwr.o
HAL_PWR_DisablePVD                                Drivers\STM32F0xx_HAL_Driver\Src\stm32f0xx_hal_pwr_ex.o
HAL_PWR_DisableSEVOnPend                          Drivers\STM32F0xx_HAL_Driver\Src\stm32f0xx_hal_pwr.o
HAL_PWR_DisableSleepOnExit                        Drivers\STM32F0xx_HAL_Driver\Src\stm32f0xx_hal_pwr.o
HAL_PWR_DisableWakeUpPin                          Drivers\STM32F0xx_HAL_Driver\Src\stm32f0xx_hal_pwr.o
HAL_PWR_EnableBkUpAccess                          Drivers\STM32F0xx_HAL_Driver\Src\stm32f0xx_hal_pwr.o
HAL_PWR_EnablePVD                                 Drivers\STM32F0xx_HAL_Driver\Src\stm32f0xx_hal_pwr_ex.o
HAL_PWR_EnableSEVOnPend                           Drivers\STM32F0xx_HAL_Driver\Src\stm32f0xx_hal_pwr.o
HAL_PWR_EnableSleepOnExit                         Drivers\STM32F0xx_HAL_Driver\Src\stm32f0xx_hal_pwr.o
HAL_PWR_EnableWakeUpPin                           Drivers\STM32F0xx_HAL_Driver\Src\stm32f0xx_hal_pwr.o
HAL_PWR_EnterSLEEPMode                            Drivers\STM32F0xx_HAL_Driver\Src\stm32f0xx_hal_pwr.o
HAL_PWR_EnterSTANDBYMode                          Drivers\STM32F0xx_HAL_Driver\Src\stm32f0xx_hal_pwr.o
HAL_PWR_EnterSTOPMode                             Drivers\STM32F0xx_HAL_Driver\Src\stm32f0xx_hal_pwr.o
HAL_PWR_PVDCallback                               Drivers\STM32F0xx_HAL_Driver\Src\stm32f0xx_hal_pwr_ex.o
HAL_PWR_PVD_IRQHandler                            Drivers\STM32F0xx_HAL_Driver\Src\stm32f0xx_hal_pwr_ex.o
HAL_RCCEx_CRSConfig                               Drivers\STM32F0xx_HAL_Driver\Src\stm32f0xx_hal_rcc_ex.o
HAL_RCCEx_CRSGetSynchronizationInfo               Drivers\STM32F0xx_HAL_Driver\Src\stm32f0xx_hal_rcc_ex.o
HAL_RCCEx_CRSSoftwareSynchronizationGenerate      Drivers\STM32F0xx_HAL_Driver\Src\stm32f0xx_hal_rcc_ex.o
HAL_RCCEx_CRSWaitSynchronization                  Drivers\STM32F0xx_HAL_Driver\Src\stm32f0xx_hal_rcc_ex.o
HAL_RCCEx_CRS_ErrorCallback                       Drivers\STM32F0xx_HAL_Driver\Src\stm32f0xx_hal_rcc_ex.o
HAL_RCCEx_CRS_ExpectedSyncCallback                Drivers\STM32F0xx_HAL_Driver\Src\stm32f0xx_hal_rcc_ex.o
HAL_RCCEx_CRS_IRQHandler                          Drivers\STM32F0xx_HAL_Driver\Src\stm32f0xx_hal_rcc_ex.o
HAL_RCCEx_CRS_SyncOkCallback                      Drivers\STM32F0xx_HAL_Driver\Src\stm32f0xx_hal_rcc_ex.o
HAL_RCCEx_CRS_SyncWarnCallback                    Drivers\STM32F0xx_HAL_Driver\Src\stm32f0xx_hal_rcc_ex.o
HAL_RCCEx_GetPeriphCLKConfig                      Drivers\STM32F0xx_HAL_Driver\Src\stm32f0xx_hal_rcc_ex.o
HAL_RCCEx_GetPeriphCLKFreq                        Drivers\STM32F0xx_HAL_Driver\Src\stm32f0xx_hal_rcc_ex.o
HAL_RCCEx_PeriphCLKConfig                         Drivers\STM32F0xx_HAL_Driver\Src\stm32f0xx_hal_rcc_ex.o
                                                  Src\main.o
HAL_RCC_CSSCallback                               Drivers\STM32F0xx_HAL_Driver\Src\stm32f0xx_hal_rcc.o
HAL_RCC_ClockConfig                               Drivers\STM32F0xx_HAL_Driver\Src\stm32f0xx_hal_rcc.o
                                                  Src\main.o
HAL_RCC_DeInit                                    Drivers\STM32F0xx_HAL_Driver\Src\stm32f0xx_hal_rcc.o
HAL_RCC_DisableCSS                                Drivers\STM32F0xx_HAL_Driver\Src\stm32f0xx_hal_rcc.o
HAL_RCC_EnableCSS                                 Drivers\STM32F0xx_HAL_Driver\Src\stm32f0xx_hal_rcc.o
HAL_RCC_GetClockConfig                            Drivers\STM32F0xx_HAL_Driver\Src\stm32f0xx_hal_rcc.o
HAL_RCC_GetHCLKFreq                               Drivers\STM32F0xx_HAL_Driver\Src\stm32f0xx_hal_rcc.o
                                                  Drivers\STM32F0xx_HAL_Driver\Src\stm32f0xx_hal.o
HAL_RCC_GetOscConfig                              Drivers\STM32F0xx_HAL_Driver\Src\stm32f0xx_hal_rcc.o
                                                  Src\stm32f0xx_hal_msp.o
HAL_RCC_GetPCLK1Freq                              Drivers\STM32F0xx_HAL_Driver\Src\stm32f0xx_hal_rcc.o
                                                  Drivers\STM32F0xx_HAL_Driver\Src\stm32f0xx_hal_uart.o
                                                  Drivers\STM32F0xx_HAL_Driver\Src\stm32f0xx_hal_rcc_ex.o
HAL_RCC_GetSysClockFreq                           Drivers\STM32F0xx_HAL_Driver\Src\stm32f0xx_hal_rcc.o
                                                  Drivers\STM32F0xx_HAL_Driver\Src\stm32f0xx_hal_uart.o
                                                  Drivers\STM32F0xx_HAL_Driver\Src\stm32f0xx_hal_rcc_ex.o
HAL_RCC_MCOConfig                                 Drivers\STM32F0xx_HAL_Driver\Src\stm32f0xx_hal_rcc.o
HAL_RCC_NMI_IRQHandler                            Drivers\STM32F0xx_HAL_Driver\Src\stm32f0xx_hal_rcc.o
HAL_RCC_OscConfig                                 Drivers\STM32F0xx_HAL_Driver\Src\stm32f0xx_hal_rcc.o
                                                  Src\stm32f0xx_hal_msp.o
                                                  Src\main.o
HAL_RS485Ex_Init                                  Drivers\STM32F0xx_HAL_Driver\Src\stm32f0xx_hal_uart_ex.o
HAL_ResumeTick                                    Drivers\STM32F0xx_HAL_Driver\Src\stm32f0xx_hal.o
HAL_SYSTICK_CLKSourceConfig                       Drivers\STM32F0xx_HAL_Driver\Src\stm32f0xx_hal_cortex.o
HAL_SYSTICK_Callback                              Drivers\STM32F0xx_HAL_Driver\Src\stm32f0xx_hal_cortex.o
HAL_SYSTICK_Config                                Drivers\STM32F0xx_HAL_Driver\Src\stm32f0xx_hal_cortex.o
                                                  Drivers\STM32F0xx_HAL_Driver\Src\stm32f0xx_hal.o
HAL_SYSTICK_IRQHandler                            Drivers\STM32F0xx_HAL_Driver\Src\stm32f0xx_hal_cortex.o
HAL_SuspendTick                                   Drivers\STM32F0xx_HAL_Driver\Src\stm32f0xx_hal.o
HAL_UARTEx_DisableStopMode                        Drivers\STM32F0xx_HAL_Driver\Src\stm32f0xx_hal_uart_ex.o
HAL_UARTEx_EnableStopMode                         Drivers\STM32F0xx_HAL_Driver\Src\stm32f0xx_hal_uart_ex.o
HAL_UARTEx_StopModeWakeUpSourceConfig             Drivers\STM32F0xx_HAL_Driver\Src\stm32f0xx_hal_uart_ex.o
HAL_UARTEx_WakeupCallback                         Drivers\STM32F0xx_HAL_Driver\Src\stm32f0xx_hal_uart_ex.o
                                                  Drivers\STM32F0xx_HAL_Driver\Src\stm32f0xx_hal_uart.o
HAL_UART_Abort                                    Drivers\STM32F0xx_HAL_Driver\Src\stm32f0xx_hal_uart.o
HAL_UART_AbortCpltCallback                        Drivers\STM32F0xx_HAL_Driver\Src\stm32f0xx_hal_uart.o
HAL_UART_AbortReceive                             Drivers\STM32F0xx_HAL_Driver\Src\stm32f0xx_hal_uart.o
HAL_UART_AbortReceiveCpltCallback                 Drivers\STM32F0xx_HAL_Driver\Src\stm32f0xx_hal_uart.o
HAL_UART_AbortReceive_IT                          Drivers\STM32F0xx_HAL_Driver\Src\stm32f0xx_hal_uart.o
HAL_UART_AbortTransmit                            Drivers\STM32F0xx_HAL_Driver\Src\stm32f0xx_hal_uart.o
HAL_UART_AbortTransmitCpltCallback                Drivers\STM32F0xx_HAL_Driver\Src\stm32f0xx_hal_uart.o
HAL_UART_AbortTransmit_IT                         Drivers\STM32F0xx_HAL_Driver\Src\stm32f0xx_hal_uart.o
HAL_UART_Abort_IT                                 Drivers\STM32F0xx_HAL_Driver\Src\stm32f0xx_hal_uart.o
HAL_UART_DMAPause                                 Drivers\STM32F0xx_HAL_Driver\Src\stm32f0xx_hal_uart.o
HAL_UART_DMAResume                                Drivers\STM32F0xx_HAL_Driver\Src\stm32f0xx_hal_uart.o
HAL_UART_DMAStop                                  Drivers\STM32F0xx_HAL_Driver\Src\stm32f0xx_hal_uart.o
HAL_UART_DeInit                                   Drivers\STM32F0xx_HAL_Driver\Src\stm32f0xx_hal_uart.o
HAL_UART_ErrorCallback                            Drivers\STM32F0xx_HAL_Driver\Src\stm32f0xx_hal_uart.o
HAL_UART_GetError                                 Drivers\STM32F0xx_HAL_Driver\Src\stm32f0xx_hal_uart.o
HAL_UART_GetState                                 Drivers\STM32F0xx_HAL_Driver\Src\stm32f0xx_hal_uart.o
HAL_UART_IRQHandler                               Drivers\STM32F0xx_HAL_Driver\Src\stm32f0xx_hal_uart.o
HAL_UART_Init                                     Drivers\STM32F0xx_HAL_Driver\Src\stm32f0xx_hal_uart.o
                                                  Src\main.o
HAL_UART_MspDeInit                                Src\stm32f0xx_hal_msp.o
                                                  Drivers\STM32F0xx_HAL_Driver\Src\stm32f0xx_hal_uart.o
HAL_UART_MspInit                                  Src\stm32f0xx_hal_msp.o
                                                  Drivers\STM32F0xx_HAL_Driver\Src\stm32f0xx_hal_uart.o
                                                  Drivers\STM32F0xx_HAL_Driver\Src\stm32f0xx_hal_uart_ex.o
HAL_UART_Receive                                  Drivers\STM32F0xx_HAL_Driver\Src\stm32f0xx_hal_uart.o
HAL_UART_Receive_DMA                              Drivers\STM32F0xx_HAL_Driver\Src\stm32f0xx_hal_uart.o
HAL_UART_Receive_IT                               Drivers\STM32F0xx_HAL_Driver\Src\stm32f0xx_hal_uart.o
HAL_UART_RxCpltCallback                           Drivers\STM32F0xx_HAL_Driver\Src\stm32f0xx_hal_uart.o
HAL_UART_RxHalfCpltCallback                       Drivers\STM32F0xx_HAL_Driver\Src\stm32f0xx_hal_uart.o
HAL_UART_Transmit                                 Drivers\STM32F0xx_HAL_Driver\Src\stm32f0xx_hal_uart.o
HAL_UART_Transmit_DMA                             Drivers\STM32F0xx_HAL_Driver\Src\stm32f0xx_hal_uart.o
HAL_UART_Transmit_IT                              Drivers\STM32F0xx_HAL_Driver\Src\stm32f0xx_hal_uart.o
HAL_UART_TxCpltCallback                           Drivers\STM32F0xx_HAL_Driver\Src\stm32f0xx_hal_uart.o
HAL_UART_TxHalfCpltCallback                       Drivers\STM32F0xx_HAL_Driver\Src\stm32f0xx_hal_uart.o
HardFault_Handler                                 Src\stm32f0xx_it.o
I2C1_IRQHandler                                   startup\startup_stm32f091xc.o
I2C2_IRQHandler                                   startup\startup_stm32f091xc.o
NMI_Handler                                       Src\stm32f0xx_it.o
PVD_VDDIO2_IRQHandler                             startup\startup_stm32f091xc.o
PendSV_Handler                                    Src\stm32f0xx_it.o
RCC_CRS_IRQHandler                                startup\startup_stm32f091xc.o
RTC_IRQHandler                                    startup\startup_stm32f091xc.o
Reset_Handler                                     startup\startup_stm32f091xc.o
SPI1_IRQHandler                                   startup\startup_stm32f091xc.o
SPI2_IRQHandler                                   startup\startup_stm32f091xc.o
SVC_Handler                                       Src\stm32f0xx_it.o
SysTick_Handler                                   Src\stm32f0xx_it.o
SystemClock_Config                                Src\main.o
SystemCoreClock                                   Src\system_stm32f0xx.o
                                                  Drivers\STM32F0xx_HAL_Driver\Src\stm32f0xx_hal_rcc.o
                                                  Drivers\STM32F0xx_HAL_Driver\Src\stm32f0xx_hal_adc.o
SystemCoreClockUpdate                             Src\system_stm32f0xx.o
SystemInit                                        Src\system_stm32f0xx.o
                                                  startup\startup_stm32f091xc.o
TIM14_IRQHandler                                  startup\startup_stm32f091xc.o
TIM15_IRQHandler                                  startup\startup_stm32f091xc.o
TIM16_IRQHandler                                  startup\startup_stm32f091xc.o
TIM17_IRQHandler                                  startup\startup_stm32f091xc.o
TIM1_BRK_UP_TRG_COM_IRQHandler                    startup\startup_stm32f091xc.o
TIM1_CC_IRQHandler                                startup\startup_stm32f091xc.o
TIM2_IRQHandler                                   startup\startup_stm32f091xc.o
TIM3_IRQHandler                                   startup\startup_stm32f091xc.o
TIM6_DAC_IRQHandler                               startup\startup_stm32f091xc.o
TIM7_IRQHandler                                   startup\startup_stm32f091xc.o
TSC_IRQHandler                                    startup\startup_stm32f091xc.o
UART_AdvFeatureConfig                             Drivers\STM32F0xx_HAL_Driver\Src\stm32f0xx_hal_uart.o
                                                  Drivers\STM32F0xx_HAL_Driver\Src\stm32f0xx_hal_uart_ex.o
UART_CheckIdleState                               Drivers\STM32F0xx_HAL_Driver\Src\stm32f0xx_hal_uart.o
                                                  Drivers\STM32F0xx_HAL_Driver\Src\stm32f0xx_hal_uart_ex.o
UART_EndTransmit_IT                               Drivers\STM32F0xx_HAL_Driver\Src\stm32f0xx_hal_uart.o
UART_Receive_IT                                   Drivers\STM32F0xx_HAL_Driver\Src\stm32f0xx_hal_uart.o
UART_SetConfig                                    Drivers\STM32F0xx_HAL_Driver\Src\stm32f0xx_hal_uart.o
                                                  Drivers\STM32F0xx_HAL_Driver\Src\stm32f0xx_hal_uart_ex.o
UART_Transmit_IT                                  Drivers\STM32F0xx_HAL_Driver\Src\stm32f0xx_hal_uart.o
UART_WaitOnFlagUntilTimeout                       Drivers\STM32F0xx_HAL_Driver\Src\stm32f0xx_hal_uart.o
                                                  Drivers\STM32F0xx_HAL_Driver\Src\stm32f0xx_hal_uart_ex.o
USART1_IRQHandler                                 startup\startup_stm32f091xc.o
USART2_IRQHandler                                 startup\startup_stm32f091xc.o
USART3_8_IRQHandler                               startup\startup_stm32f091xc.o
WWDG_IRQHandler                                   startup\startup_stm32f091xc.o
__aeabi_ddiv                                      c:/program files (x86)/atollic/truestudio for stm32 9.0.1/armtools/bin/../lib/gcc/arm-atollic-eabi/6.3.1/armv6-m\libgcc.a(divdf3.o)
                                                  Src\main.o
__aeabi_dmul                                      c:/program files (x86)/atollic/truestudio for stm32 9.0.1/armtools/bin/../lib/gcc/arm-atollic-eabi/6.3.1/armv6-m\libgcc.a(muldf3.o)
                                                  Src\main.o
__aeabi_idiv0                                     c:/program files (x86)/atollic/truestudio for stm32 9.0.1/armtools/bin/../lib/gcc/arm-atollic-eabi/6.3.1/armv6-m\libgcc.a(_dvmd_tls.o)
                                                  c:/program files (x86)/atollic/truestudio for stm32 9.0.1/armtools/bin/../lib/gcc/arm-atollic-eabi/6.3.1/armv6-m\libgcc.a(_udivsi3.o)
__aeabi_ldiv0                                     c:/program files (x86)/atollic/truestudio for stm32 9.0.1/armtools/bin/../lib/gcc/arm-atollic-eabi/6.3.1/armv6-m\libgcc.a(_dvmd_tls.o)
__aeabi_ui2d                                      c:/program files (x86)/atollic/truestudio for stm32 9.0.1/armtools/bin/../lib/gcc/arm-atollic-eabi/6.3.1/armv6-m\libgcc.a(floatunsidf.o)
                                                  Src\main.o
__aeabi_uidiv                                     c:/program files (x86)/atollic/truestudio for stm32 9.0.1/armtools/bin/../lib/gcc/arm-atollic-eabi/6.3.1/armv6-m\libgcc.a(_udivsi3.o)
                                                  c:/program files (x86)/atollic/truestudio for stm32 9.0.1/armtools/bin/../lib/gcc/arm-atollic-eabi/6.3.1/armv6-m\libgcc.a(divdf3.o)
                                                  Src\system_stm32f0xx.o
                                                  Drivers\STM32F0xx_HAL_Driver\Src\stm32f0xx_hal_uart.o
                                                  Drivers\STM32F0xx_HAL_Driver\Src\stm32f0xx_hal_rcc.o
                                                  Drivers\STM32F0xx_HAL_Driver\Src\stm32f0xx_hal_dma.o
                                                  Drivers\STM32F0xx_HAL_Driver\Src\stm32f0xx_hal_adc.o
                                                  Drivers\STM32F0xx_HAL_Driver\Src\stm32f0xx_hal.o
__aeabi_uidivmod                                  c:/program files (x86)/atollic/truestudio for stm32 9.0.1/armtools/bin/../lib/gcc/arm-atollic-eabi/6.3.1/armv6-m\libgcc.a(_udivsi3.o)
                                                  c:/program files (x86)/atollic/truestudio for stm32 9.0.1/armtools/bin/../lib/gcc/arm-atollic-eabi/6.3.1/armv6-m\libgcc.a(divdf3.o)
__clzsi2                                          c:/program files (x86)/atollic/truestudio for stm32 9.0.1/armtools/bin/../lib/gcc/arm-atollic-eabi/6.3.1/armv6-m\libgcc.a(_clzsi2.o)
                                                  c:/program files (x86)/atollic/truestudio for stm32 9.0.1/armtools/bin/../lib/gcc/arm-atollic-eabi/6.3.1/armv6-m\libgcc.a(floatunsidf.o)
                                                  c:/program files (x86)/atollic/truestudio for stm32 9.0.1/armtools/bin/../lib/gcc/arm-atollic-eabi/6.3.1/armv6-m\libgcc.a(muldf3.o)
                                                  c:/program files (x86)/atollic/truestudio for stm32 9.0.1/armtools/bin/../lib/gcc/arm-atollic-eabi/6.3.1/armv6-m\libgcc.a(divdf3.o)
__deregister_frame_info                           c:/program files (x86)/atollic/truestudio for stm32 9.0.1/armtools/bin/../lib/gcc/arm-atollic-eabi/6.3.1/armv6-m/crtbegin.o
__dso_handle                                      c:/program files (x86)/atollic/truestudio for stm32 9.0.1/armtools/bin/../lib/gcc/arm-atollic-eabi/6.3.1/armv6-m/crtbegin.o
__env                                             syscalls.o
__errno                                           c:/program files (x86)/atollic/truestudio for stm32 9.0.1/armtools/bin/../lib/gcc/arm-atollic-eabi/6.3.1/../../../../arm-atollic-eabi/lib/armv6-m\libc.a(lib_a-errno.o)
                                                  syscalls.o
__init_array_end                                  c:/program files (x86)/atollic/truestudio for stm32 9.0.1/armtools/bin/../lib/gcc/arm-atollic-eabi/6.3.1/../../../../arm-atollic-eabi/lib/armv6-m\libc.a(lib_a-init.o)
__init_array_start                                c:/program files (x86)/atollic/truestudio for stm32 9.0.1/armtools/bin/../lib/gcc/arm-atollic-eabi/6.3.1/../../../../arm-atollic-eabi/lib/armv6-m\libc.a(lib_a-init.o)
__io_getchar                                      syscalls.o
__io_putchar                                      syscalls.o
__libc_init_array                                 c:/program files (x86)/atollic/truestudio for stm32 9.0.1/armtools/bin/../lib/gcc/arm-atollic-eabi/6.3.1/../../../../arm-atollic-eabi/lib/armv6-m\libc.a(lib_a-init.o)
                                                  startup\startup_stm32f091xc.o
__preinit_array_end                               c:/program files (x86)/atollic/truestudio for stm32 9.0.1/armtools/bin/../lib/gcc/arm-atollic-eabi/6.3.1/../../../../arm-atollic-eabi/lib/armv6-m\libc.a(lib_a-init.o)
__preinit_array_start                             c:/program files (x86)/atollic/truestudio for stm32 9.0.1/armtools/bin/../lib/gcc/arm-atollic-eabi/6.3.1/../../../../arm-atollic-eabi/lib/armv6-m\libc.a(lib_a-init.o)
__register_frame_info                             c:/program files (x86)/atollic/truestudio for stm32 9.0.1/armtools/bin/../lib/gcc/arm-atollic-eabi/6.3.1/armv6-m/crtbegin.o
__sf_fake_stderr                                  c:/program files (x86)/atollic/truestudio for stm32 9.0.1/armtools/bin/../lib/gcc/arm-atollic-eabi/6.3.1/../../../../arm-atollic-eabi/lib/armv6-m\libc.a(lib_a-impure.o)
__sf_fake_stdin                                   c:/program files (x86)/atollic/truestudio for stm32 9.0.1/armtools/bin/../lib/gcc/arm-atollic-eabi/6.3.1/../../../../arm-atollic-eabi/lib/armv6-m\libc.a(lib_a-impure.o)
__sf_fake_stdout                                  c:/program files (x86)/atollic/truestudio for stm32 9.0.1/armtools/bin/../lib/gcc/arm-atollic-eabi/6.3.1/../../../../arm-atollic-eabi/lib/armv6-m\libc.a(lib_a-impure.o)
__udivsi3                                         c:/program files (x86)/atollic/truestudio for stm32 9.0.1/armtools/bin/../lib/gcc/arm-atollic-eabi/6.3.1/armv6-m\libgcc.a(_udivsi3.o)
_close                                            syscalls.o
_delay                                            Src\main.o
_ebss                                             startup\startup_stm32f091xc.o
_edata                                            startup\startup_stm32f091xc.o
_estack                                           startup\startup_stm32f091xc.o
_execve                                           syscalls.o
_exit                                             syscalls.o
_fini                                             c:/program files (x86)/atollic/truestudio for stm32 9.0.1/armtools/bin/../lib/gcc/arm-atollic-eabi/6.3.1/armv6-m/crti.o
_fork                                             syscalls.o
_fstat                                            syscalls.o
_getpid                                           syscalls.o
_global_impure_ptr                                c:/program files (x86)/atollic/truestudio for stm32 9.0.1/armtools/bin/../lib/gcc/arm-atollic-eabi/6.3.1/../../../../arm-atollic-eabi/lib/armv6-m\libc.a(lib_a-impure.o)
_impure_ptr                                       c:/program files (x86)/atollic/truestudio for stm32 9.0.1/armtools/bin/../lib/gcc/arm-atollic-eabi/6.3.1/../../../../arm-atollic-eabi/lib/armv6-m\libc.a(lib_a-impure.o)
                                                  c:/program files (x86)/atollic/truestudio for stm32 9.0.1/armtools/bin/../lib/gcc/arm-atollic-eabi/6.3.1/../../../../arm-atollic-eabi/lib/armv6-m\libc.a(lib_a-errno.o)
_init                                             c:/program files (x86)/atollic/truestudio for stm32 9.0.1/armtools/bin/../lib/gcc/arm-atollic-eabi/6.3.1/armv6-m/crti.o
                                                  c:/program files (x86)/atollic/truestudio for stm32 9.0.1/armtools/bin/../lib/gcc/arm-atollic-eabi/6.3.1/../../../../arm-atollic-eabi/lib/armv6-m\libc.a(lib_a-init.o)
_isatty                                           syscalls.o
_kill                                             syscalls.o
_link                                             syscalls.o
_lseek                                            syscalls.o
_open                                             syscalls.o
_read                                             syscalls.o
_sbrk                                             syscalls.o
_sbss                                             startup\startup_stm32f091xc.o
_sdata                                            startup\startup_stm32f091xc.o
_sidata                                           startup\startup_stm32f091xc.o
_stat                                             syscalls.o
_times                                            syscalls.o
_unlink                                           syscalls.o
_wait                                             syscalls.o
_write                                            syscalls.o
adc_channels                                      Src\main.o
                                                  Src\stm32f0xx_hal_msp.o
adc_getChannelConfig                              Src\main.o
                                                  Src\stm32f0xx_hal_msp.o
adc_getVoltage                                    Src\main.o
adc_vals                                          Src\main.o
end                                               syscalls.o
environ                                           syscalls.o
g_pfnVectors                                      startup\startup_stm32f091xc.o
hadc                                              Src\main.o
                                                  Src\stm32f0xx_it.o
huart2                                            Src\main.o
initialise_monitor_handles                        syscalls.o
main                                              Src\main.o
                                                  startup\startup_stm32f091xc.o
memset                                            c:/program files (x86)/atollic/truestudio for stm32 9.0.1/armtools/bin/../lib/gcc/arm-atollic-eabi/6.3.1/../../../../arm-atollic-eabi/lib/armv6-m\libc.a(lib_a-memset.o)
                                                  Src\stm32f0xx_hal_msp.o
                                                  Src\main.o
pFlash                                            Drivers\STM32F0xx_HAL_Driver\Src\stm32f0xx_hal_flash.o
                                                  Drivers\STM32F0xx_HAL_Driver\Src\stm32f0xx_hal_flash_ex.o
result                                            Src\main.o
uwTick                                            Drivers\STM32F0xx_HAL_Driver\Src\stm32f0xx_hal.o
vals                                              Src\main.o
volt_vals                                         Src\main.o
