Archive member included to satisfy reference by file (symbol)

c:/program files (x86)/atollic/truestudio for stm32 9.0.1/armtools/bin/../lib/gcc/arm-atollic-eabi/6.3.1/../../../../arm-atollic-eabi/lib/armv6-m\libc.a(lib_a-init.o)
                              src\startup_stm32f091xc.o (__libc_init_array)
c:/program files (x86)/atollic/truestudio for stm32 9.0.1/armtools/bin/../lib/gcc/arm-atollic-eabi/6.3.1/../../../../arm-atollic-eabi/lib/armv6-m\libc.a(lib_a-strlen.o)
                              src\tiny_printf.o (strlen)
c:/program files (x86)/atollic/truestudio for stm32 9.0.1/armtools/bin/../lib/gcc/arm-atollic-eabi/6.3.1/armv6-m\libgcc.a(_udivsi3.o)
                              Drivers\CMSIS\Device\ST\STM32F0xx\Source\Templates\system_stm32f0xx.o (__aeabi_uidiv)
c:/program files (x86)/atollic/truestudio for stm32 9.0.1/armtools/bin/../lib/gcc/arm-atollic-eabi/6.3.1/armv6-m\libgcc.a(_divsi3.o)
                              src\tiny_printf.o (__aeabi_idiv)
c:/program files (x86)/atollic/truestudio for stm32 9.0.1/armtools/bin/../lib/gcc/arm-atollic-eabi/6.3.1/armv6-m\libgcc.a(_dvmd_tls.o)
                              c:/program files (x86)/atollic/truestudio for stm32 9.0.1/armtools/bin/../lib/gcc/arm-atollic-eabi/6.3.1/armv6-m\libgcc.a(_udivsi3.o) (__aeabi_idiv0)
c:/program files (x86)/atollic/truestudio for stm32 9.0.1/armtools/bin/../lib/gcc/arm-atollic-eabi/6.3.1/../../../../arm-atollic-eabi/lib/armv6-m\libnosys.a(write.o)
                              src\tiny_printf.o (_write)
c:/program files (x86)/atollic/truestudio for stm32 9.0.1/armtools/bin/../lib/gcc/arm-atollic-eabi/6.3.1/../../../../arm-atollic-eabi/lib/armv6-m\libnosys.a(errno.o)
                              c:/program files (x86)/atollic/truestudio for stm32 9.0.1/armtools/bin/../lib/gcc/arm-atollic-eabi/6.3.1/../../../../arm-atollic-eabi/lib/armv6-m\libnosys.a(write.o) (errno)

Allocating common symbols
Common symbol       size              file

errno               0x4               c:/program files (x86)/atollic/truestudio for stm32 9.0.1/armtools/bin/../lib/gcc/arm-atollic-eabi/6.3.1/../../../../arm-atollic-eabi/lib/armv6-m\libnosys.a(errno.o)
uwTick              0x4               Drivers\STM32F0xx_HAL_Driver\Src\stm32f0xx_hal.o
pFlash              0x20              Drivers\STM32F0xx_HAL_Driver\Src\stm32f0xx_hal_flash.o

Discarded input sections

 .text          0x00000000        0x0 c:/program files (x86)/atollic/truestudio for stm32 9.0.1/armtools/bin/../lib/gcc/arm-atollic-eabi/6.3.1/armv6-m/crti.o
 .data          0x00000000        0x0 c:/program files (x86)/atollic/truestudio for stm32 9.0.1/armtools/bin/../lib/gcc/arm-atollic-eabi/6.3.1/armv6-m/crti.o
 .bss           0x00000000        0x0 c:/program files (x86)/atollic/truestudio for stm32 9.0.1/armtools/bin/../lib/gcc/arm-atollic-eabi/6.3.1/armv6-m/crti.o
 .data          0x00000000        0x4 c:/program files (x86)/atollic/truestudio for stm32 9.0.1/armtools/bin/../lib/gcc/arm-atollic-eabi/6.3.1/armv6-m/crtbegin.o
 .text          0x00000000        0x0 Drivers\BSP\STM32F0xx-Nucleo\stm32f0xx_nucleo.o
 .data          0x00000000        0x0 Drivers\BSP\STM32F0xx-Nucleo\stm32f0xx_nucleo.o
 .bss           0x00000000        0x0 Drivers\BSP\STM32F0xx-Nucleo\stm32f0xx_nucleo.o
 .data.LED_PORT
                0x00000000        0x4 Drivers\BSP\STM32F0xx-Nucleo\stm32f0xx_nucleo.o
 .rodata.LED_PIN
                0x00000000        0x2 Drivers\BSP\STM32F0xx-Nucleo\stm32f0xx_nucleo.o
 .data.BUTTON_PORT
                0x00000000        0x4 Drivers\BSP\STM32F0xx-Nucleo\stm32f0xx_nucleo.o
 .rodata.BUTTON_PIN
                0x00000000        0x2 Drivers\BSP\STM32F0xx-Nucleo\stm32f0xx_nucleo.o
 .rodata.BUTTON_IRQn
                0x00000000        0x1 Drivers\BSP\STM32F0xx-Nucleo\stm32f0xx_nucleo.o
 .text.BSP_GetVersion
                0x00000000       0x10 Drivers\BSP\STM32F0xx-Nucleo\stm32f0xx_nucleo.o
 .text.BSP_LED_Init
                0x00000000       0x78 Drivers\BSP\STM32F0xx-Nucleo\stm32f0xx_nucleo.o
 .text.BSP_LED_DeInit
                0x00000000       0x50 Drivers\BSP\STM32F0xx-Nucleo\stm32f0xx_nucleo.o
 .text.BSP_LED_On
                0x00000000       0x2c Drivers\BSP\STM32F0xx-Nucleo\stm32f0xx_nucleo.o
 .text.BSP_LED_Off
                0x00000000       0x2c Drivers\BSP\STM32F0xx-Nucleo\stm32f0xx_nucleo.o
 .text.BSP_LED_Toggle
                0x00000000       0x2c Drivers\BSP\STM32F0xx-Nucleo\stm32f0xx_nucleo.o
 .text.BSP_PB_Init
                0x00000000       0xcc Drivers\BSP\STM32F0xx-Nucleo\stm32f0xx_nucleo.o
 .text.BSP_PB_DeInit
                0x00000000       0x48 Drivers\BSP\STM32F0xx-Nucleo\stm32f0xx_nucleo.o
 .text.BSP_PB_GetState
                0x00000000       0x30 Drivers\BSP\STM32F0xx-Nucleo\stm32f0xx_nucleo.o
 .debug_info    0x00000000      0xecc Drivers\BSP\STM32F0xx-Nucleo\stm32f0xx_nucleo.o
 .debug_abbrev  0x00000000      0x24e Drivers\BSP\STM32F0xx-Nucleo\stm32f0xx_nucleo.o
 .debug_aranges
[...]
Memory Configuration

Name             Origin             Length             Attributes
FLASH            0x08000000         0x00040000         xr
RAM              0x20000000         0x00008000         xrw
MEMORY_B1        0x60000000         0x00000000         xr
*default*        0x00000000         0xffffffff

Linker script and memory map

LOAD c:/program files (x86)/atollic/truestudio for stm32 9.0.1/armtools/bin/../lib/gcc/arm-atollic-eabi/6.3.1/armv6-m/crti.o
LOAD c:/program files (x86)/atollic/truestudio for stm32 9.0.1/armtools/bin/../lib/gcc/arm-atollic-eabi/6.3.1/armv6-m/crtbegin.o
LOAD Drivers\BSP\STM32F0xx-Nucleo\stm32f0xx_nucleo.o
LOAD Drivers\CMSIS\Device\ST\STM32F0xx\Source\Templates\system_stm32f0xx.o
LOAD Drivers\STM32F0xx_HAL_Driver\Src\stm32f0xx_hal.o
LOAD Drivers\STM32F0xx_HAL_Driver\Src\stm32f0xx_hal_adc.o
LOAD Drivers\STM32F0xx_HAL_Driver\Src\stm32f0xx_hal_adc_ex.o
LOAD Drivers\STM32F0xx_HAL_Driver\Src\stm32f0xx_hal_can.o
LOAD Drivers\STM32F0xx_HAL_Driver\Src\stm32f0xx_hal_cec.o
LOAD Drivers\STM32F0xx_HAL_Driver\Src\stm32f0xx_hal_comp.o
LOAD Drivers\STM32F0xx_HAL_Driver\Src\stm32f0xx_hal_cortex.o
LOAD Drivers\STM32F0xx_HAL_Driver\Src\stm32f0xx_hal_crc.o
LOAD Drivers\STM32F0xx_HAL_Driver\Src\stm32f0xx_hal_crc_ex.o
LOAD Drivers\STM32F0xx_HAL_Driver\Src\stm32f0xx_hal_dac.o
LOAD Drivers\STM32F0xx_HAL_Driver\Src\stm32f0xx_hal_dac_ex.o
LOAD Drivers\STM32F0xx_HAL_Driver\Src\stm32f0xx_hal_dma.o
LOAD Drivers\STM32F0xx_HAL_Driver\Src\stm32f0xx_hal_flash.o
LOAD Drivers\STM32F0xx_HAL_Driver\Src\stm32f0xx_hal_flash_ex.o
LOAD Drivers\STM32F0xx_HAL_Driver\Src\stm32f0xx_hal_gpio.o
LOAD Drivers\STM32F0xx_HAL_Driver\Src\stm32f0xx_hal_i2c.o
LOAD Drivers\STM32F0xx_HAL_Driver\Src\stm32f0xx_hal_i2c_ex.o
LOAD Drivers\STM32F0xx_HAL_Driver\Src\stm32f0xx_hal_i2s.o
LOAD Drivers\STM32F0xx_HAL_Driver\Src\stm32f0xx_hal_irda.o
LOAD Drivers\STM32F0xx_HAL_Driver\Src\stm32f0xx_hal_iwdg.o
LOAD Drivers\STM32F0xx_HAL_Driver\Src\stm32f0xx_hal_msp_template.o
LOAD Drivers\STM32F0xx_HAL_Driver\Src\stm32f0xx_hal_pcd.o
LOAD Drivers\STM32F0xx_HAL_Driver\Src\stm32f0xx_hal_pcd_ex.o
LOAD Drivers\STM32F0xx_HAL_Driver\Src\stm32f0xx_hal_pwr.o
LOAD Drivers\STM32F0xx_HAL_Driver\Src\stm32f0xx_hal_pwr_ex.o
LOAD Drivers\STM32F0xx_HAL_Driver\Src\stm32f0xx_hal_rcc.o
LOAD Drivers\STM32F0xx_HAL_Driver\Src\stm32f0xx_hal_rcc_ex.o
LOAD Drivers\STM32F0xx_HAL_Driver\Src\stm32f0xx_hal_rtc.o
LOAD Drivers\STM32F0xx_HAL_Driver\Src\stm32f0xx_hal_rtc_ex.o
LOAD Drivers\STM32F0xx_HAL_Driver\Src\stm32f0xx_hal_smartcard.o
LOAD Drivers\STM32F0xx_HAL_Driver\Src\stm32f0xx_hal_smartcard_ex.o
LOAD Drivers\STM32F0xx_HAL_Driver\Src\stm32f0xx_hal_smbus.o
LOAD Drivers\STM32F0xx_HAL_Driver\Src\stm32f0xx_hal_spi.o
LOAD Drivers\STM32F0xx_HAL_Driver\Src\stm32f0xx_hal_spi_ex.o
LOAD Drivers\STM32F0xx_HAL_Driver\Src\stm32f0xx_hal_tim.o
LOAD Drivers\STM32F0xx_HAL_Driver\Src\stm32f0xx_hal_tim_ex.o
LOAD Drivers\STM32F0xx_HAL_Driver\Src\stm32f0xx_hal_tsc.o
LOAD Drivers\STM32F0xx_HAL_Driver\Src\stm32f0xx_hal_uart.o
LOAD Drivers\STM32F0xx_HAL_Driver\Src\stm32f0xx_hal_uart_ex.o
LOAD Drivers\STM32F0xx_HAL_Driver\Src\stm32f0xx_hal_usart.o
LOAD Drivers\STM32F0xx_HAL_Driver\Src\stm32f0xx_hal_wwdg.o
LOAD Drivers\STM32F0xx_HAL_Driver\Src\stm32f0xx_ll_adc.o
LOAD Drivers\STM32F0xx_HAL_Driver\Src\stm32f0xx_ll_comp.o
LOAD Drivers\STM32F0xx_HAL_Driver\Src\stm32f0xx_ll_crc.o
LOAD Drivers\STM32F0xx_HAL_Driver\Src\stm32f0xx_ll_crs.o
LOAD Drivers\STM32F0xx_HAL_Driver\Src\stm32f0xx_ll_dac.o
LOAD Drivers\STM32F0xx_HAL_Driver\Src\stm32f0xx_ll_dma.o
LOAD Drivers\STM32F0xx_HAL_Driver\Src\stm32f0xx_ll_exti.o
LOAD Drivers\STM32F0xx_HAL_Driver\Src\stm32f0xx_ll_gpio.o
LOAD Drivers\STM32F0xx_HAL_Driver\Src\stm32f0xx_ll_i2c.o
LOAD Drivers\STM32F0xx_HAL_Driver\Src\stm32f0xx_ll_pwr.o
LOAD Drivers\STM32F0xx_HAL_Driver\Src\stm32f0xx_ll_rcc.o
LOAD Drivers\STM32F0xx_HAL_Driver\Src\stm32f0xx_ll_rtc.o
LOAD Drivers\STM32F0xx_HAL_Driver\Src\stm32f0xx_ll_spi.o
LOAD Drivers\STM32F0xx_HAL_Driver\Src\stm32f0xx_ll_tim.o
LOAD Drivers\STM32F0xx_HAL_Driver\Src\stm32f0xx_ll_usart.o
LOAD Drivers\STM32F0xx_HAL_Driver\Src\stm32f0xx_ll_utils.o
LOAD src\main.o
LOAD src\startup_stm32f091xc.o
LOAD src\stm32f0xx_it.o
LOAD src\system_stm32f0xx.o
LOAD src\tiny_printf.o
                0x00000080                malloc_getpagesize_P = 0x80
START GROUP
LOAD c:/program files (x86)/atollic/truestudio for stm32 9.0.1/armtools/bin/../lib/gcc/arm-atollic-eabi/6.3.1/../../../../arm-atollic-eabi/lib/armv6-m\libc.a
LOAD c:/program files (x86)/atollic/truestudio for stm32 9.0.1/armtools/bin/../lib/gcc/arm-atollic-eabi/6.3.1/../../../../arm-atollic-eabi/lib/armv6-m\libm.a
END GROUP
START GROUP
LOAD c:/program files (x86)/atollic/truestudio for stm32 9.0.1/armtools/bin/../lib/gcc/arm-atollic-eabi/6.3.1/armv6-m\libgcc.a
LOAD c:/program files (x86)/atollic/truestudio for stm32 9.0.1/armtools/bin/../lib/gcc/arm-atollic-eabi/6.3.1/../../../../arm-atollic-eabi/lib/armv6-m\libc.a
END GROUP
START GROUP
LOAD c:/program files (x86)/atollic/truestudio for stm32 9.0.1/armtools/bin/../lib/gcc/arm-atollic-eabi/6.3.1/armv6-m\libgcc.a
LOAD c:/program files (x86)/atollic/truestudio for stm32 9.0.1/armtools/bin/../lib/gcc/arm-atollic-eabi/6.3.1/../../../../arm-atollic-eabi/lib/armv6-m\libc.a
LOAD c:/program files (x86)/atollic/truestudio for stm32 9.0.1/armtools/bin/../lib/gcc/arm-atollic-eabi/6.3.1/../../../../arm-atollic-eabi/lib/armv6-m\libnosys.a
END GROUP
LOAD c:/program files (x86)/atollic/truestudio for stm32 9.0.1/armtools/bin/../lib/gcc/arm-atollic-eabi/6.3.1/armv6-m/crtend.o
LOAD c:/program files (x86)/atollic/truestudio for stm32 9.0.1/armtools/bin/../lib/gcc/arm-atollic-eabi/6.3.1/armv6-m/crtn.o
                0x20008000                _estack = 0x20008000
                0x00000000                _Min_Heap_Size = 0x0
                0x00000100                _Min_Stack_Size = 0x100

.isr_vector     0x08000000       0xbc
                0x08000000                . = ALIGN (0x4)
 *(.isr_vector)
 .isr_vector    0x08000000       0xbc src\startup_stm32f091xc.o
                0x08000000                g_pfnVectors
                0x080000bc                . = ALIGN (0x4)

.text           0x080000bc     0x12f0
                0x080000bc                . = ALIGN (0x4)
 *(.text)
 .text          0x080000bc       0x48 c:/program files (x86)/atollic/truestudio for stm32 9.0.1/armtools/bin/../lib/gcc/arm-atollic-eabi/6.3.1/armv6-m/crtbegin.o
 .text          0x08000104      0x114 c:/program files (x86)/atollic/truestudio for stm32 9.0.1/armtools/bin/../lib/gcc/arm-atollic-eabi/6.3.1/armv6-m\libgcc.a(_udivsi3.o)
                0x08000104                __aeabi_uidiv
                0x08000104                __udivsi3
                0x08000210                __aeabi_uidivmod
 .text          0x08000218        0x4 c:/program files (x86)/atollic/truestudio for stm32 9.0.1/armtools/bin/../lib/gcc/arm-atollic-eabi/6.3.1/armv6-m\libgcc.a(_dvmd_tls.o)
                0x08000218                __aeabi_idiv0
                0x08000218                __aeabi_ldiv0
 *(.text*)
 .text.SystemInit
                0x0800021c       0x88 Drivers\CMSIS\Device\ST\STM32F0xx\Source\Templates\system_stm32f0xx.o
                0x0800021c                SystemInit
 .text.HAL_Init
                0x080002a4       0x28 Drivers\STM32F0xx_HAL_Driver\Src\stm32f0xx_hal.o
                0x080002a4                HAL_Init
 .text.HAL_InitTick
                0x080002cc       0x38 Drivers\STM32F0xx_HAL_Driver\Src\stm32f0xx_hal.o
                0x080002cc                HAL_InitTick
 .text.HAL_IncTick
                0x08000304       0x18 Drivers\STM32F0xx_HAL_Driver\Src\stm32f0xx_hal.o
                0x08000304                HAL_IncTick
 .text.HAL_GetTick
                0x0800031c       0x14 Drivers\STM32F0xx_HAL_Driver\Src\stm32f0xx_hal.o
                0x0800031c                HAL_GetTick
 .text.HAL_Delay
                0x08000330       0x3a Drivers\STM32F0xx_HAL_Driver\Src\stm32f0xx_hal.o
                0x08000330                HAL_Delay
 *fill*         0x0800036a        0x2 
 .text.NVIC_SetPriority
                0x0800036c       0xdc Drivers\STM32F0xx_HAL_Driver\Src\stm32f0xx_hal_cortex.o
 .text.SysTick_Config
                0x08000448       0x48 Drivers\STM32F0xx_HAL_Driver\Src\stm32f0xx_hal_cortex.o
 .text.HAL_NVIC_SetPriority
                0x08000490       0x2c Drivers\STM32F0xx_HAL_Driver\Src\stm32f0xx_hal_cortex.o
                0x08000490                HAL_NVIC_SetPriority
 .text.HAL_SYSTICK_Config
                0x080004bc       0x1a Drivers\STM32F0xx_HAL_Driver\Src\stm32f0xx_hal_cortex.o
                0x080004bc                HAL_SYSTICK_Config
 *fill*         0x080004d6        0x2 
 .text.HAL_GPIO_Init
                0x080004d8      0x2f8 Drivers\STM32F0xx_HAL_Driver\Src\stm32f0xx_hal_gpio.o
                0x080004d8                HAL_GPIO_Init
 .text.HAL_GPIO_TogglePin
                0x080007d0       0x24 Drivers\STM32F0xx_HAL_Driver\Src\stm32f0xx_hal_gpio.o
                0x080007d0                HAL_GPIO_TogglePin
 .text.HAL_MspInit
                0x080007f4        0xa Drivers\STM32F0xx_HAL_Driver\Src\stm32f0xx_hal_msp_template.o
                0x080007f4                HAL_MspInit
 *fill*         0x080007fe        0x2 
 .text.HAL_RCC_OscConfig
                0x08000800      0x6bc Drivers\STM32F0xx_HAL_Driver\Src\stm32f0xx_hal_rcc.o
                0x08000800                HAL_RCC_OscConfig
 .text.HAL_RCC_ClockConfig
                0x08000ebc      0x210 Drivers\STM32F0xx_HAL_Driver\Src\stm32f0xx_hal_rcc.o
                0x08000ebc                HAL_RCC_ClockConfig
 .text.HAL_RCC_GetSysClockFreq
                0x080010cc       0xfc Drivers\STM32F0xx_HAL_Driver\Src\stm32f0xx_hal_rcc.o
                0x080010cc                HAL_RCC_GetSysClockFreq
 .text.HAL_RCC_GetHCLKFreq
                0x080011c8       0x14 Drivers\STM32F0xx_HAL_Driver\Src\stm32f0xx_hal_rcc.o
                0x080011c8                HAL_RCC_GetHCLKFreq
 .text.main     0x080011dc       0x6c src\main.o
                0x080011dc                main
 .text.SystemClock_Config
                0x08001248       0x78 src\main.o
 .text.Error_Handler
                0x080012c0        0x6 src\main.o
 *fill*         0x080012c6        0x2 
 .text.Reset_Handler
                0x080012c8       0x50 src\startup_stm32f091xc.o
                0x080012c8                Reset_Handler
 .text.Default_Handler
                0x08001318        0x2 src\startup_stm32f091xc.o
                0x08001318                TIM1_CC_IRQHandler
                0x08001318                TSC_IRQHandler
                0x08001318                ADC1_COMP_IRQHandler
                0x08001318                I2C1_IRQHandler
                0x08001318                RCC_CRS_IRQHandler
                0x08001318                SPI1_IRQHandler
                0x08001318                TIM6_DAC_IRQHandler
                0x08001318                DMA1_Ch1_IRQHandler
                0x08001318                EXTI2_3_IRQHandler
                0x08001318                I2C2_IRQHandler
                0x08001318                TIM17_IRQHandler
                0x08001318                CEC_CAN_IRQHandler
                0x08001318                RTC_IRQHandler
                0x08001318                PVD_VDDIO2_IRQHandler
                0x08001318                TIM16_IRQHandler
                0x08001318                TIM3_IRQHandler
                0x08001318                EXTI4_15_IRQHandler
                0x08001318                USART3_8_IRQHandler
                0x08001318                Default_Handler
                0x08001318                TIM14_IRQHandler
                0x08001318                TIM7_IRQHandler
                0x08001318                TIM15_IRQHandler
                0x08001318                EXTI0_1_IRQHandler
                0x08001318                SPI2_IRQHandler
                0x08001318                DMA1_Ch2_3_DMA2_Ch1_2_IRQHandler
                0x08001318                DMA1_Ch4_7_DMA2_Ch3_5_IRQHandler
                0x08001318                WWDG_IRQHandler
                0x08001318                TIM2_IRQHandler
                0x08001318                USART2_IRQHandler
                0x08001318                FLASH_IRQHandler
                0x08001318                USART1_IRQHandler
                0x08001318                TIM1_BRK_UP_TRG_COM_IRQHandler
 .text.NMI_Handler
                0x0800131a        0xa src\stm32f0xx_it.o
                0x0800131a                NMI_Handler
 .text.HardFault_Handler
                0x08001324        0x6 src\stm32f0xx_it.o
                0x08001324                HardFault_Handler
 .text.SVC_Handler
                0x0800132a        0xa src\stm32f0xx_it.o
                0x0800132a                SVC_Handler
 .text.PendSV_Handler
                0x08001334        0xa src\stm32f0xx_it.o
                0x08001334                PendSV_Handler
 .text.SysTick_Handler
                0x0800133e        0xe src\stm32f0xx_it.o
                0x0800133e                SysTick_Handler
 .text.__libc_init_array
                0x0800134c       0x48 c:/program files (x86)/atollic/truestudio for stm32 9.0.1/armtools/bin/../lib/gcc/arm-atollic-eabi/6.3.1/../../../../arm-atollic-eabi/lib/armv6-m\libc.a(lib_a-init.o)
                0x0800134c                __libc_init_array
 *(.glue_7)
 .glue_7        0x08001394        0x0 linker stubs
 *(.glue_7t)
 .glue_7t       0x08001394        0x0 linker stubs
 *(.eh_frame)
 .eh_frame      0x08001394        0x0 c:/program files (x86)/atollic/truestudio for stm32 9.0.1/armtools/bin/../lib/gcc/arm-atollic-eabi/6.3.1/armv6-m/crtbegin.o
 *(.init)
 .init          0x08001394        0x4 c:/program files (x86)/atollic/truestudio for stm32 9.0.1/armtools/bin/../lib/gcc/arm-atollic-eabi/6.3.1/armv6-m/crti.o
                0x08001394                _init
 .init          0x08001398        0x8 c:/program files (x86)/atollic/truestudio for stm32 9.0.1/armtools/bin/../lib/gcc/arm-atollic-eabi/6.3.1/armv6-m/crtn.o
 *(.fini)
 .fini          0x080013a0        0x4 c:/program files (x86)/atollic/truestudio for stm32 9.0.1/armtools/bin/../lib/gcc/arm-atollic-eabi/6.3.1/armv6-m/crti.o
                0x080013a0                _fini
 .fini          0x080013a4        0x8 c:/program files (x86)/atollic/truestudio for stm32 9.0.1/armtools/bin/../lib/gcc/arm-atollic-eabi/6.3.1/armv6-m/crtn.o
                0x080013ac                . = ALIGN (0x4)
                0x080013ac                _etext = .

.vfp11_veneer   0x080013ac        0x0
 .vfp11_veneer  0x080013ac        0x0 linker stubs

.v4_bx          0x080013ac        0x0
 .v4_bx         0x080013ac        0x0 linker stubs

.iplt           0x080013ac        0x0
 .iplt          0x080013ac        0x0 c:/program files (x86)/atollic/truestudio for stm32 9.0.1/armtools/bin/../lib/gcc/arm-atollic-eabi/6.3.1/armv6-m/crtbegin.o

.rodata         0x080013ac       0x30
                0x080013ac                . = ALIGN (0x4)
 *(.rodata)
 .rodata        0x080013ac       0x20 Drivers\STM32F0xx_HAL_Driver\Src\stm32f0xx_hal_rcc.o
 *(.rodata*)
 .rodata.AHBPrescTable
                0x080013cc       0x10 Drivers\CMSIS\Device\ST\STM32F0xx\Source\Templates\system_stm32f0xx.o
                0x080013cc                AHBPrescTable
                0x080013dc                . = ALIGN (0x4)

.rel.dyn        0x080013dc        0x0
 .rel.iplt      0x080013dc        0x0 c:/program files (x86)/atollic/truestudio for stm32 9.0.1/armtools/bin/../lib/gcc/arm-atollic-eabi/6.3.1/armv6-m/crtbegin.o

.ARM.extab
 *(.ARM.extab* .gnu.linkonce.armextab.*)

.ARM            0x080013dc        0x0
                0x080013dc                __exidx_start = .
 *(.ARM.exidx*)
                0x080013dc                __exidx_end = .

.preinit_array  0x080013dc        0x0
                0x080013dc                PROVIDE (__preinit_array_start, .)
 *(.preinit_array*)
                0x080013dc                PROVIDE (__preinit_array_end, .)

.init_array     0x080013dc        0x4
                0x080013dc                PROVIDE (__init_array_start, .)
 *(SORT(.init_array.*))
 *(.init_array*)
 .init_array    0x080013dc        0x4 c:/program files (x86)/atollic/truestudio for stm32 9.0.1/armtools/bin/../lib/gcc/arm-atollic-eabi/6.3.1/armv6-m/crtbegin.o
                0x080013e0                PROVIDE (__init_array_end, .)

.fini_array     0x080013e0        0x4
                [!provide]                PROVIDE (__fini_array_start, .)
 *(SORT(.fini_array.*))
 *(.fini_array*)
 .fini_array    0x080013e0        0x4 c:/program files (x86)/atollic/truestudio for stm32 9.0.1/armtools/bin/../lib/gcc/arm-atollic-eabi/6.3.1/armv6-m/crtbegin.o
                [!provide]                PROVIDE (__fini_array_end, .)
                0x080013e4                _sidata = LOADADDR (.data)

.data           0x20000000        0x4 load address 0x080013e4
                0x20000000                . = ALIGN (0x4)
                0x20000000                _sdata = .
 *(.data)
 *(.data*)
 .data.SystemCoreClock
                0x20000000        0x4 Drivers\CMSIS\Device\ST\STM32F0xx\Source\Templates\system_stm32f0xx.o
                0x20000000                SystemCoreClock
                0x20000004                . = ALIGN (0x4)
                0x20000004                _edata = .

.igot.plt       0x20000004        0x0 load address 0x080013e8
 .igot.plt      0x20000004        0x0 c:/program files (x86)/atollic/truestudio for stm32 9.0.1/armtools/bin/../lib/gcc/arm-atollic-eabi/6.3.1/armv6-m/crtbegin.o
                0x20000004                . = ALIGN (0x4)

.bss            0x20000004       0x34 load address 0x080013e8
                0x20000004                _sbss = .
                0x20000004                __bss_start__ = _sbss
 *(.bss)
 .bss           0x20000004       0x1c c:/program files (x86)/atollic/truestudio for stm32 9.0.1/armtools/bin/../lib/gcc/arm-atollic-eabi/6.3.1/armv6-m/crtbegin.o
 *(.bss*)
 .bss.GPIO_InitStruct
                0x20000020       0x14 src\main.o
 *(COMMON)
 COMMON         0x20000034        0x4 Drivers\STM32F0xx_HAL_Driver\Src\stm32f0xx_hal.o
                0x20000034                uwTick
                0x20000038                . = ALIGN (0x4)
                0x20000038                _ebss = .
                0x20000038                __bss_end__ = _ebss

._user_heap_stack
                0x20000038      0x100 load address 0x080013e8
                0x20000038                . = ALIGN (0x4)
                [!provide]                PROVIDE (end, .)
                [!provide]                PROVIDE (_end, .)
                0x20000038                . = (. + _Min_Heap_Size)
                0x20000138                . = (. + _Min_Stack_Size)
 *fill*         0x20000038      0x100 
                0x20000138                . = ALIGN (0x4)

.memory_b1_text
 *(.mb1text)
 *(.mb1text*)
 *(.mb1rodata)
 *(.mb1rodata*)

/DISCARD/
 libc.a(*)
 libm.a(*)
 libgcc.a(*)

.ARM.attributes
                0x00000000       0x28
 *(.ARM.attributes)
 .ARM.attributes
                0x00000000       0x1e c:/program files (x86)/atollic/truestudio for stm32 9.0.1/armtools/bin/../lib/gcc/arm-atollic-eabi/6.3.1/armv6-m/crti.o
 .ARM.attributes
                0x0000001e       0x2c c:/program files (x86)/atollic/truestudio for stm32 9.0.1/armtools/bin/../lib/gcc/arm-atollic-eabi/6.3.1/armv6-m/crtbegin.o
 .ARM.attributes
                0x0000004a       0x31 Drivers\CMSIS\Device\ST\STM32F0xx\Source\Templates\system_stm32f0xx.o
 .ARM.attributes
                0x0000007b       0x31 Drivers\STM32F0xx_HAL_Driver\Src\stm32f0xx_hal.o
 .ARM.attributes
                0x000000ac       0x31 Drivers\STM32F0xx_HAL_Driver\Src\stm32f0xx_hal_cortex.o
 .ARM.attributes
                0x000000dd       0x31 Drivers\STM32F0xx_HAL_Driver\Src\stm32f0xx_hal_gpio.o
 .ARM.attributes
                0x0000010e       0x31 Drivers\STM32F0xx_HAL_Driver\Src\stm32f0xx_hal_msp_template.o
 .ARM.attributes
                0x0000013f       0x31 Drivers\STM32F0xx_HAL_Driver\Src\stm32f0xx_hal_rcc.o
 .ARM.attributes
                0x00000170       0x31 src\main.o
 .ARM.attributes
                0x000001a1       0x21 src\startup_stm32f091xc.o
 .ARM.attributes
                0x000001c2       0x31 src\stm32f0xx_it.o
 .ARM.attributes
                0x000001f3       0x2c c:/program files (x86)/atollic/truestudio for stm32 9.0.1/armtools/bin/../lib/gcc/arm-atollic-eabi/6.3.1/../../../../arm-atollic-eabi/lib/armv6-m\libc.a(lib_a-init.o)
 .ARM.attributes
                0x0000021f       0x1e c:/program files (x86)/atollic/truestudio for stm32 9.0.1/armtools/bin/../lib/gcc/arm-atollic-eabi/6.3.1/armv6-m\libgcc.a(_udivsi3.o)
 .ARM.attributes
                0x0000023d       0x1e c:/program files (x86)/atollic/truestudio for stm32 9.0.1/armtools/bin/../lib/gcc/arm-atollic-eabi/6.3.1/armv6-m\libgcc.a(_dvmd_tls.o)
 .ARM.attributes
                0x0000025b       0x1e c:/program files (x86)/atollic/truestudio for stm32 9.0.1/armtools/bin/../lib/gcc/arm-atollic-eabi/6.3.1/armv6-m/crtn.o
OUTPUT(STM32_ADCRef.elf elf32-littlearm)

.debug_info     0x00000000     0x5e2b
 .debug_info    0x00000000      0x24a Drivers\CMSIS\Device\ST\STM32F0xx\Source\Templates\system_stm32f0xx.o
 .debug_info    0x0000024a      0xe07 Drivers\STM32F0xx_HAL_Driver\Src\stm32f0xx_hal.o
 .debug_info    0x00001051      0xf4e Drivers\STM32F0xx_HAL_Driver\Src\stm32f0xx_hal_cortex.o
 .debug_info    0x00001f9f      0xeab Drivers\STM32F0xx_HAL_Driver\Src\stm32f0xx_hal_gpio.o
 .debug_info    0x00002e4a      0x965 Drivers\STM32F0xx_HAL_Driver\Src\stm32f0xx_hal_msp_template.o
 .debug_info    0x000037af      0xfc2 Drivers\STM32F0xx_HAL_Driver\Src\stm32f0xx_hal_rcc.o
 .debug_info    0x00004771      0xcc9 src\main.o
 .debug_info    0x0000543a       0x7b src\startup_stm32f091xc.o
 .debug_info    0x000054b5      0x976 src\stm32f0xx_it.o

.debug_abbrev   0x00000000     0x103d
 .debug_abbrev  0x00000000       0xfd Drivers\CMSIS\Device\ST\STM32F0xx\Source\Templates\system_stm32f0xx.o
 .debug_abbrev  0x000000fd      0x266 Drivers\STM32F0xx_HAL_Driver\Src\stm32f0xx_hal.o
 .debug_abbrev  0x00000363      0x30f Drivers\STM32F0xx_HAL_Driver\Src\stm32f0xx_hal_cortex.o
 .debug_abbrev  0x00000672      0x259 Drivers\STM32F0xx_HAL_Driver\Src\stm32f0xx_hal_gpio.o
 .debug_abbrev  0x000008cb      0x171 Drivers\STM32F0xx_HAL_Driver\Src\stm32f0xx_hal_msp_template.o
 .debug_abbrev  0x00000a3c      0x281 Drivers\STM32F0xx_HAL_Driver\Src\stm32f0xx_hal_rcc.o
 .debug_abbrev  0x00000cbd      0x1e5 src\main.o
 .debug_abbrev  0x00000ea2       0x12 src\startup_stm32f091xc.o
 .debug_abbrev  0x00000eb4      0x189 src\stm32f0xx_it.o

.debug_aranges  0x00000000      0x348
 .debug_aranges
                0x00000000       0x28 Drivers\CMSIS\Device\ST\STM32F0xx\Source\Templates\system_stm32f0xx.o
 .debug_aranges
                0x00000028       0xb8 Drivers\STM32F0xx_HAL_Driver\Src\stm32f0xx_hal.o
 .debug_aranges
                0x000000e0       0xc0 Drivers\STM32F0xx_HAL_Driver\Src\stm32f0xx_hal_cortex.o
 .debug_aranges
                0x000001a0       0x58 Drivers\STM32F0xx_HAL_Driver\Src\stm32f0xx_hal_gpio.o
 .debug_aranges
                0x000001f8       0x38 Drivers\STM32F0xx_HAL_Driver\Src\stm32f0xx_hal_msp_template.o
 .debug_aranges
                0x00000230       0x80 Drivers\STM32F0xx_HAL_Driver\Src\stm32f0xx_hal_rcc.o
 .debug_aranges
                0x000002b0       0x30 src\main.o
 .debug_aranges
                0x000002e0       0x28 src\startup_stm32f091xc.o
 .debug_aranges
                0x00000308       0x40 src\stm32f0xx_it.o

.debug_ranges   0x00000000      0x2c0
 .debug_ranges  0x00000000       0x18 Drivers\CMSIS\Device\ST\STM32F0xx\Source\Templates\system_stm32f0xx.o
 .debug_ranges  0x00000018       0xa8 Drivers\STM32F0xx_HAL_Driver\Src\stm32f0xx_hal.o
 .debug_ranges  0x000000c0       0xb0 Drivers\STM32F0xx_HAL_Driver\Src\stm32f0xx_hal_cortex.o
 .debug_ranges  0x00000170       0x48 Drivers\STM32F0xx_HAL_Driver\Src\stm32f0xx_hal_gpio.o
 .debug_ranges  0x000001b8       0x28 Drivers\STM32F0xx_HAL_Driver\Src\stm32f0xx_hal_msp_template.o
 .debug_ranges  0x000001e0       0x70 Drivers\STM32F0xx_HAL_Driver\Src\stm32f0xx_hal_rcc.o
 .debug_ranges  0x00000250       0x20 src\main.o
 .debug_ranges  0x00000270       0x20 src\startup_stm32f091xc.o
 .debug_ranges  0x00000290       0x30 src\stm32f0xx_it.o

.debug_line     0x00000000     0x1b5f
 .debug_line    0x00000000      0x1f0 Drivers\CMSIS\Device\ST\STM32F0xx\Source\Templates\system_stm32f0xx.o
 .debug_line    0x000001f0      0x403 Drivers\STM32F0xx_HAL_Driver\Src\stm32f0xx_hal.o
 .debug_line    0x000005f3      0x429 Drivers\STM32F0xx_HAL_Driver\Src\stm32f0xx_hal_cortex.o
 .debug_line    0x00000a1c      0x41e Drivers\STM32F0xx_HAL_Driver\Src\stm32f0xx_hal_gpio.o
 .debug_line    0x00000e3a      0x264 Drivers\STM32F0xx_HAL_Driver\Src\stm32f0xx_hal_msp_template.o
 .debug_line    0x0000109e      0x52e Drivers\STM32F0xx_HAL_Driver\Src\stm32f0xx_hal_rcc.o
 .debug_line    0x000015cc      0x2c5 src\main.o
 .debug_line    0x00001891       0x7f src\startup_stm32f091xc.o
 .debug_line    0x00001910      0x24f src\stm32f0xx_it.o

.debug_str      0x00000000     0x1255
 .debug_str     0x00000000      0x254 Drivers\CMSIS\Device\ST\STM32F0xx\Source\Templates\system_stm32f0xx.o
                                0x299 (size before relaxing)
 .debug_str     0x00000254      0x805 Drivers\STM32F0xx_HAL_Driver\Src\stm32f0xx_hal.o
                                0xa5b (size before relaxing)
 .debug_str     0x00000a59      0x220 Drivers\STM32F0xx_HAL_Driver\Src\stm32f0xx_hal_cortex.o
                                0xa9f (size before relaxing)
 .debug_str     0x00000c79      0x1d7 Drivers\STM32F0xx_HAL_Driver\Src\stm32f0xx_hal_gpio.o
                                0x87d (size before relaxing)
 .debug_str     0x00000e50       0x63 Drivers\STM32F0xx_HAL_Driver\Src\stm32f0xx_hal_msp_template.o
                                0x65e (size before relaxing)
 .debug_str     0x00000eb3      0x2ff Drivers\STM32F0xx_HAL_Driver\Src\stm32f0xx_hal_rcc.o
                                0xa25 (size before relaxing)
 .debug_str     0x000011b2       0x44 src\main.o
                                0x83b (size before relaxing)
 .debug_str     0x000011f6       0x5f src\stm32f0xx_it.o
                                0x640 (size before relaxing)

.comment        0x00000000       0x7c
 .comment       0x00000000       0x7c Drivers\CMSIS\Device\ST\STM32F0xx\Source\Templates\system_stm32f0xx.o
                                 0x7d (size before relaxing)
 .comment       0x0000007c       0x7d Drivers\STM32F0xx_HAL_Driver\Src\stm32f0xx_hal.o
 .comment       0x0000007c       0x7d Drivers\STM32F0xx_HAL_Driver\Src\stm32f0xx_hal_cortex.o
 .comment       0x0000007c       0x7d Drivers\STM32F0xx_HAL_Driver\Src\stm32f0xx_hal_gpio.o
 .comment       0x0000007c       0x7d Drivers\STM32F0xx_HAL_Driver\Src\stm32f0xx_hal_msp_template.o
 .comment       0x0000007c       0x7d Drivers\STM32F0xx_HAL_Driver\Src\stm32f0xx_hal_rcc.o
 .comment       0x0000007c       0x7d src\main.o
 .comment       0x0000007c       0x7d src\stm32f0xx_it.o

.debug_frame    0x00000000      0x9b0
 .debug_frame   0x00000000       0x4c Drivers\CMSIS\Device\ST\STM32F0xx\Source\Templates\system_stm32f0xx.o
 .debug_frame   0x0000004c      0x248 Drivers\STM32F0xx_HAL_Driver\Src\stm32f0xx_hal.o
 .debug_frame   0x00000294      0x2a4 Drivers\STM32F0xx_HAL_Driver\Src\stm32f0xx_hal_cortex.o
 .debug_frame   0x00000538      0x110 Drivers\STM32F0xx_HAL_Driver\Src\stm32f0xx_hal_gpio.o
 .debug_frame   0x00000648       0x80 Drivers\STM32F0xx_HAL_Driver\Src\stm32f0xx_hal_msp_template.o
 .debug_frame   0x000006c8      0x194 Drivers\STM32F0xx_HAL_Driver\Src\stm32f0xx_hal_rcc.o
 .debug_frame   0x0000085c       0x6c src\main.o
 .debug_frame   0x000008c8       0x9c src\stm32f0xx_it.o
 .debug_frame   0x00000964       0x2c c:/program files (x86)/atollic/truestudio for stm32 9.0.1/armtools/bin/../lib/gcc/arm-atollic-eabi/6.3.1/../../../../arm-atollic-eabi/lib/armv6-m\libc.a(lib_a-init.o)
 .debug_frame   0x00000990       0x20 c:/program files (x86)/atollic/truestudio for stm32 9.0.1/armtools/bin/../lib/gcc/arm-atollic-eabi/6.3.1/armv6-m\libgcc.a(_udivsi3.o)

.stabstr        0x00000000       0x3f
 .stabstr       0x00000000       0x3f c:/program files (x86)/atollic/truestudio for stm32 9.0.1/armtools/bin/../lib/gcc/arm-atollic-eabi/6.3.1/../../../../arm-atollic-eabi/lib/armv6-m\libnosys.a(write.o)

Cross Reference Table

Symbol                                            File
ADC1_COMP_IRQHandler                              src\startup_stm32f091xc.o
AHBPrescTable                                     src\system_stm32f0xx.o
                                                  Drivers\CMSIS\Device\ST\STM32F0xx\Source\Templates\system_stm32f0xx.o
                                                  Drivers\STM32F0xx_HAL_Driver\Src\stm32f0xx_ll_utils.o
                                                  Drivers\STM32F0xx_HAL_Driver\Src\stm32f0xx_hal_rcc.o
APBPrescTable                                     src\system_stm32f0xx.o
                                                  Drivers\CMSIS\Device\ST\STM32F0xx\Source\Templates\system_stm32f0xx.o
                                                  Drivers\STM32F0xx_HAL_Driver\Src\stm32f0xx_hal_rcc.o
BSP_GetVersion                                    Drivers\BSP\STM32F0xx-Nucleo\stm32f0xx_nucleo.o
BSP_LED_DeInit                                    Drivers\BSP\STM32F0xx-Nucleo\stm32f0xx_nucleo.o
BSP_LED_Init                                      Drivers\BSP\STM32F0xx-Nucleo\stm32f0xx_nucleo.o
BSP_LED_Off                                       Drivers\BSP\STM32F0xx-Nucleo\stm32f0xx_nucleo.o
BSP_LED_On                                        Drivers\BSP\STM32F0xx-Nucleo\stm32f0xx_nucleo.o
BSP_LED_Toggle                                    Drivers\BSP\STM32F0xx-Nucleo\stm32f0xx_nucleo.o
BSP_PB_DeInit                                     Drivers\BSP\STM32F0xx-Nucleo\stm32f0xx_nucleo.o
BSP_PB_GetState                                   Drivers\BSP\STM32F0xx-Nucleo\stm32f0xx_nucleo.o
BSP_PB_Init                                       Drivers\BSP\STM32F0xx-Nucleo\stm32f0xx_nucleo.o
BUTTON_IRQn                                       Drivers\BSP\STM32F0xx-Nucleo\stm32f0xx_nucleo.o
BUTTON_PIN                                        Drivers\BSP\STM32F0xx-Nucleo\stm32f0xx_nucleo.o
BUTTON_PORT                                       Drivers\BSP\STM32F0xx-Nucleo\stm32f0xx_nucleo.o
CEC_CAN_IRQHandler                                src\startup_stm32f091xc.o
DMA1_Ch1_IRQHandler                               src\startup_stm32f091xc.o
DMA1_Ch2_3_DMA2_Ch1_2_IRQHandler                  src\startup_stm32f091xc.o
DMA1_Ch4_7_DMA2_Ch3_5_IRQHandler                  src\startup_stm32f091xc.o
Default_Handler                                   src\startup_stm32f091xc.o
EXTI0_1_IRQHandler                                src\startup_stm32f091xc.o
EXTI2_3_IRQHandler                                src\startup_stm32f091xc.o
EXTI4_15_IRQHandler                               src\startup_stm32f091xc.o
FLASH_IRQHandler                                  src\startup_stm32f091xc.o
FLASH_PageErase                                   Drivers\STM32F0xx_HAL_Driver\Src\stm32f0xx_hal_flash_ex.o
                                                  Drivers\STM32F0xx_HAL_Driver\Src\stm32f0xx_hal_flash.o
FLASH_WaitForLastOperation                        Drivers\STM32F0xx_HAL_Driver\Src\stm32f0xx_hal_flash.o
                                                  Drivers\STM32F0xx_HAL_Driver\Src\stm32f0xx_hal_flash_ex.o
HAL_DBGMCU_DisableDBGStandbyMode                  Drivers\STM32F0xx_HAL_Driver\Src\stm32f0xx_hal.o
HAL_DBGMCU_DisableDBGStopMode                     Drivers\STM32F0xx_HAL_Driver\Src\stm32f0xx_hal.o
HAL_DBGMCU_EnableDBGStandbyMode                   Drivers\STM32F0xx_HAL_Driver\Src\stm32f0xx_hal.o
HAL_DBGMCU_EnableDBGStopMode                      Drivers\STM32F0xx_HAL_Driver\Src\stm32f0xx_hal.o
HAL_DeInit                                        Drivers\STM32F0xx_HAL_Driver\Src\stm32f0xx_hal.o
HAL_Delay                                         Drivers\STM32F0xx_HAL_Driver\Src\stm32f0xx_hal.o
                                                  src\main.o
HAL_FLASHEx_Erase                                 Drivers\STM32F0xx_HAL_Driver\Src\stm32f0xx_hal_flash_ex.o
HAL_FLASHEx_Erase_IT                              Drivers\STM32F0xx_HAL_Driver\Src\stm32f0xx_hal_flash_ex.o
HAL_FLASHEx_OBErase                               Drivers\STM32F0xx_HAL_Driver\Src\stm32f0xx_hal_flash_ex.o
HAL_FLASHEx_OBGetConfig                           Drivers\STM32F0xx_HAL_Driver\Src\stm32f0xx_hal_flash_ex.o
HAL_FLASHEx_OBGetUserData                         Drivers\STM32F0xx_HAL_Driver\Src\stm32f0xx_hal_flash_ex.o
HAL_FLASHEx_OBProgram                             Drivers\STM32F0xx_HAL_Driver\Src\stm32f0xx_hal_flash_ex.o
HAL_FLASH_EndOfOperationCallback                  Drivers\STM32F0xx_HAL_Driver\Src\stm32f0xx_hal_flash.o
HAL_FLASH_GetError                                Drivers\STM32F0xx_HAL_Driver\Src\stm32f0xx_hal_flash.o
HAL_FLASH_IRQHandler                              Drivers\STM32F0xx_HAL_Driver\Src\stm32f0xx_hal_flash.o
HAL_FLASH_Lock                                    Drivers\STM32F0xx_HAL_Driver\Src\stm32f0xx_hal_flash.o
HAL_FLASH_OB_Launch                               Drivers\STM32F0xx_HAL_Driver\Src\stm32f0xx_hal_flash.o
HAL_FLASH_OB_Lock                                 Drivers\STM32F0xx_HAL_Driver\Src\stm32f0xx_hal_flash.o
HAL_FLASH_OB_Unlock                               Drivers\STM32F0xx_HAL_Driver\Src\stm32f0xx_hal_flash.o
HAL_FLASH_OperationErrorCallback                  Drivers\STM32F0xx_HAL_Driver\Src\stm32f0xx_hal_flash.o
HAL_FLASH_Program                                 Drivers\STM32F0xx_HAL_Driver\Src\stm32f0xx_hal_flash.o
HAL_FLASH_Program_IT                              Drivers\STM32F0xx_HAL_Driver\Src\stm32f0xx_hal_flash.o
HAL_FLASH_Unlock                                  Drivers\STM32F0xx_HAL_Driver\Src\stm32f0xx_hal_flash.o
HAL_GPIO_DeInit                                   Drivers\STM32F0xx_HAL_Driver\Src\stm32f0xx_hal_gpio.o
                                                  Drivers\BSP\STM32F0xx-Nucleo\stm32f0xx_nucleo.o
HAL_GPIO_EXTI_Callback                            Drivers\STM32F0xx_HAL_Driver\Src\stm32f0xx_hal_gpio.o
HAL_GPIO_EXTI_IRQHandler                          Drivers\STM32F0xx_HAL_Driver\Src\stm32f0xx_hal_gpio.o
HAL_GPIO_Init                                     Drivers\STM32F0xx_HAL_Driver\Src\stm32f0xx_hal_gpio.o
                                                  src\main.o
                                                  Drivers\STM32F0xx_HAL_Driver\Src\stm32f0xx_hal_rcc.o
                                                  Drivers\BSP\STM32F0xx-Nucleo\stm32f0xx_nucleo.o
HAL_GPIO_LockPin                                  Drivers\STM32F0xx_HAL_Driver\Src\stm32f0xx_hal_gpio.o
HAL_GPIO_ReadPin                                  Drivers\STM32F0xx_HAL_Driver\Src\stm32f0xx_hal_gpio.o
                                                  Drivers\BSP\STM32F0xx-Nucleo\stm32f0xx_nucleo.o
HAL_GPIO_TogglePin                                Drivers\STM32F0xx_HAL_Driver\Src\stm32f0xx_hal_gpio.o
                                                  src\main.o
                                                  Drivers\BSP\STM32F0xx-Nucleo\stm32f0xx_nucleo.o
HAL_GPIO_WritePin                                 Drivers\STM32F0xx_HAL_Driver\Src\stm32f0xx_hal_gpio.o
                                                  Drivers\BSP\STM32F0xx-Nucleo\stm32f0xx_nucleo.o
HAL_GetDEVID                                      Drivers\STM32F0xx_HAL_Driver\Src\stm32f0xx_hal.o
HAL_GetHalVersion                                 Drivers\STM32F0xx_HAL_Driver\Src\stm32f0xx_hal.o
HAL_GetREVID                                      Drivers\STM32F0xx_HAL_Driver\Src\stm32f0xx_hal.o
HAL_GetTick                                       Drivers\STM32F0xx_HAL_Driver\Src\stm32f0xx_hal.o
                                                  Drivers\STM32F0xx_HAL_Driver\Src\stm32f0xx_hal_rcc_ex.o
                                                  Drivers\STM32F0xx_HAL_Driver\Src\stm32f0xx_hal_rcc.o
                                                  Drivers\STM32F0xx_HAL_Driver\Src\stm32f0xx_hal_flash.o
HAL_GetUIDw0                                      Drivers\STM32F0xx_HAL_Driver\Src\stm32f0xx_hal.o
HAL_GetUIDw1                                      Drivers\STM32F0xx_HAL_Driver\Src\stm32f0xx_hal.o
HAL_GetUIDw2                                      Drivers\STM32F0xx_HAL_Driver\Src\stm32f0xx_hal.o
HAL_IncTick                                       Drivers\STM32F0xx_HAL_Driver\Src\stm32f0xx_hal.o
                                                  src\stm32f0xx_it.o
HAL_Init                                          Drivers\STM32F0xx_HAL_Driver\Src\stm32f0xx_hal.o
                                                  src\main.o
HAL_InitTick                                      Drivers\STM32F0xx_HAL_Driver\Src\stm32f0xx_hal.o
                                                  Drivers\STM32F0xx_HAL_Driver\Src\stm32f0xx_hal_rcc.o
HAL_MspDeInit                                     Drivers\STM32F0xx_HAL_Driver\Src\stm32f0xx_hal_msp_template.o
                                                  Drivers\STM32F0xx_HAL_Driver\Src\stm32f0xx_hal.o
HAL_MspInit                                       Drivers\STM32F0xx_HAL_Driver\Src\stm32f0xx_hal_msp_template.o
                                                  Drivers\STM32F0xx_HAL_Driver\Src\stm32f0xx_hal.o
HAL_NVIC_ClearPendingIRQ                          Drivers\STM32F0xx_HAL_Driver\Src\stm32f0xx_hal_cortex.o
HAL_NVIC_DisableIRQ                               Drivers\STM32F0xx_HAL_Driver\Src\stm32f0xx_hal_cortex.o
                                                  Drivers\BSP\STM32F0xx-Nucleo\stm32f0xx_nucleo.o
HAL_NVIC_EnableIRQ                                Drivers\STM32F0xx_HAL_Driver\Src\stm32f0xx_hal_cortex.o
                                                  Drivers\BSP\STM32F0xx-Nucleo\stm32f0xx_nucleo.o
HAL_NVIC_GetPendingIRQ                            Drivers\STM32F0xx_HAL_Driver\Src\stm32f0xx_hal_cortex.o
HAL_NVIC_GetPriority                              Drivers\STM32F0xx_HAL_Driver\Src\stm32f0xx_hal_cortex.o
HAL_NVIC_SetPendingIRQ                            Drivers\STM32F0xx_HAL_Driver\Src\stm32f0xx_hal_cortex.o
HAL_NVIC_SetPriority                              Drivers\STM32F0xx_HAL_Driver\Src\stm32f0xx_hal_cortex.o
                                                  Drivers\STM32F0xx_HAL_Driver\Src\stm32f0xx_hal.o
                                                  Drivers\BSP\STM32F0xx-Nucleo\stm32f0xx_nucleo.o
HAL_NVIC_SystemReset                              Drivers\STM32F0xx_HAL_Driver\Src\stm32f0xx_hal_cortex.o
HAL_PPP_MspDeInit                                 Drivers\STM32F0xx_HAL_Driver\Src\stm32f0xx_hal_msp_template.o
HAL_PPP_MspInit                                   Drivers\STM32F0xx_HAL_Driver\Src\stm32f0xx_hal_msp_template.o
HAL_RCCEx_CRSConfig                               Drivers\STM32F0xx_HAL_Driver\Src\stm32f0xx_hal_rcc_ex.o
HAL_RCCEx_CRSGetSynchronizationInfo               Drivers\STM32F0xx_HAL_Driver\Src\stm32f0xx_hal_rcc_ex.o
HAL_RCCEx_CRSSoftwareSynchronizationGenerate      Drivers\STM32F0xx_HAL_Driver\Src\stm32f0xx_hal_rcc_ex.o
HAL_RCCEx_CRSWaitSynchronization                  Drivers\STM32F0xx_HAL_Driver\Src\stm32f0xx_hal_rcc_ex.o
HAL_RCCEx_CRS_ErrorCallback                       Drivers\STM32F0xx_HAL_Driver\Src\stm32f0xx_hal_rcc_ex.o
HAL_RCCEx_CRS_ExpectedSyncCallback                Drivers\STM32F0xx_HAL_Driver\Src\stm32f0xx_hal_rcc_ex.o
HAL_RCCEx_CRS_IRQHandler                          Drivers\STM32F0xx_HAL_Driver\Src\stm32f0xx_hal_rcc_ex.o
HAL_RCCEx_CRS_SyncOkCallback                      Drivers\STM32F0xx_HAL_Driver\Src\stm32f0xx_hal_rcc_ex.o
HAL_RCCEx_CRS_SyncWarnCallback                    Drivers\STM32F0xx_HAL_Driver\Src\stm32f0xx_hal_rcc_ex.o
HAL_RCCEx_GetPeriphCLKConfig                      Drivers\STM32F0xx_HAL_Driver\Src\stm32f0xx_hal_rcc_ex.o
HAL_RCCEx_GetPeriphCLKFreq                        Drivers\STM32F0xx_HAL_Driver\Src\stm32f0xx_hal_rcc_ex.o
HAL_RCCEx_PeriphCLKConfig                         Drivers\STM32F0xx_HAL_Driver\Src\stm32f0xx_hal_rcc_ex.o
HAL_RCC_CSSCallback                               Drivers\STM32F0xx_HAL_Driver\Src\stm32f0xx_hal_rcc.o
HAL_RCC_ClockConfig                               Drivers\STM32F0xx_HAL_Driver\Src\stm32f0xx_hal_rcc.o
                                                  src\main.o
HAL_RCC_DeInit                                    Drivers\STM32F0xx_HAL_Driver\Src\stm32f0xx_hal_rcc.o
HAL_RCC_DisableCSS                                Drivers\STM32F0xx_HAL_Driver\Src\stm32f0xx_hal_rcc.o
HAL_RCC_EnableCSS                                 Drivers\STM32F0xx_HAL_Driver\Src\stm32f0xx_hal_rcc.o
HAL_RCC_GetClockConfig                            Drivers\STM32F0xx_HAL_Driver\Src\stm32f0xx_hal_rcc.o
HAL_RCC_GetHCLKFreq                               Drivers\STM32F0xx_HAL_Driver\Src\stm32f0xx_hal_rcc.o
                                                  Drivers\STM32F0xx_HAL_Driver\Src\stm32f0xx_hal.o
HAL_RCC_GetOscConfig                              Drivers\STM32F0xx_HAL_Driver\Src\stm32f0xx_hal_rcc.o
HAL_RCC_GetPCLK1Freq                              Drivers\STM32F0xx_HAL_Driver\Src\stm32f0xx_hal_rcc.o
                                                  Drivers\STM32F0xx_HAL_Driver\Src\stm32f0xx_hal_rcc_ex.o
HAL_RCC_GetSysClockFreq                           Drivers\STM32F0xx_HAL_Driver\Src\stm32f0xx_hal_rcc.o
                                                  Drivers\STM32F0xx_HAL_Driver\Src\stm32f0xx_hal_rcc_ex.o
HAL_RCC_MCOConfig                                 Drivers\STM32F0xx_HAL_Driver\Src\stm32f0xx_hal_rcc.o
HAL_RCC_NMI_IRQHandler                            Drivers\STM32F0xx_HAL_Driver\Src\stm32f0xx_hal_rcc.o
HAL_RCC_OscConfig                                 Drivers\STM32F0xx_HAL_Driver\Src\stm32f0xx_hal_rcc.o
                                                  src\main.o
HAL_ResumeTick                                    Drivers\STM32F0xx_HAL_Driver\Src\stm32f0xx_hal.o
HAL_SYSTICK_CLKSourceConfig                       Drivers\STM32F0xx_HAL_Driver\Src\stm32f0xx_hal_cortex.o
HAL_SYSTICK_Callback                              Drivers\STM32F0xx_HAL_Driver\Src\stm32f0xx_hal_cortex.o
HAL_SYSTICK_Config                                Drivers\STM32F0xx_HAL_Driver\Src\stm32f0xx_hal_cortex.o
                                                  Drivers\STM32F0xx_HAL_Driver\Src\stm32f0xx_hal.o
HAL_SYSTICK_IRQHandler                            Drivers\STM32F0xx_HAL_Driver\Src\stm32f0xx_hal_cortex.o
HAL_SuspendTick                                   Drivers\STM32F0xx_HAL_Driver\Src\stm32f0xx_hal.o
HardFault_Handler                                 src\stm32f0xx_it.o
                                                  src\startup_stm32f091xc.o
I2C1_IRQHandler                                   src\startup_stm32f091xc.o
I2C2_IRQHandler                                   src\startup_stm32f091xc.o
LED_PIN                                           Drivers\BSP\STM32F0xx-Nucleo\stm32f0xx_nucleo.o
LED_PORT                                          Drivers\BSP\STM32F0xx-Nucleo\stm32f0xx_nucleo.o
LL_Init1msTick                                    Drivers\STM32F0xx_HAL_Driver\Src\stm32f0xx_ll_utils.o
LL_PLL_ConfigSystemClock_HSE                      Drivers\STM32F0xx_HAL_Driver\Src\stm32f0xx_ll_utils.o
LL_PLL_ConfigSystemClock_HSI                      Drivers\STM32F0xx_HAL_Driver\Src\stm32f0xx_ll_utils.o
LL_PLL_ConfigSystemClock_HSI48                    Drivers\STM32F0xx_HAL_Driver\Src\stm32f0xx_ll_utils.o
LL_SetSystemCoreClock                             Drivers\STM32F0xx_HAL_Driver\Src\stm32f0xx_ll_utils.o
LL_mDelay                                         Drivers\STM32F0xx_HAL_Driver\Src\stm32f0xx_ll_utils.o
NMI_Handler                                       src\stm32f0xx_it.o
                                                  src\startup_stm32f091xc.o
PVD_VDDIO2_IRQHandler                             src\startup_stm32f091xc.o
PendSV_Handler                                    src\stm32f0xx_it.o
                                                  src\startup_stm32f091xc.o
RCC_CRS_IRQHandler                                src\startup_stm32f091xc.o
RTC_IRQHandler                                    src\startup_stm32f091xc.o
Reset_Handler                                     src\startup_stm32f091xc.o
SPI1_IRQHandler                                   src\startup_stm32f091xc.o
SPI2_IRQHandler                                   src\startup_stm32f091xc.o
SVC_Handler                                       src\stm32f0xx_it.o
                                                  src\startup_stm32f091xc.o
SysTick_Handler                                   src\stm32f0xx_it.o
                                                  src\startup_stm32f091xc.o
SystemCoreClock                                   src\system_stm32f0xx.o
                                                  Drivers\CMSIS\Device\ST\STM32F0xx\Source\Templates\system_stm32f0xx.o
                                                  Drivers\STM32F0xx_HAL_Driver\Src\stm32f0xx_ll_utils.o
                                                  Drivers\STM32F0xx_HAL_Driver\Src\stm32f0xx_hal_rcc.o
SystemCoreClockUpdate                             src\system_stm32f0xx.o
                                                  Drivers\CMSIS\Device\ST\STM32F0xx\Source\Templates\system_stm32f0xx.o
SystemInit                                        src\system_stm32f0xx.o
                                                  Drivers\CMSIS\Device\ST\STM32F0xx\Source\Templates\system_stm32f0xx.o
                                                  src\startup_stm32f091xc.o
TIM14_IRQHandler                                  src\startup_stm32f091xc.o
TIM15_IRQHandler                                  src\startup_stm32f091xc.o
TIM16_IRQHandler                                  src\startup_stm32f091xc.o
TIM17_IRQHandler                                  src\startup_stm32f091xc.o
TIM1_BRK_UP_TRG_COM_IRQHandler                    src\startup_stm32f091xc.o
TIM1_CC_IRQHandler                                src\startup_stm32f091xc.o
TIM2_IRQHandler                                   src\startup_stm32f091xc.o
TIM3_IRQHandler                                   src\startup_stm32f091xc.o
TIM6_DAC_IRQHandler                               src\startup_stm32f091xc.o
TIM7_IRQHandler                                   src\startup_stm32f091xc.o
TSC_IRQHandler                                    src\startup_stm32f091xc.o
USART1_IRQHandler                                 src\startup_stm32f091xc.o
USART2_IRQHandler                                 src\startup_stm32f091xc.o
USART3_8_IRQHandler                               src\startup_stm32f091xc.o
WWDG_IRQHandler                                   src\startup_stm32f091xc.o
__aeabi_idiv                                      c:/program files (x86)/atollic/truestudio for stm32 9.0.1/armtools/bin/../lib/gcc/arm-atollic-eabi/6.3.1/armv6-m\libgcc.a(_divsi3.o)
                                                  src\tiny_printf.o
__aeabi_idiv0                                     c:/program files (x86)/atollic/truestudio for stm32 9.0.1/armtools/bin/../lib/gcc/arm-atollic-eabi/6.3.1/armv6-m\libgcc.a(_dvmd_tls.o)
                                                  c:/program files (x86)/atollic/truestudio for stm32 9.0.1/armtools/bin/../lib/gcc/arm-atollic-eabi/6.3.1/armv6-m\libgcc.a(_divsi3.o)
                                                  c:/program files (x86)/atollic/truestudio for stm32 9.0.1/armtools/bin/../lib/gcc/arm-atollic-eabi/6.3.1/armv6-m\libgcc.a(_udivsi3.o)
__aeabi_idivmod                                   c:/program files (x86)/atollic/truestudio for stm32 9.0.1/armtools/bin/../lib/gcc/arm-atollic-eabi/6.3.1/armv6-m\libgcc.a(_divsi3.o)
__aeabi_ldiv0                                     c:/program files (x86)/atollic/truestudio for stm32 9.0.1/armtools/bin/../lib/gcc/arm-atollic-eabi/6.3.1/armv6-m\libgcc.a(_dvmd_tls.o)
__aeabi_uidiv                                     c:/program files (x86)/atollic/truestudio for stm32 9.0.1/armtools/bin/../lib/gcc/arm-atollic-eabi/6.3.1/armv6-m\libgcc.a(_udivsi3.o)
                                                  src\tiny_printf.o
                                                  src\system_stm32f0xx.o
                                                  Drivers\STM32F0xx_HAL_Driver\Src\stm32f0xx_ll_utils.o
                                                  Drivers\STM32F0xx_HAL_Driver\Src\stm32f0xx_hal_rcc.o
                                                  Drivers\STM32F0xx_HAL_Driver\Src\stm32f0xx_hal.o
                                                  Drivers\CMSIS\Device\ST\STM32F0xx\Source\Templates\system_stm32f0xx.o
__aeabi_uidivmod                                  c:/program files (x86)/atollic/truestudio for stm32 9.0.1/armtools/bin/../lib/gcc/arm-atollic-eabi/6.3.1/armv6-m\libgcc.a(_udivsi3.o)
                                                  src\tiny_printf.o
__deregister_frame_info                           c:/program files (x86)/atollic/truestudio for stm32 9.0.1/armtools/bin/../lib/gcc/arm-atollic-eabi/6.3.1/armv6-m/crtbegin.o
__divsi3                                          c:/program files (x86)/atollic/truestudio for stm32 9.0.1/armtools/bin/../lib/gcc/arm-atollic-eabi/6.3.1/armv6-m\libgcc.a(_divsi3.o)
__dso_handle                                      c:/program files (x86)/atollic/truestudio for stm32 9.0.1/armtools/bin/../lib/gcc/arm-atollic-eabi/6.3.1/armv6-m/crtbegin.o
__init_array_end                                  c:/program files (x86)/atollic/truestudio for stm32 9.0.1/armtools/bin/../lib/gcc/arm-atollic-eabi/6.3.1/../../../../arm-atollic-eabi/lib/armv6-m\libc.a(lib_a-init.o)
__init_array_start                                c:/program files (x86)/atollic/truestudio for stm32 9.0.1/armtools/bin/../lib/gcc/arm-atollic-eabi/6.3.1/../../../../arm-atollic-eabi/lib/armv6-m\libc.a(lib_a-init.o)
__libc_init_array                                 c:/program files (x86)/atollic/truestudio for stm32 9.0.1/armtools/bin/../lib/gcc/arm-atollic-eabi/6.3.1/../../../../arm-atollic-eabi/lib/armv6-m\libc.a(lib_a-init.o)
                                                  src\startup_stm32f091xc.o
__preinit_array_end                               c:/program files (x86)/atollic/truestudio for stm32 9.0.1/armtools/bin/../lib/gcc/arm-atollic-eabi/6.3.1/../../../../arm-atollic-eabi/lib/armv6-m\libc.a(lib_a-init.o)
__preinit_array_start                             c:/program files (x86)/atollic/truestudio for stm32 9.0.1/armtools/bin/../lib/gcc/arm-atollic-eabi/6.3.1/../../../../arm-atollic-eabi/lib/armv6-m\libc.a(lib_a-init.o)
__register_frame_info                             c:/program files (x86)/atollic/truestudio for stm32 9.0.1/armtools/bin/../lib/gcc/arm-atollic-eabi/6.3.1/armv6-m/crtbegin.o
__udivsi3                                         c:/program files (x86)/atollic/truestudio for stm32 9.0.1/armtools/bin/../lib/gcc/arm-atollic-eabi/6.3.1/armv6-m\libgcc.a(_udivsi3.o)
_ebss                                             src\startup_stm32f091xc.o
_edata                                            src\startup_stm32f091xc.o
_estack                                           src\startup_stm32f091xc.o
_fini                                             c:/program files (x86)/atollic/truestudio for stm32 9.0.1/armtools/bin/../lib/gcc/arm-atollic-eabi/6.3.1/armv6-m/crti.o
_init                                             c:/program files (x86)/atollic/truestudio for stm32 9.0.1/armtools/bin/../lib/gcc/arm-atollic-eabi/6.3.1/armv6-m/crti.o
                                                  c:/program files (x86)/atollic/truestudio for stm32 9.0.1/armtools/bin/../lib/gcc/arm-atollic-eabi/6.3.1/../../../../arm-atollic-eabi/lib/armv6-m\libc.a(lib_a-init.o)
_sbss                                             src\startup_stm32f091xc.o
_sdata                                            src\startup_stm32f091xc.o
_sidata                                           src\startup_stm32f091xc.o
_write                                            c:/program files (x86)/atollic/truestudio for stm32 9.0.1/armtools/bin/../lib/gcc/arm-atollic-eabi/6.3.1/../../../../arm-atollic-eabi/lib/armv6-m\libnosys.a(write.o)
                                                  src\tiny_printf.o
errno                                             c:/program files (x86)/atollic/truestudio for stm32 9.0.1/armtools/bin/../lib/gcc/arm-atollic-eabi/6.3.1/../../../../arm-atollic-eabi/lib/armv6-m\libnosys.a(errno.o)
                                                  c:/program files (x86)/atollic/truestudio for stm32 9.0.1/armtools/bin/../lib/gcc/arm-atollic-eabi/6.3.1/../../../../arm-atollic-eabi/lib/armv6-m\libnosys.a(write.o)
fiprintf                                          src\tiny_printf.o
fprintf                                           src\tiny_printf.o
fputs                                             src\tiny_printf.o
fwrite                                            src\tiny_printf.o
g_pfnVectors                                      src\startup_stm32f091xc.o
iprintf                                           src\tiny_printf.o
main                                              src\main.o
                                                  src\startup_stm32f091xc.o
pFlash                                            Drivers\STM32F0xx_HAL_Driver\Src\stm32f0xx_hal_flash.o
                                                  Drivers\STM32F0xx_HAL_Driver\Src\stm32f0xx_hal_flash_ex.o
printf                                            src\tiny_printf.o
puts                                              src\tiny_printf.o
siprintf                                          src\tiny_printf.o
sprintf                                           src\tiny_printf.o
strlen                                            c:/program files (x86)/atollic/truestudio for stm32 9.0.1/armtools/bin/../lib/gcc/arm-atollic-eabi/6.3.1/../../../../arm-atollic-eabi/lib/armv6-m\libc.a(lib_a-strlen.o)
                                                  src\tiny_printf.o
ts_formatlength                                   src\tiny_printf.o
ts_formatstring                                   src\tiny_printf.o
ts_itoa                                           src\tiny_printf.o
uwTick                                            Drivers\STM32F0xx_HAL_Driver\Src\stm32f0xx_hal.o
