Archive member included to satisfy reference by file (symbol)

c:/program files (x86)/atollic/truestudio for stm32 9.0.1/armtools/bin/../lib/gcc/arm-atollic-eabi/6.3.1/../../../../arm-atollic-eabi/lib/armv6-m\libc.a(lib_a-init.o)
                              src\startup_stm32f091xc.o (__libc_init_array)
c:/program files (x86)/atollic/truestudio for stm32 9.0.1/armtools/bin/../lib/gcc/arm-atollic-eabi/6.3.1/../../../../arm-atollic-eabi/lib/armv6-m\libc.a(lib_a-strlen.o)
                              src\tiny_printf.o (strlen)
c:/program files (x86)/atollic/truestudio for stm32 9.0.1/armtools/bin/../lib/gcc/arm-atollic-eabi/6.3.1/armv6-m\libgcc.a(_udivsi3.o)
                              Drivers\STM32F0xx_HAL_Driver\Src\stm32f0xx_hal.o (__aeabi_uidiv)
c:/program files (x86)/atollic/truestudio for stm32 9.0.1/armtools/bin/../lib/gcc/arm-atollic-eabi/6.3.1/armv6-m\libgcc.a(_divsi3.o)
                              src\tiny_printf.o (__aeabi_idiv)
c:/program files (x86)/atollic/truestudio for stm32 9.0.1/armtools/bin/../lib/gcc/arm-atollic-eabi/6.3.1/armv6-m\libgcc.a(_dvmd_tls.o)
                              c:/program files (x86)/atollic/truestudio for stm32 9.0.1/armtools/bin/../lib/gcc/arm-atollic-eabi/6.3.1/armv6-m\libgcc.a(_udivsi3.o) (__aeabi_idiv0)
c:/program files (x86)/atollic/truestudio for stm32 9.0.1/armtools/bin/../lib/gcc/arm-atollic-eabi/6.3.1/../../../../arm-atollic-eabi/lib/armv6-m\libnosys.a(write.o)
                              src\tiny_printf.o (_write)
c:/program files (x86)/atollic/truestudio for stm32 9.0.1/armtools/bin/../lib/gcc/arm-atollic-eabi/6.3.1/../../../../arm-atollic-eabi/lib/armv6-m\libnosys.a(errno.o)
                              c:/program files (x86)/atollic/truestudio for stm32 9.0.1/armtools/bin/../lib/gcc/arm-atollic-eabi/6.3.1/../../../../arm-atollic-eabi/lib/armv6-m\libnosys.a(write.o) (errno)

Allocating common symbols
Common symbol       size              file

errno               0x4               c:/program files (x86)/atollic/truestudio for stm32 9.0.1/armtools/bin/../lib/gcc/arm-atollic-eabi/6.3.1/../../../../arm-atollic-eabi/lib/armv6-m\libnosys.a(errno.o)
sample_num          0x1               src\main.o
uwTick              0x4               Drivers\STM32F0xx_HAL_Driver\Src\stm32f0xx_hal.o
pFlash              0x20              Drivers\STM32F0xx_HAL_Driver\Src\stm32f0xx_hal_flash.o
adc_vals            0xa               src\main.o
AdcHandle           0x4c              src\main.o
result              0x1               src\main.o

Memory Configuration

Name             Origin             Length             Attributes
FLASH            0x08000000         0x00040000         xr
RAM              0x20000000         0x00008000         xrw
MEMORY_B1        0x60000000         0x00000000         xr
*default*        0x00000000         0xffffffff

Linker script and memory map

LOAD c:/program files (x86)/atollic/truestudio for stm32 9.0.1/armtools/bin/../lib/gcc/arm-atollic-eabi/6.3.1/armv6-m/crti.o
LOAD c:/program files (x86)/atollic/truestudio for stm32 9.0.1/armtools/bin/../lib/gcc/arm-atollic-eabi/6.3.1/armv6-m/crtbegin.o
LOAD Drivers\BSP\STM32F0xx-Nucleo\stm32f0xx_nucleo.o
LOAD Drivers\STM32F0xx_HAL_Driver\Src\stm32f0xx_hal.o
LOAD Drivers\STM32F0xx_HAL_Driver\Src\stm32f0xx_hal_adc.o
LOAD Drivers\STM32F0xx_HAL_Driver\Src\stm32f0xx_hal_adc_ex.o
LOAD Drivers\STM32F0xx_HAL_Driver\Src\stm32f0xx_hal_can.o
LOAD Drivers\STM32F0xx_HAL_Driver\Src\stm32f0xx_hal_cec.o
LOAD Drivers\STM32F0xx_HAL_Driver\Src\stm32f0xx_hal_comp.o
LOAD Drivers\STM32F0xx_HAL_Driver\Src\stm32f0xx_hal_cortex.o
LOAD Drivers\STM32F0xx_HAL_Driver\Src\stm32f0xx_hal_crc.o
LOAD Drivers\STM32F0xx_HAL_Driver\Src\stm32f0xx_hal_crc_ex.o
LOAD Drivers\STM32F0xx_HAL_Driver\Src\stm32f0xx_hal_dac.o
LOAD Drivers\STM32F0xx_HAL_Driver\Src\stm32f0xx_hal_dac_ex.o
LOAD Drivers\STM32F0xx_HAL_Driver\Src\stm32f0xx_hal_dma.o
LOAD Drivers\STM32F0xx_HAL_Driver\Src\stm32f0xx_hal_flash.o
LOAD Drivers\STM32F0xx_HAL_Driver\Src\stm32f0xx_hal_flash_ex.o
LOAD Drivers\STM32F0xx_HAL_Driver\Src\stm32f0xx_hal_gpio.o
LOAD Drivers\STM32F0xx_HAL_Driver\Src\stm32f0xx_hal_i2c.o
LOAD Drivers\STM32F0xx_HAL_Driver\Src\stm32f0xx_hal_i2c_ex.o
LOAD Drivers\STM32F0xx_HAL_Driver\Src\stm32f0xx_hal_i2s.o
LOAD Drivers\STM32F0xx_HAL_Driver\Src\stm32f0xx_hal_irda.o
LOAD Drivers\STM32F0xx_HAL_Driver\Src\stm32f0xx_hal_iwdg.o
LOAD Drivers\STM32F0xx_HAL_Driver\Src\stm32f0xx_hal_msp_template.o
LOAD Drivers\STM32F0xx_HAL_Driver\Src\stm32f0xx_hal_pcd.o
LOAD Drivers\STM32F0xx_HAL_Driver\Src\stm32f0xx_hal_pcd_ex.o
LOAD Drivers\STM32F0xx_HAL_Driver\Src\stm32f0xx_hal_pwr.o
LOAD Drivers\STM32F0xx_HAL_Driver\Src\stm32f0xx_hal_pwr_ex.o
LOAD Drivers\STM32F0xx_HAL_Driver\Src\stm32f0xx_hal_rcc.o
LOAD Drivers\STM32F0xx_HAL_Driver\Src\stm32f0xx_hal_rcc_ex.o
LOAD Drivers\STM32F0xx_HAL_Driver\Src\stm32f0xx_hal_rtc.o
LOAD Drivers\STM32F0xx_HAL_Driver\Src\stm32f0xx_hal_rtc_ex.o
LOAD Drivers\STM32F0xx_HAL_Driver\Src\stm32f0xx_hal_smartcard.o
LOAD Drivers\STM32F0xx_HAL_Driver\Src\stm32f0xx_hal_smartcard_ex.o
LOAD Drivers\STM32F0xx_HAL_Driver\Src\stm32f0xx_hal_smbus.o
LOAD Drivers\STM32F0xx_HAL_Driver\Src\stm32f0xx_hal_spi.o
LOAD Drivers\STM32F0xx_HAL_Driver\Src\stm32f0xx_hal_spi_ex.o
LOAD Drivers\STM32F0xx_HAL_Driver\Src\stm32f0xx_hal_tim.o
LOAD Drivers\STM32F0xx_HAL_Driver\Src\stm32f0xx_hal_tim_ex.o
LOAD Drivers\STM32F0xx_HAL_Driver\Src\stm32f0xx_hal_tsc.o
LOAD Drivers\STM32F0xx_HAL_Driver\Src\stm32f0xx_hal_uart.o
LOAD Drivers\STM32F0xx_HAL_Driver\Src\stm32f0xx_hal_uart_ex.o
LOAD Drivers\STM32F0xx_HAL_Driver\Src\stm32f0xx_hal_usart.o
LOAD Drivers\STM32F0xx_HAL_Driver\Src\stm32f0xx_hal_wwdg.o
LOAD Drivers\STM32F0xx_HAL_Driver\Src\stm32f0xx_ll_adc.o
LOAD Drivers\STM32F0xx_HAL_Driver\Src\stm32f0xx_ll_comp.o
LOAD Drivers\STM32F0xx_HAL_Driver\Src\stm32f0xx_ll_crc.o
LOAD Drivers\STM32F0xx_HAL_Driver\Src\stm32f0xx_ll_crs.o
LOAD Drivers\STM32F0xx_HAL_Driver\Src\stm32f0xx_ll_dac.o
LOAD Drivers\STM32F0xx_HAL_Driver\Src\stm32f0xx_ll_dma.o
LOAD Drivers\STM32F0xx_HAL_Driver\Src\stm32f0xx_ll_exti.o
LOAD Drivers\STM32F0xx_HAL_Driver\Src\stm32f0xx_ll_gpio.o
LOAD Drivers\STM32F0xx_HAL_Driver\Src\stm32f0xx_ll_i2c.o
LOAD Drivers\STM32F0xx_HAL_Driver\Src\stm32f0xx_ll_pwr.o
LOAD Drivers\STM32F0xx_HAL_Driver\Src\stm32f0xx_ll_rcc.o
LOAD Drivers\STM32F0xx_HAL_Driver\Src\stm32f0xx_ll_rtc.o
LOAD Drivers\STM32F0xx_HAL_Driver\Src\stm32f0xx_ll_spi.o
LOAD Drivers\STM32F0xx_HAL_Driver\Src\stm32f0xx_ll_tim.o
LOAD Drivers\STM32F0xx_HAL_Driver\Src\stm32f0xx_ll_usart.o
LOAD Drivers\STM32F0xx_HAL_Driver\Src\stm32f0xx_ll_utils.o
LOAD src\main.o
LOAD src\startup_stm32f091xc.o
LOAD src\stm32f0xx_hal_msp.o
LOAD src\stm32f0xx_it.o
LOAD src\system_stm32f0xx.o
LOAD src\tiny_printf.o
                0x00000080                malloc_getpagesize_P = 0x80
START GROUP
LOAD c:/program files (x86)/atollic/truestudio for stm32 9.0.1/armtools/bin/../lib/gcc/arm-atollic-eabi/6.3.1/../../../../arm-atollic-eabi/lib/armv6-m\libc.a
LOAD c:/program files (x86)/atollic/truestudio for stm32 9.0.1/armtools/bin/../lib/gcc/arm-atollic-eabi/6.3.1/../../../../arm-atollic-eabi/lib/armv6-m\libm.a
END GROUP
START GROUP
LOAD c:/program files (x86)/atollic/truestudio for stm32 9.0.1/armtools/bin/../lib/gcc/arm-atollic-eabi/6.3.1/armv6-m\libgcc.a
LOAD c:/program files (x86)/atollic/truestudio for stm32 9.0.1/armtools/bin/../lib/gcc/arm-atollic-eabi/6.3.1/../../../../arm-atollic-eabi/lib/armv6-m\libc.a
END GROUP
START GROUP
LOAD c:/program files (x86)/atollic/truestudio for stm32 9.0.1/armtools/bin/../lib/gcc/arm-atollic-eabi/6.3.1/armv6-m\libgcc.a
LOAD c:/program files (x86)/atollic/truestudio for stm32 9.0.1/armtools/bin/../lib/gcc/arm-atollic-eabi/6.3.1/../../../../arm-atollic-eabi/lib/armv6-m\libc.a
LOAD c:/program files (x86)/atollic/truestudio for stm32 9.0.1/armtools/bin/../lib/gcc/arm-atollic-eabi/6.3.1/../../../../arm-atollic-eabi/lib/armv6-m\libnosys.a
END GROUP
LOAD c:/program files (x86)/atollic/truestudio for stm32 9.0.1/armtools/bin/../lib/gcc/arm-atollic-eabi/6.3.1/armv6-m/crtend.o
LOAD c:/program files (x86)/atollic/truestudio for stm32 9.0.1/armtools/bin/../lib/gcc/arm-atollic-eabi/6.3.1/armv6-m/crtn.o
                0x20008000                _estack = 0x20008000
                0x00000000                _Min_Heap_Size = 0x0
                0x00000100                _Min_Stack_Size = 0x100

.isr_vector     0x08000000       0xbc
                0x08000000                . = ALIGN (0x4)
 *(.isr_vector)
 .isr_vector    0x08000000       0xbc src\startup_stm32f091xc.o
                0x08000000                g_pfnVectors
                0x080000bc                . = ALIGN (0x4)

.text           0x080000bc     0x6970
                0x080000bc                . = ALIGN (0x4)
 *(.text)
 .text          0x080000bc        0x0 c:/program files (x86)/atollic/truestudio for stm32 9.0.1/armtools/bin/../lib/gcc/arm-atollic-eabi/6.3.1/armv6-m/crti.o
 .text          0x080000bc       0x48 c:/program files (x86)/atollic/truestudio for stm32 9.0.1/armtools/bin/../lib/gcc/arm-atollic-eabi/6.3.1/armv6-m/crtbegin.o
 .text          0x08000104        0x0 Drivers\BSP\STM32F0xx-Nucleo\stm32f0xx_nucleo.o
 .text          0x08000104        0x0 Drivers\STM32F0xx_HAL_Driver\Src\stm32f0xx_hal.o
 .text          0x08000104        0x0 Drivers\STM32F0xx_HAL_Driver\Src\stm32f0xx_hal_adc.o
 .text          0x08000104        0x0 Drivers\STM32F0xx_HAL_Driver\Src\stm32f0xx_hal_adc_ex.o
 .text          0x08000104        0x0 Drivers\STM32F0xx_HAL_Driver\Src\stm32f0xx_hal_can.o
 .text          0x08000104        0x0 Drivers\STM32F0xx_HAL_Driver\Src\stm32f0xx_hal_cec.o
 .text          0x08000104        0x0 Drivers\STM32F0xx_HAL_Driver\Src\stm32f0xx_hal_comp.o
 .text          0x08000104        0x0 Drivers\STM32F0xx_HAL_Driver\Src\stm32f0xx_hal_cortex.o
 .text          0x08000104        0x0 Drivers\STM32F0xx_HAL_Driver\Src\stm32f0xx_hal_crc.o
 .text          0x08000104        0x0 Drivers\STM32F0xx_HAL_Driver\Src\stm32f0xx_hal_crc_ex.o
 .text          0x08000104        0x0 Drivers\STM32F0xx_HAL_Driver\Src\stm32f0xx_hal_dac.o
 .text          0x08000104        0x0 Drivers\STM32F0xx_HAL_Driver\Src\stm32f0xx_hal_dac_ex.o
 .text          0x08000104        0x0 Drivers\STM32F0xx_HAL_Driver\Src\stm32f0xx_hal_dma.o
 .text          0x08000104        0x0 Drivers\STM32F0xx_HAL_Driver\Src\stm32f0xx_hal_flash.o
 .text          0x08000104        0x0 Drivers\STM32F0xx_HAL_Driver\Src\stm32f0xx_hal_flash_ex.o
 .text          0x08000104        0x0 Drivers\STM32F0xx_HAL_Driver\Src\stm32f0xx_hal_gpio.o
 .text          0x08000104        0x0 Drivers\STM32F0xx_HAL_Driver\Src\stm32f0xx_hal_i2c.o
 .text          0x08000104        0x0 Drivers\STM32F0xx_HAL_Driver\Src\stm32f0xx_hal_i2c_ex.o
 .text          0x08000104        0x0 Drivers\STM32F0xx_HAL_Driver\Src\stm32f0xx_hal_i2s.o
 .text          0x08000104        0x0 Drivers\STM32F0xx_HAL_Driver\Src\stm32f0xx_hal_irda.o
 .text          0x08000104        0x0 Drivers\STM32F0xx_HAL_Driver\Src\stm32f0xx_hal_iwdg.o
 .text          0x08000104        0x0 Drivers\STM32F0xx_HAL_Driver\Src\stm32f0xx_hal_msp_template.o
 .text          0x08000104        0x0 Drivers\STM32F0xx_HAL_Driver\Src\stm32f0xx_hal_pcd.o
 .text          0x08000104        0x0 Drivers\STM32F0xx_HAL_Driver\Src\stm32f0xx_hal_pcd_ex.o
 .text          0x08000104        0x0 Drivers\STM32F0xx_HAL_Driver\Src\stm32f0xx_hal_pwr.o
 .text          0x08000104        0x0 Drivers\STM32F0xx_HAL_Driver\Src\stm32f0xx_hal_pwr_ex.o
 .text          0x08000104        0x0 Drivers\STM32F0xx_HAL_Driver\Src\stm32f0xx_hal_rcc.o
 .text          0x08000104        0x0 Drivers\STM32F0xx_HAL_Driver\Src\stm32f0xx_hal_rcc_ex.o
 .text          0x08000104        0x0 Drivers\STM32F0xx_HAL_Driver\Src\stm32f0xx_hal_rtc.o
 .text          0x08000104        0x0 Drivers\STM32F0xx_HAL_Driver\Src\stm32f0xx_hal_rtc_ex.o
 .text          0x08000104        0x0 Drivers\STM32F0xx_HAL_Driver\Src\stm32f0xx_hal_smartcard.o
 .text          0x08000104        0x0 Drivers\STM32F0xx_HAL_Driver\Src\stm32f0xx_hal_smartcard_ex.o
 .text          0x08000104        0x0 Drivers\STM32F0xx_HAL_Driver\Src\stm32f0xx_hal_smbus.o
 .text          0x08000104        0x0 Drivers\STM32F0xx_HAL_Driver\Src\stm32f0xx_hal_spi.o
 .text          0x08000104        0x0 Drivers\STM32F0xx_HAL_Driver\Src\stm32f0xx_hal_spi_ex.o
 .text          0x08000104        0x0 Drivers\STM32F0xx_HAL_Driver\Src\stm32f0xx_hal_tim.o
 .text          0x08000104        0x0 Drivers\STM32F0xx_HAL_Driver\Src\stm32f0xx_hal_tim_ex.o
 .text          0x08000104        0x0 Drivers\STM32F0xx_HAL_Driver\Src\stm32f0xx_hal_tsc.o
 .text          0x08000104        0x0 Drivers\STM32F0xx_HAL_Driver\Src\stm32f0xx_hal_uart.o
 .text          0x08000104        0x0 Drivers\STM32F0xx_HAL_Driver\Src\stm32f0xx_hal_uart_ex.o
 .text          0x08000104        0x0 Drivers\STM32F0xx_HAL_Driver\Src\stm32f0xx_hal_usart.o
 .text          0x08000104        0x0 Drivers\STM32F0xx_HAL_Driver\Src\stm32f0xx_hal_wwdg.o
 .text          0x08000104        0x0 Drivers\STM32F0xx_HAL_Driver\Src\stm32f0xx_ll_adc.o
 .text          0x08000104        0x0 Drivers\STM32F0xx_HAL_Driver\Src\stm32f0xx_ll_comp.o
 .text          0x08000104        0x0 Drivers\STM32F0xx_HAL_Driver\Src\stm32f0xx_ll_crc.o
 .text          0x08000104        0x0 Drivers\STM32F0xx_HAL_Driver\Src\stm32f0xx_ll_crs.o
 .text          0x08000104        0x0 Drivers\STM32F0xx_HAL_Driver\Src\stm32f0xx_ll_dac.o
 .text          0x08000104        0x0 Drivers\STM32F0xx_HAL_Driver\Src\stm32f0xx_ll_dma.o
 .text          0x08000104        0x0 Drivers\STM32F0xx_HAL_Driver\Src\stm32f0xx_ll_exti.o
 .text          0x08000104        0x0 Drivers\STM32F0xx_HAL_Driver\Src\stm32f0xx_ll_gpio.o
 .text          0x08000104        0x0 Drivers\STM32F0xx_HAL_Driver\Src\stm32f0xx_ll_i2c.o
 .text          0x08000104        0x0 Drivers\STM32F0xx_HAL_Driver\Src\stm32f0xx_ll_pwr.o
 .text          0x08000104        0x0 Drivers\STM32F0xx_HAL_Driver\Src\stm32f0xx_ll_rcc.o
 .text          0x08000104        0x0 Drivers\STM32F0xx_HAL_Driver\Src\stm32f0xx_ll_rtc.o
 .text          0x08000104        0x0 Drivers\STM32F0xx_HAL_Driver\Src\stm32f0xx_ll_spi.o
 .text          0x08000104        0x0 Drivers\STM32F0xx_HAL_Driver\Src\stm32f0xx_ll_tim.o
 .text          0x08000104        0x0 Drivers\STM32F0xx_HAL_Driver\Src\stm32f0xx_ll_usart.o
 .text          0x08000104        0x0 Drivers\STM32F0xx_HAL_Driver\Src\stm32f0xx_ll_utils.o
 .text          0x08000104        0x0 src\main.o
 .text          0x08000104       0x14 src\startup_stm32f091xc.o
 .text          0x08000118        0x0 src\stm32f0xx_hal_msp.o
 .text          0x08000118        0x0 src\stm32f0xx_it.o
 .text          0x08000118        0x0 src\system_stm32f0xx.o
 .text          0x08000118        0x0 src\tiny_printf.o
 .text          0x08000118        0x0 c:/program files (x86)/atollic/truestudio for stm32 9.0.1/armtools/bin/../lib/gcc/arm-atollic-eabi/6.3.1/../../../../arm-atollic-eabi/lib/armv6-m\libc.a(lib_a-init.o)
 .text          0x08000118        0xe c:/program files (x86)/atollic/truestudio for stm32 9.0.1/armtools/bin/../lib/gcc/arm-atollic-eabi/6.3.1/../../../../arm-atollic-eabi/lib/armv6-m\libc.a(lib_a-strlen.o)
                0x08000118                strlen
 *fill*         0x08000126        0x2 
 .text          0x08000128      0x114 c:/program files (x86)/atollic/truestudio for stm32 9.0.1/armtools/bin/../lib/gcc/arm-atollic-eabi/6.3.1/armv6-m\libgcc.a(_udivsi3.o)
                0x08000128                __aeabi_uidiv
                0x08000128                __udivsi3
                0x08000234                __aeabi_uidivmod
 .text          0x0800023c      0x1d4 c:/program files (x86)/atollic/truestudio for stm32 9.0.1/armtools/bin/../lib/gcc/arm-atollic-eabi/6.3.1/armv6-m\libgcc.a(_divsi3.o)
                0x0800023c                __divsi3
                0x0800023c                __aeabi_idiv
                0x08000408                __aeabi_idivmod
 .text          0x08000410        0x4 c:/program files (x86)/atollic/truestudio for stm32 9.0.1/armtools/bin/../lib/gcc/arm-atollic-eabi/6.3.1/armv6-m\libgcc.a(_dvmd_tls.o)
                0x08000410                __aeabi_idiv0
                0x08000410                __aeabi_ldiv0
 .text          0x08000414        0x0 c:/program files (x86)/atollic/truestudio for stm32 9.0.1/armtools/bin/../lib/gcc/arm-atollic-eabi/6.3.1/../../../../arm-atollic-eabi/lib/armv6-m\libnosys.a(write.o)
 .text          0x08000414        0x0 c:/program files (x86)/atollic/truestudio for stm32 9.0.1/armtools/bin/../lib/gcc/arm-atollic-eabi/6.3.1/../../../../arm-atollic-eabi/lib/armv6-m\libnosys.a(errno.o)
 .text          0x08000414        0x0 c:/program files (x86)/atollic/truestudio for stm32 9.0.1/armtools/bin/../lib/gcc/arm-atollic-eabi/6.3.1/armv6-m/crtend.o
 .text          0x08000414        0x0 c:/program files (x86)/atollic/truestudio for stm32 9.0.1/armtools/bin/../lib/gcc/arm-atollic-eabi/6.3.1/armv6-m/crtn.o
 *(.text*)
 .text.BSP_GetVersion
                0x08000414       0x10 Drivers\BSP\STM32F0xx-Nucleo\stm32f0xx_nucleo.o
                0x08000414                BSP_GetVersion
 .text.BSP_LED_Init
                0x08000424       0x78 Drivers\BSP\STM32F0xx-Nucleo\stm32f0xx_nucleo.o
                0x08000424                BSP_LED_Init
 .text.BSP_LED_DeInit
                0x0800049c       0x50 Drivers\BSP\STM32F0xx-Nucleo\stm32f0xx_nucleo.o
                0x0800049c                BSP_LED_DeInit
 .text.BSP_LED_On
                0x080004ec       0x2c Drivers\BSP\STM32F0xx-Nucleo\stm32f0xx_nucleo.o
                0x080004ec                BSP_LED_On
 .text.BSP_LED_Off
                0x08000518       0x2c Drivers\BSP\STM32F0xx-Nucleo\stm32f0xx_nucleo.o
                0x08000518                BSP_LED_Off
 .text.BSP_LED_Toggle
                0x08000544       0x2c Drivers\BSP\STM32F0xx-Nucleo\stm32f0xx_nucleo.o
                0x08000544                BSP_LED_Toggle
 .text.BSP_PB_Init
                0x08000570       0xcc Drivers\BSP\STM32F0xx-Nucleo\stm32f0xx_nucleo.o
                0x08000570                BSP_PB_Init
 .text.BSP_PB_DeInit
                0x0800063c       0x48 Drivers\BSP\STM32F0xx-Nucleo\stm32f0xx_nucleo.o
                0x0800063c                BSP_PB_DeInit
 .text.BSP_PB_GetState
                0x08000684       0x30 Drivers\BSP\STM32F0xx-Nucleo\stm32f0xx_nucleo.o
                0x08000684                BSP_PB_GetState
 .text.ADCx_MspInit
                0x080006b4       0x70 Drivers\BSP\STM32F0xx-Nucleo\stm32f0xx_nucleo.o
 .text.ADCx_MspDeInit
                0x08000724       0x40 Drivers\BSP\STM32F0xx-Nucleo\stm32f0xx_nucleo.o
 .text.ADCx_Init
                0x08000764       0xa8 Drivers\BSP\STM32F0xx-Nucleo\stm32f0xx_nucleo.o
 .text.ADCx_DeInit
                0x0800080c       0x28 Drivers\BSP\STM32F0xx-Nucleo\stm32f0xx_nucleo.o
 .text.BSP_JOY_Init
                0x08000834       0x3c Drivers\BSP\STM32F0xx-Nucleo\stm32f0xx_nucleo.o
                0x08000834                BSP_JOY_Init
 .text.BSP_JOY_DeInit
                0x08000870        0xe Drivers\BSP\STM32F0xx-Nucleo\stm32f0xx_nucleo.o
                0x08000870                BSP_JOY_DeInit
 *fill*         0x0800087e        0x2 
 .text.BSP_JOY_GetState
                0x08000880       0xec Drivers\BSP\STM32F0xx-Nucleo\stm32f0xx_nucleo.o
                0x08000880                BSP_JOY_GetState
 .text.HAL_Init
                0x0800096c       0x28 Drivers\STM32F0xx_HAL_Driver\Src\stm32f0xx_hal.o
                0x0800096c                HAL_Init
 .text.HAL_DeInit
                0x08000994       0x40 Drivers\STM32F0xx_HAL_Driver\Src\stm32f0xx_hal.o
                0x08000994                HAL_DeInit
 .text.HAL_MspInit
                0x080009d4        0xa Drivers\STM32F0xx_HAL_Driver\Src\stm32f0xx_hal.o
 .text.HAL_MspDeInit
                0x080009de        0xa Drivers\STM32F0xx_HAL_Driver\Src\stm32f0xx_hal.o
 .text.HAL_InitTick
                0x080009e8       0x38 Drivers\STM32F0xx_HAL_Driver\Src\stm32f0xx_hal.o
                0x080009e8                HAL_InitTick
 .text.HAL_IncTick
                0x08000a20       0x18 Drivers\STM32F0xx_HAL_Driver\Src\stm32f0xx_hal.o
                0x08000a20                HAL_IncTick
 .text.HAL_GetTick
                0x08000a38       0x14 Drivers\STM32F0xx_HAL_Driver\Src\stm32f0xx_hal.o
                0x08000a38                HAL_GetTick
 .text.HAL_Delay
                0x08000a4c       0x3a Drivers\STM32F0xx_HAL_Driver\Src\stm32f0xx_hal.o
                0x08000a4c                HAL_Delay
 *fill*         0x08000a86        0x2 
 .text.HAL_SuspendTick
                0x08000a88       0x1c Drivers\STM32F0xx_HAL_Driver\Src\stm32f0xx_hal.o
                0x08000a88                HAL_SuspendTick
 .text.HAL_ResumeTick
                0x08000aa4       0x1c Drivers\STM32F0xx_HAL_Driver\Src\stm32f0xx_hal.o
                0x08000aa4                HAL_ResumeTick
 .text.HAL_GetHalVersion
                0x08000ac0       0x10 Drivers\STM32F0xx_HAL_Driver\Src\stm32f0xx_hal.o
                0x08000ac0                HAL_GetHalVersion
 .text.HAL_GetREVID
                0x08000ad0       0x14 Drivers\STM32F0xx_HAL_Driver\Src\stm32f0xx_hal.o
                0x08000ad0                HAL_GetREVID
 .text.HAL_GetDEVID
                0x08000ae4       0x18 Drivers\STM32F0xx_HAL_Driver\Src\stm32f0xx_hal.o
                0x08000ae4                HAL_GetDEVID
 .text.HAL_GetUIDw0
                0x08000afc       0x14 Drivers\STM32F0xx_HAL_Driver\Src\stm32f0xx_hal.o
                0x08000afc                HAL_GetUIDw0
 .text.HAL_GetUIDw1
                0x08000b10       0x14 Drivers\STM32F0xx_HAL_Driver\Src\stm32f0xx_hal.o
                0x08000b10                HAL_GetUIDw1
 .text.HAL_GetUIDw2
                0x08000b24       0x14 Drivers\STM32F0xx_HAL_Driver\Src\stm32f0xx_hal.o
                0x08000b24                HAL_GetUIDw2
 .text.HAL_DBGMCU_EnableDBGStopMode
                0x08000b38       0x1c Drivers\STM32F0xx_HAL_Driver\Src\stm32f0xx_hal.o
                0x08000b38                HAL_DBGMCU_EnableDBGStopMode
 .text.HAL_DBGMCU_DisableDBGStopMode
                0x08000b54       0x1c Drivers\STM32F0xx_HAL_Driver\Src\stm32f0xx_hal.o
                0x08000b54                HAL_DBGMCU_DisableDBGStopMode
 .text.HAL_DBGMCU_EnableDBGStandbyMode
                0x08000b70       0x1c Drivers\STM32F0xx_HAL_Driver\Src\stm32f0xx_hal.o
                0x08000b70                HAL_DBGMCU_EnableDBGStandbyMode
 .text.HAL_DBGMCU_DisableDBGStandbyMode
                0x08000b8c       0x1c Drivers\STM32F0xx_HAL_Driver\Src\stm32f0xx_hal.o
                0x08000b8c                HAL_DBGMCU_DisableDBGStandbyMode
 .text.HAL_ADC_Init
                0x08000ba8      0x27c Drivers\STM32F0xx_HAL_Driver\Src\stm32f0xx_hal_adc.o
                0x08000ba8                HAL_ADC_Init
 .text.HAL_ADC_DeInit
                0x08000e24      0x118 Drivers\STM32F0xx_HAL_Driver\Src\stm32f0xx_hal_adc.o
                0x08000e24                HAL_ADC_DeInit
 .text.HAL_ADC_MspInit
                0x08000f3c       0x10 Drivers\STM32F0xx_HAL_Driver\Src\stm32f0xx_hal_adc.o
 .text.HAL_ADC_MspDeInit
                0x08000f4c       0x10 Drivers\STM32F0xx_HAL_Driver\Src\stm32f0xx_hal_adc.o
 .text.HAL_ADC_Start
                0x08000f5c       0xa8 Drivers\STM32F0xx_HAL_Driver\Src\stm32f0xx_hal_adc.o
                0x08000f5c                HAL_ADC_Start
 .text.HAL_ADC_Stop
                0x08001004       0x84 Drivers\STM32F0xx_HAL_Driver\Src\stm32f0xx_hal_adc.o
                0x08001004                HAL_ADC_Stop
 .text.HAL_ADC_PollForConversion
                0x08001088      0x120 Drivers\STM32F0xx_HAL_Driver\Src\stm32f0xx_hal_adc.o
                0x08001088                HAL_ADC_PollForConversion
 .text.HAL_ADC_PollForEvent
                0x080011a8       0xb2 Drivers\STM32F0xx_HAL_Driver\Src\stm32f0xx_hal_adc.o
                0x080011a8                HAL_ADC_PollForEvent
 *fill*         0x0800125a        0x2 
 .text.HAL_ADC_Start_IT
                0x0800125c       0xe4 Drivers\STM32F0xx_HAL_Driver\Src\stm32f0xx_hal_adc.o
                0x0800125c                HAL_ADC_Start_IT
 .text.HAL_ADC_Stop_IT
                0x08001340       0x94 Drivers\STM32F0xx_HAL_Driver\Src\stm32f0xx_hal_adc.o
                0x08001340                HAL_ADC_Stop_IT
 .text.HAL_ADC_Start_DMA
                0x080013d4      0x104 Drivers\STM32F0xx_HAL_Driver\Src\stm32f0xx_hal_adc.o
                0x080013d4                HAL_ADC_Start_DMA
 .text.HAL_ADC_Stop_DMA
                0x080014d8       0xe0 Drivers\STM32F0xx_HAL_Driver\Src\stm32f0xx_hal_adc.o
                0x080014d8                HAL_ADC_Stop_DMA
 .text.HAL_ADC_GetValue
                0x080015b8       0x16 Drivers\STM32F0xx_HAL_Driver\Src\stm32f0xx_hal_adc.o
                0x080015b8                HAL_ADC_GetValue
 *fill*         0x080015ce        0x2 
 .text.HAL_ADC_IRQHandler
                0x080015d0      0x16c Drivers\STM32F0xx_HAL_Driver\Src\stm32f0xx_hal_adc.o
                0x080015d0                HAL_ADC_IRQHandler
 .text.HAL_ADC_ConvCpltCallback
                0x0800173c       0x10 Drivers\STM32F0xx_HAL_Driver\Src\stm32f0xx_hal_adc.o
                0x0800173c                HAL_ADC_ConvCpltCallback
 .text.HAL_ADC_ConvHalfCpltCallback
                0x0800174c       0x10 Drivers\STM32F0xx_HAL_Driver\Src\stm32f0xx_hal_adc.o
                0x0800174c                HAL_ADC_ConvHalfCpltCallback
 .text.HAL_ADC_LevelOutOfWindowCallback
                0x0800175c       0x10 Drivers\STM32F0xx_HAL_Driver\Src\stm32f0xx_hal_adc.o
                0x0800175c                HAL_ADC_LevelOutOfWindowCallback
 .text.HAL_ADC_ErrorCallback
                0x0800176c       0x10 Drivers\STM32F0xx_HAL_Driver\Src\stm32f0xx_hal_adc.o
                0x0800176c                HAL_ADC_ErrorCallback
 .text.HAL_ADC_ConfigChannel
                0x0800177c      0x21c Drivers\STM32F0xx_HAL_Driver\Src\stm32f0xx_hal_adc.o
                0x0800177c                HAL_ADC_ConfigChannel
 .text.HAL_ADC_AnalogWDGConfig
                0x08001998      0x11c Drivers\STM32F0xx_HAL_Driver\Src\stm32f0xx_hal_adc.o
                0x08001998                HAL_ADC_AnalogWDGConfig
 .text.HAL_ADC_GetState
                0x08001ab4       0x14 Drivers\STM32F0xx_HAL_Driver\Src\stm32f0xx_hal_adc.o
                0x08001ab4                HAL_ADC_GetState
 .text.HAL_ADC_GetError
                0x08001ac8       0x14 Drivers\STM32F0xx_HAL_Driver\Src\stm32f0xx_hal_adc.o
                0x08001ac8                HAL_ADC_GetError
 .text.ADC_Enable
                0x08001adc       0xf8 Drivers\STM32F0xx_HAL_Driver\Src\stm32f0xx_hal_adc.o
 .text.ADC_Disable
                0x08001bd4       0xd2 Drivers\STM32F0xx_HAL_Driver\Src\stm32f0xx_hal_adc.o
 .text.ADC_ConversionStop
                0x08001ca6       0x8a Drivers\STM32F0xx_HAL_Driver\Src\stm32f0xx_hal_adc.o
 .text.ADC_DMAConvCplt
                0x08001d30       0xb4 Drivers\STM32F0xx_HAL_Driver\Src\stm32f0xx_hal_adc.o
 .text.ADC_DMAHalfConvCplt
                0x08001de4       0x1e Drivers\STM32F0xx_HAL_Driver\Src\stm32f0xx_hal_adc.o
 .text.ADC_DMAError
                0x08001e02       0x36 Drivers\STM32F0xx_HAL_Driver\Src\stm32f0xx_hal_adc.o
 .text.HAL_ADCEx_Calibration_Start
                0x08001e38      0x134 Drivers\STM32F0xx_HAL_Driver\Src\stm32f0xx_hal_adc_ex.o
                0x08001e38                HAL_ADCEx_Calibration_Start
 .text.NVIC_EnableIRQ
                0x08001f6c       0x2c Drivers\STM32F0xx_HAL_Driver\Src\stm32f0xx_hal_cortex.o
 .text.NVIC_DisableIRQ
                0x08001f98       0x30 Drivers\STM32F0xx_HAL_Driver\Src\stm32f0xx_hal_cortex.o
 .text.NVIC_GetPendingIRQ
                0x08001fc8       0x34 Drivers\STM32F0xx_HAL_Driver\Src\stm32f0xx_hal_cortex.o
 .text.NVIC_SetPendingIRQ
                0x08001ffc       0x30 Drivers\STM32F0xx_HAL_Driver\Src\stm32f0xx_hal_cortex.o
 .text.NVIC_ClearPendingIRQ
                0x0800202c       0x30 Drivers\STM32F0xx_HAL_Driver\Src\stm32f0xx_hal_cortex.o
 .text.NVIC_SetPriority
                0x0800205c       0xdc Drivers\STM32F0xx_HAL_Driver\Src\stm32f0xx_hal_cortex.o
 .text.NVIC_GetPriority
                0x08002138       0x7c Drivers\STM32F0xx_HAL_Driver\Src\stm32f0xx_hal_cortex.o
 .text.NVIC_SystemReset
                0x080021b4       0x20 Drivers\STM32F0xx_HAL_Driver\Src\stm32f0xx_hal_cortex.o
 .text.SysTick_Config
                0x080021d4       0x48 Drivers\STM32F0xx_HAL_Driver\Src\stm32f0xx_hal_cortex.o
 .text.HAL_NVIC_SetPriority
                0x0800221c       0x2c Drivers\STM32F0xx_HAL_Driver\Src\stm32f0xx_hal_cortex.o
                0x0800221c                HAL_NVIC_SetPriority
 .text.HAL_NVIC_EnableIRQ
                0x08002248       0x20 Drivers\STM32F0xx_HAL_Driver\Src\stm32f0xx_hal_cortex.o
                0x08002248                HAL_NVIC_EnableIRQ
 .text.HAL_NVIC_DisableIRQ
                0x08002268       0x20 Drivers\STM32F0xx_HAL_Driver\Src\stm32f0xx_hal_cortex.o
                0x08002268                HAL_NVIC_DisableIRQ
 .text.HAL_NVIC_SystemReset
                0x08002288        0xe Drivers\STM32F0xx_HAL_Driver\Src\stm32f0xx_hal_cortex.o
                0x08002288                HAL_NVIC_SystemReset
 .text.HAL_SYSTICK_Config
                0x08002296       0x1a Drivers\STM32F0xx_HAL_Driver\Src\stm32f0xx_hal_cortex.o
                0x08002296                HAL_SYSTICK_Config
 .text.HAL_NVIC_GetPriority
                0x080022b0       0x22 Drivers\STM32F0xx_HAL_Driver\Src\stm32f0xx_hal_cortex.o
                0x080022b0                HAL_NVIC_GetPriority
 .text.HAL_NVIC_SetPendingIRQ
                0x080022d2       0x20 Drivers\STM32F0xx_HAL_Driver\Src\stm32f0xx_hal_cortex.o
                0x080022d2                HAL_NVIC_SetPendingIRQ
 .text.HAL_NVIC_GetPendingIRQ
                0x080022f2       0x22 Drivers\STM32F0xx_HAL_Driver\Src\stm32f0xx_hal_cortex.o
                0x080022f2                HAL_NVIC_GetPendingIRQ
 .text.HAL_NVIC_ClearPendingIRQ
                0x08002314       0x20 Drivers\STM32F0xx_HAL_Driver\Src\stm32f0xx_hal_cortex.o
                0x08002314                HAL_NVIC_ClearPendingIRQ
 .text.HAL_SYSTICK_CLKSourceConfig
                0x08002334       0x34 Drivers\STM32F0xx_HAL_Driver\Src\stm32f0xx_hal_cortex.o
                0x08002334                HAL_SYSTICK_CLKSourceConfig
 .text.HAL_SYSTICK_IRQHandler
                0x08002368        0xe Drivers\STM32F0xx_HAL_Driver\Src\stm32f0xx_hal_cortex.o
                0x08002368                HAL_SYSTICK_IRQHandler
 .text.HAL_SYSTICK_Callback
                0x08002376        0xa Drivers\STM32F0xx_HAL_Driver\Src\stm32f0xx_hal_cortex.o
                0x08002376                HAL_SYSTICK_Callback
 .text.HAL_DMA_Init
                0x08002380       0xa8 Drivers\STM32F0xx_HAL_Driver\Src\stm32f0xx_hal_dma.o
                0x08002380                HAL_DMA_Init
 .text.HAL_DMA_DeInit
                0x08002428       0x7a Drivers\STM32F0xx_HAL_Driver\Src\stm32f0xx_hal_dma.o
                0x08002428                HAL_DMA_DeInit
 .text.HAL_DMA_Start
                0x080024a2       0x92 Drivers\STM32F0xx_HAL_Driver\Src\stm32f0xx_hal_dma.o
                0x080024a2                HAL_DMA_Start
 .text.HAL_DMA_Start_IT
                0x08002534       0xcc Drivers\STM32F0xx_HAL_Driver\Src\stm32f0xx_hal_dma.o
                0x08002534                HAL_DMA_Start_IT
 .text.HAL_DMA_Abort
                0x08002600       0x52 Drivers\STM32F0xx_HAL_Driver\Src\stm32f0xx_hal_dma.o
                0x08002600                HAL_DMA_Abort
 .text.HAL_DMA_Abort_IT
                0x08002652       0x8c Drivers\STM32F0xx_HAL_Driver\Src\stm32f0xx_hal_dma.o
                0x08002652                HAL_DMA_Abort_IT
 .text.HAL_DMA_PollForTransfer
                0x080026de      0x132 Drivers\STM32F0xx_HAL_Driver\Src\stm32f0xx_hal_dma.o
                0x080026de                HAL_DMA_PollForTransfer
 .text.HAL_DMA_IRQHandler
                0x08002810      0x144 Drivers\STM32F0xx_HAL_Driver\Src\stm32f0xx_hal_dma.o
                0x08002810                HAL_DMA_IRQHandler
 .text.HAL_DMA_RegisterCallback
                0x08002954       0xa2 Drivers\STM32F0xx_HAL_Driver\Src\stm32f0xx_hal_dma.o
                0x08002954                HAL_DMA_RegisterCallback
 *fill*         0x080029f6        0x2 
 .text.HAL_DMA_UnRegisterCallback
                0x080029f8       0xb4 Drivers\STM32F0xx_HAL_Driver\Src\stm32f0xx_hal_dma.o
                0x080029f8                HAL_DMA_UnRegisterCallback
 .text.HAL_DMA_GetState
                0x08002aac       0x18 Drivers\STM32F0xx_HAL_Driver\Src\stm32f0xx_hal_dma.o
                0x08002aac                HAL_DMA_GetState
 .text.HAL_DMA_GetError
                0x08002ac4       0x14 Drivers\STM32F0xx_HAL_Driver\Src\stm32f0xx_hal_dma.o
                0x08002ac4                HAL_DMA_GetError
 .text.DMA_SetConfig
                0x08002ad8       0x58 Drivers\STM32F0xx_HAL_Driver\Src\stm32f0xx_hal_dma.o
 .text.DMA_CalcBaseAndBitshift
                0x08002b30       0x74 Drivers\STM32F0xx_HAL_Driver\Src\stm32f0xx_hal_dma.o
 .text.HAL_FLASH_Program
                0x08002ba4      0x130 Drivers\STM32F0xx_HAL_Driver\Src\stm32f0xx_hal_flash.o
                0x08002ba4                HAL_FLASH_Program
 .text.HAL_FLASH_Program_IT
                0x08002cd4       0xa0 Drivers\STM32F0xx_HAL_Driver\Src\stm32f0xx_hal_flash.o
                0x08002cd4                HAL_FLASH_Program_IT
 .text.HAL_FLASH_IRQHandler
                0x08002d74      0x1d0 Drivers\STM32F0xx_HAL_Driver\Src\stm32f0xx_hal_flash.o
                0x08002d74                HAL_FLASH_IRQHandler
 .text.HAL_FLASH_EndOfOperationCallback
                0x08002f44       0x10 Drivers\STM32F0xx_HAL_Driver\Src\stm32f0xx_hal_flash.o
                0x08002f44                HAL_FLASH_EndOfOperationCallback
 .text.HAL_FLASH_OperationErrorCallback
                0x08002f54       0x10 Drivers\STM32F0xx_HAL_Driver\Src\stm32f0xx_hal_flash.o
                0x08002f54                HAL_FLASH_OperationErrorCallback
 .text.HAL_FLASH_Unlock
                0x08002f64       0x34 Drivers\STM32F0xx_HAL_Driver\Src\stm32f0xx_hal_flash.o
                0x08002f64                HAL_FLASH_Unlock
 .text.HAL_FLASH_Lock
                0x08002f98       0x1c Drivers\STM32F0xx_HAL_Driver\Src\stm32f0xx_hal_flash.o
                0x08002f98                HAL_FLASH_Lock
 .text.HAL_FLASH_OB_Unlock
                0x08002fb4       0x34 Drivers\STM32F0xx_HAL_Driver\Src\stm32f0xx_hal_flash.o
                0x08002fb4                HAL_FLASH_OB_Unlock
 .text.HAL_FLASH_OB_Lock
                0x08002fe8       0x20 Drivers\STM32F0xx_HAL_Driver\Src\stm32f0xx_hal_flash.o
                0x08002fe8                HAL_FLASH_OB_Lock
 .text.HAL_FLASH_OB_Launch
                0x08003008       0x2c Drivers\STM32F0xx_HAL_Driver\Src\stm32f0xx_hal_flash.o
                0x08003008                HAL_FLASH_OB_Launch
 .text.HAL_FLASH_GetError
                0x08003034       0x14 Drivers\STM32F0xx_HAL_Driver\Src\stm32f0xx_hal_flash.o
                0x08003034                HAL_FLASH_GetError
 .text.FLASH_Program_HalfWord
                0x08003048       0x38 Drivers\STM32F0xx_HAL_Driver\Src\stm32f0xx_hal_flash.o
 .text.FLASH_WaitForLastOperation
                0x08003080       0x80 Drivers\STM32F0xx_HAL_Driver\Src\stm32f0xx_hal_flash.o
                0x08003080                FLASH_WaitForLastOperation
 .text.FLASH_SetErrorCode
                0x08003100       0x60 Drivers\STM32F0xx_HAL_Driver\Src\stm32f0xx_hal_flash.o
 .text.HAL_FLASHEx_Erase
                0x08003160       0xf0 Drivers\STM32F0xx_HAL_Driver\Src\stm32f0xx_hal_flash_ex.o
                0x08003160                HAL_FLASHEx_Erase
 .text.HAL_FLASHEx_Erase_IT
                0x08003250       0x88 Drivers\STM32F0xx_HAL_Driver\Src\stm32f0xx_hal_flash_ex.o
                0x08003250                HAL_FLASHEx_Erase_IT
 .text.HAL_FLASHEx_OBErase
                0x080032d8       0x9c Drivers\STM32F0xx_HAL_Driver\Src\stm32f0xx_hal_flash_ex.o
                0x080032d8                HAL_FLASHEx_OBErase
 .text.HAL_FLASHEx_OBProgram
                0x08003374      0x12c Drivers\STM32F0xx_HAL_Driver\Src\stm32f0xx_hal_flash_ex.o
                0x08003374                HAL_FLASHEx_OBProgram
 .text.HAL_FLASHEx_OBGetConfig
                0x080034a0       0x38 Drivers\STM32F0xx_HAL_Driver\Src\stm32f0xx_hal_flash_ex.o
                0x080034a0                HAL_FLASHEx_OBGetConfig
 .text.HAL_FLASHEx_OBGetUserData
                0x080034d8       0x40 Drivers\STM32F0xx_HAL_Driver\Src\stm32f0xx_hal_flash_ex.o
                0x080034d8                HAL_FLASHEx_OBGetUserData
 .text.FLASH_MassErase
                0x08003518       0x30 Drivers\STM32F0xx_HAL_Driver\Src\stm32f0xx_hal_flash_ex.o
 .text.FLASH_OB_EnableWRP
                0x08003548      0x1c8 Drivers\STM32F0xx_HAL_Driver\Src\stm32f0xx_hal_flash_ex.o
 .text.FLASH_OB_DisableWRP
                0x08003710      0x1c4 Drivers\STM32F0xx_HAL_Driver\Src\stm32f0xx_hal_flash_ex.o
 .text.FLASH_OB_RDP_LevelConfig
                0x080038d4       0xc4 Drivers\STM32F0xx_HAL_Driver\Src\stm32f0xx_hal_flash_ex.o
 .text.FLASH_OB_UserConfig
                0x08003998       0x84 Drivers\STM32F0xx_HAL_Driver\Src\stm32f0xx_hal_flash_ex.o
 .text.FLASH_OB_ProgramData
                0x08003a1c       0x84 Drivers\STM32F0xx_HAL_Driver\Src\stm32f0xx_hal_flash_ex.o
 .text.FLASH_OB_GetWRP
                0x08003aa0       0x14 Drivers\STM32F0xx_HAL_Driver\Src\stm32f0xx_hal_flash_ex.o
 .text.FLASH_OB_GetRDP
                0x08003ab4       0x38 Drivers\STM32F0xx_HAL_Driver\Src\stm32f0xx_hal_flash_ex.o
 .text.FLASH_OB_GetUser
                0x08003aec       0x18 Drivers\STM32F0xx_HAL_Driver\Src\stm32f0xx_hal_flash_ex.o
 .text.FLASH_PageErase
                0x08003b04       0x3c Drivers\STM32F0xx_HAL_Driver\Src\stm32f0xx_hal_flash_ex.o
                0x08003b04                FLASH_PageErase
 .text.HAL_GPIO_Init
                0x08003b40      0x2f8 Drivers\STM32F0xx_HAL_Driver\Src\stm32f0xx_hal_gpio.o
                0x08003b40                HAL_GPIO_Init
 .text.HAL_GPIO_DeInit
                0x08003e38      0x1b8 Drivers\STM32F0xx_HAL_Driver\Src\stm32f0xx_hal_gpio.o
                0x08003e38                HAL_GPIO_DeInit
 .text.HAL_GPIO_ReadPin
                0x08003ff0       0x3a Drivers\STM32F0xx_HAL_Driver\Src\stm32f0xx_hal_gpio.o
                0x08003ff0                HAL_GPIO_ReadPin
 .text.HAL_GPIO_WritePin
                0x0800402a       0x3a Drivers\STM32F0xx_HAL_Driver\Src\stm32f0xx_hal_gpio.o
                0x0800402a                HAL_GPIO_WritePin
 .text.HAL_GPIO_TogglePin
                0x08004064       0x24 Drivers\STM32F0xx_HAL_Driver\Src\stm32f0xx_hal_gpio.o
                0x08004064                HAL_GPIO_TogglePin
 .text.HAL_GPIO_LockPin
                0x08004088       0x52 Drivers\STM32F0xx_HAL_Driver\Src\stm32f0xx_hal_gpio.o
                0x08004088                HAL_GPIO_LockPin
 *fill*         0x080040da        0x2 
 .text.HAL_GPIO_EXTI_IRQHandler
                0x080040dc       0x38 Drivers\STM32F0xx_HAL_Driver\Src\stm32f0xx_hal_gpio.o
                0x080040dc                HAL_GPIO_EXTI_IRQHandler
 .text.HAL_GPIO_EXTI_Callback
                0x08004114       0x14 Drivers\STM32F0xx_HAL_Driver\Src\stm32f0xx_hal_gpio.o
                0x08004114                HAL_GPIO_EXTI_Callback
 .text.HAL_MspInit
                0x08004128        0xa Drivers\STM32F0xx_HAL_Driver\Src\stm32f0xx_hal_msp_template.o
                0x08004128                HAL_MspInit
 .text.HAL_MspDeInit
                0x08004132        0xa Drivers\STM32F0xx_HAL_Driver\Src\stm32f0xx_hal_msp_template.o
                0x08004132                HAL_MspDeInit
 .text.HAL_PPP_MspInit
                0x0800413c        0xa Drivers\STM32F0xx_HAL_Driver\Src\stm32f0xx_hal_msp_template.o
                0x0800413c                HAL_PPP_MspInit
 .text.HAL_PPP_MspDeInit
                0x08004146        0xa Drivers\STM32F0xx_HAL_Driver\Src\stm32f0xx_hal_msp_template.o
                0x08004146                HAL_PPP_MspDeInit
 .text.HAL_RCC_DeInit
                0x08004150       0x70 Drivers\STM32F0xx_HAL_Driver\Src\stm32f0xx_hal_rcc.o
                0x08004150                HAL_RCC_DeInit
 .text.HAL_RCC_OscConfig
                0x080041c0      0x6bc Drivers\STM32F0xx_HAL_Driver\Src\stm32f0xx_hal_rcc.o
                0x080041c0                HAL_RCC_OscConfig
 .text.HAL_RCC_ClockConfig
                0x0800487c      0x210 Drivers\STM32F0xx_HAL_Driver\Src\stm32f0xx_hal_rcc.o
                0x0800487c                HAL_RCC_ClockConfig
 .text.HAL_RCC_MCOConfig
                0x08004a8c       0x88 Drivers\STM32F0xx_HAL_Driver\Src\stm32f0xx_hal_rcc.o
                0x08004a8c                HAL_RCC_MCOConfig
 .text.HAL_RCC_EnableCSS
                0x08004b14       0x1c Drivers\STM32F0xx_HAL_Driver\Src\stm32f0xx_hal_rcc.o
                0x08004b14                HAL_RCC_EnableCSS
 .text.HAL_RCC_DisableCSS
                0x08004b30       0x20 Drivers\STM32F0xx_HAL_Driver\Src\stm32f0xx_hal_rcc.o
                0x08004b30                HAL_RCC_DisableCSS
 .text.HAL_RCC_GetSysClockFreq
                0x08004b50       0xfc Drivers\STM32F0xx_HAL_Driver\Src\stm32f0xx_hal_rcc.o
                0x08004b50                HAL_RCC_GetSysClockFreq
 .text.HAL_RCC_GetHCLKFreq
                0x08004c4c       0x14 Drivers\STM32F0xx_HAL_Driver\Src\stm32f0xx_hal_rcc.o
                0x08004c4c                HAL_RCC_GetHCLKFreq
 .text.HAL_RCC_GetPCLK1Freq
                0x08004c60       0x2c Drivers\STM32F0xx_HAL_Driver\Src\stm32f0xx_hal_rcc.o
                0x08004c60                HAL_RCC_GetPCLK1Freq
 .text.HAL_RCC_GetOscConfig
                0x08004c8c      0x158 Drivers\STM32F0xx_HAL_Driver\Src\stm32f0xx_hal_rcc.o
                0x08004c8c                HAL_RCC_GetOscConfig
 .text.HAL_RCC_GetClockConfig
                0x08004de4       0x54 Drivers\STM32F0xx_HAL_Driver\Src\stm32f0xx_hal_rcc.o
                0x08004de4                HAL_RCC_GetClockConfig
 .text.HAL_RCC_NMI_IRQHandler
                0x08004e38       0x28 Drivers\STM32F0xx_HAL_Driver\Src\stm32f0xx_hal_rcc.o
                0x08004e38                HAL_RCC_NMI_IRQHandler
 .text.HAL_RCC_CSSCallback
                0x08004e60        0xa Drivers\STM32F0xx_HAL_Driver\Src\stm32f0xx_hal_rcc.o
                0x08004e60                HAL_RCC_CSSCallback
 *fill*         0x08004e6a        0x2 
 .text.HAL_RCCEx_PeriphCLKConfig
                0x08004e6c      0x1fc Drivers\STM32F0xx_HAL_Driver\Src\stm32f0xx_hal_rcc_ex.o
                0x08004e6c                HAL_RCCEx_PeriphCLKConfig
 .text.HAL_RCCEx_GetPeriphCLKConfig
                0x08005068       0x94 Drivers\STM32F0xx_HAL_Driver\Src\stm32f0xx_hal_rcc_ex.o
                0x08005068                HAL_RCCEx_GetPeriphCLKConfig
 .text.HAL_RCCEx_GetPeriphCLKFreq
                0x080050fc      0x26c Drivers\STM32F0xx_HAL_Driver\Src\stm32f0xx_hal_rcc_ex.o
                0x080050fc                HAL_RCCEx_GetPeriphCLKFreq
 .text.HAL_RCCEx_CRSConfig
                0x08005368       0x8c Drivers\STM32F0xx_HAL_Driver\Src\stm32f0xx_hal_rcc_ex.o
                0x08005368                HAL_RCCEx_CRSConfig
 .text.HAL_RCCEx_CRSSoftwareSynchronizationGenerate
                0x080053f4       0x1c Drivers\STM32F0xx_HAL_Driver\Src\stm32f0xx_hal_rcc_ex.o
                0x080053f4                HAL_RCCEx_CRSSoftwareSynchronizationGenerate
 .text.HAL_RCCEx_CRSGetSynchronizationInfo
                0x08005410       0x4c Drivers\STM32F0xx_HAL_Driver\Src\stm32f0xx_hal_rcc_ex.o
                0x08005410                HAL_RCCEx_CRSGetSynchronizationInfo
 .text.HAL_RCCEx_CRSWaitSynchronization
                0x0800545c       0xf4 Drivers\STM32F0xx_HAL_Driver\Src\stm32f0xx_hal_rcc_ex.o
                0x0800545c                HAL_RCCEx_CRSWaitSynchronization
 .text.HAL_RCCEx_CRS_IRQHandler
                0x08005550       0xcc Drivers\STM32F0xx_HAL_Driver\Src\stm32f0xx_hal_rcc_ex.o
                0x08005550                HAL_RCCEx_CRS_IRQHandler
 .text.HAL_RCCEx_CRS_SyncOkCallback
                0x0800561c        0xa Drivers\STM32F0xx_HAL_Driver\Src\stm32f0xx_hal_rcc_ex.o
                0x0800561c                HAL_RCCEx_CRS_SyncOkCallback
 .text.HAL_RCCEx_CRS_SyncWarnCallback
                0x08005626        0xa Drivers\STM32F0xx_HAL_Driver\Src\stm32f0xx_hal_rcc_ex.o
                0x08005626                HAL_RCCEx_CRS_SyncWarnCallback
 .text.HAL_RCCEx_CRS_ExpectedSyncCallback
                0x08005630        0xa Drivers\STM32F0xx_HAL_Driver\Src\stm32f0xx_hal_rcc_ex.o
                0x08005630                HAL_RCCEx_CRS_ExpectedSyncCallback
 .text.HAL_RCCEx_CRS_ErrorCallback
                0x0800563a       0x10 Drivers\STM32F0xx_HAL_Driver\Src\stm32f0xx_hal_rcc_ex.o
                0x0800563a                HAL_RCCEx_CRS_ErrorCallback
 *fill*         0x0800564a        0x2 
 .text.LL_RCC_HSE_EnableBypass
                0x0800564c       0x1c Drivers\STM32F0xx_HAL_Driver\Src\stm32f0xx_ll_utils.o
 .text.LL_RCC_HSE_DisableBypass
                0x08005668       0x20 Drivers\STM32F0xx_HAL_Driver\Src\stm32f0xx_ll_utils.o
 .text.LL_RCC_HSE_Enable
                0x08005688       0x1c Drivers\STM32F0xx_HAL_Driver\Src\stm32f0xx_ll_utils.o
 .text.LL_RCC_HSE_IsReady
                0x080056a4       0x28 Drivers\STM32F0xx_HAL_Driver\Src\stm32f0xx_ll_utils.o
 .text.LL_RCC_HSI_Enable
                0x080056cc       0x1c Drivers\STM32F0xx_HAL_Driver\Src\stm32f0xx_ll_utils.o
 .text.LL_RCC_HSI_IsReady
                0x080056e8       0x20 Drivers\STM32F0xx_HAL_Driver\Src\stm32f0xx_ll_utils.o
 .text.LL_RCC_HSI48_Enable
                0x08005708       0x1c Drivers\STM32F0xx_HAL_Driver\Src\stm32f0xx_ll_utils.o
 .text.LL_RCC_HSI48_IsReady
                0x08005724       0x28 Drivers\STM32F0xx_HAL_Driver\Src\stm32f0xx_ll_utils.o
 .text.LL_RCC_SetSysClkSource
                0x0800574c       0x28 Drivers\STM32F0xx_HAL_Driver\Src\stm32f0xx_ll_utils.o
 .text.LL_RCC_GetSysClkSource
                0x08005774       0x18 Drivers\STM32F0xx_HAL_Driver\Src\stm32f0xx_ll_utils.o
 .text.LL_RCC_SetAHBPrescaler
                0x0800578c       0x28 Drivers\STM32F0xx_HAL_Driver\Src\stm32f0xx_ll_utils.o
 .text.LL_RCC_SetAPB1Prescaler
                0x080057b4       0x28 Drivers\STM32F0xx_HAL_Driver\Src\stm32f0xx_ll_utils.o
 .text.LL_RCC_GetAHBPrescaler
                0x080057dc       0x18 Drivers\STM32F0xx_HAL_Driver\Src\stm32f0xx_ll_utils.o
 .text.LL_RCC_PLL_Enable
                0x080057f4       0x1c Drivers\STM32F0xx_HAL_Driver\Src\stm32f0xx_ll_utils.o
 .text.LL_RCC_PLL_IsReady
                0x08005810       0x28 Drivers\STM32F0xx_HAL_Driver\Src\stm32f0xx_ll_utils.o
 .text.LL_RCC_PLL_ConfigDomain_SYS
                0x08005838       0x44 Drivers\STM32F0xx_HAL_Driver\Src\stm32f0xx_ll_utils.o
 .text.LL_InitTick
                0x0800587c       0x34 Drivers\STM32F0xx_HAL_Driver\Src\stm32f0xx_ll_utils.o
 .text.LL_FLASH_SetLatency
                0x080058b0       0x28 Drivers\STM32F0xx_HAL_Driver\Src\stm32f0xx_ll_utils.o
 .text.LL_FLASH_GetLatency
                0x080058d8       0x18 Drivers\STM32F0xx_HAL_Driver\Src\stm32f0xx_ll_utils.o
 .text.LL_Init1msTick
                0x080058f0       0x1e Drivers\STM32F0xx_HAL_Driver\Src\stm32f0xx_ll_utils.o
                0x080058f0                LL_Init1msTick
 *fill*         0x0800590e        0x2 
 .text.LL_mDelay
                0x08005910       0x44 Drivers\STM32F0xx_HAL_Driver\Src\stm32f0xx_ll_utils.o
                0x08005910                LL_mDelay
 .text.LL_SetSystemCoreClock
                0x08005954       0x1c Drivers\STM32F0xx_HAL_Driver\Src\stm32f0xx_ll_utils.o
                0x08005954                LL_SetSystemCoreClock
 .text.LL_PLL_ConfigSystemClock_HSI
                0x08005970       0x8c Drivers\STM32F0xx_HAL_Driver\Src\stm32f0xx_ll_utils.o
                0x08005970                LL_PLL_ConfigSystemClock_HSI
 .text.LL_PLL_ConfigSystemClock_HSI48
                0x080059fc       0x8c Drivers\STM32F0xx_HAL_Driver\Src\stm32f0xx_ll_utils.o
                0x080059fc                LL_PLL_ConfigSystemClock_HSI48
 .text.LL_PLL_ConfigSystemClock_HSE
                0x08005a88       0x9c Drivers\STM32F0xx_HAL_Driver\Src\stm32f0xx_ll_utils.o
                0x08005a88                LL_PLL_ConfigSystemClock_HSE
 .text.UTILS_SetFlashLatency
                0x08005b24       0x60 Drivers\STM32F0xx_HAL_Driver\Src\stm32f0xx_ll_utils.o
 .text.UTILS_GetPLLOutputFrequency
                0x08005b84       0x3e Drivers\STM32F0xx_HAL_Driver\Src\stm32f0xx_ll_utils.o
 .text.UTILS_PLL_IsBusy
                0x08005bc2       0x26 Drivers\STM32F0xx_HAL_Driver\Src\stm32f0xx_ll_utils.o
 .text.UTILS_EnablePLLAndSwitchSystem
                0x08005be8       0xd8 Drivers\STM32F0xx_HAL_Driver\Src\stm32f0xx_ll_utils.o
 .text.main     0x08005cc0       0xac src\main.o
                0x08005cc0                main
 .text.SystemClock_Config
                0x08005d6c       0x90 src\main.o
 .text.Error_Handler
                0x08005dfc        0x6 src\main.o
 *fill*         0x08005e02        0x2 
 .text.gpio_led2_init
                0x08005e04       0x54 src\main.o
                0x08005e04                gpio_led2_init
 .text.ADC_Config
                0x08005e58      0x168 src\main.o
                0x08005e58                ADC_Config
 .text._check   0x08005fc0       0x22 src\main.o
                0x08005fc0                _check
 *fill*         0x08005fe2        0x2 
 .text.Reset_Handler
                0x08005fe4       0x50 src\startup_stm32f091xc.o
                0x08005fe4                Reset_Handler
 .text.Default_Handler
                0x08006034        0x2 src\startup_stm32f091xc.o
                0x08006034                TIM1_CC_IRQHandler
                0x08006034                TSC_IRQHandler
                0x08006034                I2C1_IRQHandler
                0x08006034                RCC_CRS_IRQHandler
                0x08006034                SPI1_IRQHandler
                0x08006034                TIM6_DAC_IRQHandler
                0x08006034                EXTI2_3_IRQHandler
                0x08006034                I2C2_IRQHandler
                0x08006034                TIM17_IRQHandler
                0x08006034                CEC_CAN_IRQHandler
                0x08006034                RTC_IRQHandler
                0x08006034                PVD_VDDIO2_IRQHandler
                0x08006034                TIM16_IRQHandler
                0x08006034                TIM3_IRQHandler
                0x08006034                USART3_8_IRQHandler
                0x08006034                Default_Handler
                0x08006034                TIM14_IRQHandler
                0x08006034                TIM7_IRQHandler
                0x08006034                TIM15_IRQHandler
                0x08006034                EXTI0_1_IRQHandler
                0x08006034                SPI2_IRQHandler
                0x08006034                DMA1_Ch2_3_DMA2_Ch1_2_IRQHandler
                0x08006034                DMA1_Ch4_7_DMA2_Ch3_5_IRQHandler
                0x08006034                WWDG_IRQHandler
                0x08006034                TIM2_IRQHandler
                0x08006034                USART2_IRQHandler
                0x08006034                FLASH_IRQHandler
                0x08006034                USART1_IRQHandler
                0x08006034                TIM1_BRK_UP_TRG_COM_IRQHandler
 *fill*         0x08006036        0x2 
 .text.HAL_ADC_MspInit
                0x08006038      0x1f4 src\stm32f0xx_hal_msp.o
                0x08006038                HAL_ADC_MspInit
 .text.HAL_ADC_MspDeInit
                0x0800622c       0x5c src\stm32f0xx_hal_msp.o
                0x0800622c                HAL_ADC_MspDeInit
 .text.NMI_Handler
                0x08006288        0xa src\stm32f0xx_it.o
                0x08006288                NMI_Handler
 .text.HardFault_Handler
                0x08006292        0x6 src\stm32f0xx_it.o
                0x08006292                HardFault_Handler
 .text.SVC_Handler
                0x08006298        0xa src\stm32f0xx_it.o
                0x08006298                SVC_Handler
 .text.PendSV_Handler
                0x080062a2        0xa src\stm32f0xx_it.o
                0x080062a2                PendSV_Handler
 .text.SysTick_Handler
                0x080062ac        0xe src\stm32f0xx_it.o
                0x080062ac                SysTick_Handler
 .text.EXTI4_15_IRQHandler
                0x080062ba       0x14 src\stm32f0xx_it.o
                0x080062ba                EXTI4_15_IRQHandler
 *fill*         0x080062ce        0x2 
 .text.ADC1_COMP_IRQHandler
                0x080062d0       0x18 src\stm32f0xx_it.o
                0x080062d0                ADC1_COMP_IRQHandler
 .text.DMA1_Ch1_IRQHandler
                0x080062e8       0x18 src\stm32f0xx_it.o
                0x080062e8                DMA1_Ch1_IRQHandler
 .text.SystemInit
                0x08006300       0x88 src\system_stm32f0xx.o
                0x08006300                SystemInit
 .text.SystemCoreClockUpdate
                0x08006388      0x100 src\system_stm32f0xx.o
                0x08006388                SystemCoreClockUpdate
 .text.ts_itoa  0x08006488       0x98 src\tiny_printf.o
                0x08006488                ts_itoa
 .text.ts_formatstring
                0x08006520      0x12c src\tiny_printf.o
                0x08006520                ts_formatstring
 .text.ts_formatlength
                0x0800664c       0xa8 src\tiny_printf.o
                0x0800664c                ts_formatlength
 .text.siprintf
                0x080066f4       0x30 src\tiny_printf.o
                0x080066f4                siprintf
                0x080066f4                sprintf
 .text.fiprintf
                0x08006724       0xc8 src\tiny_printf.o
                0x08006724                fiprintf
                0x08006724                fprintf
 .text.iprintf  0x080067ec       0xc0 src\tiny_printf.o
                0x080067ec                iprintf
                0x080067ec                printf
 .text.fputs    0x080068ac       0x70 src\tiny_printf.o
                0x080068ac                fputs
 .text.puts     0x0800691c       0x60 src\tiny_printf.o
                0x0800691c                puts
 .text.fwrite   0x0800697c       0x3a src\tiny_printf.o
                0x0800697c                fwrite
 *fill*         0x080069b6        0x2 
 .text.__libc_init_array
                0x080069b8       0x48 c:/program files (x86)/atollic/truestudio for stm32 9.0.1/armtools/bin/../lib/gcc/arm-atollic-eabi/6.3.1/../../../../arm-atollic-eabi/lib/armv6-m\libc.a(lib_a-init.o)
                0x080069b8                __libc_init_array
 .text._write   0x08006a00       0x10 c:/program files (x86)/atollic/truestudio for stm32 9.0.1/armtools/bin/../lib/gcc/arm-atollic-eabi/6.3.1/../../../../arm-atollic-eabi/lib/armv6-m\libnosys.a(write.o)
                0x08006a00                _write
 *(.glue_7)
 .glue_7        0x08006a10        0x0 linker stubs
 *(.glue_7t)
 .glue_7t       0x08006a10        0x0 linker stubs
 *(.eh_frame)
 .eh_frame      0x08006a10        0x0 c:/program files (x86)/atollic/truestudio for stm32 9.0.1/armtools/bin/../lib/gcc/arm-atollic-eabi/6.3.1/armv6-m/crtbegin.o
 .eh_frame      0x08006a10        0x4 c:/program files (x86)/atollic/truestudio for stm32 9.0.1/armtools/bin/../lib/gcc/arm-atollic-eabi/6.3.1/armv6-m/crtend.o
 *(.init)
 .init          0x08006a14        0x4 c:/program files (x86)/atollic/truestudio for stm32 9.0.1/armtools/bin/../lib/gcc/arm-atollic-eabi/6.3.1/armv6-m/crti.o
                0x08006a14                _init
 .init          0x08006a18        0x8 c:/program files (x86)/atollic/truestudio for stm32 9.0.1/armtools/bin/../lib/gcc/arm-atollic-eabi/6.3.1/armv6-m/crtn.o
 *(.fini)
 .fini          0x08006a20        0x4 c:/program files (x86)/atollic/truestudio for stm32 9.0.1/armtools/bin/../lib/gcc/arm-atollic-eabi/6.3.1/armv6-m/crti.o
                0x08006a20                _fini
 .fini          0x08006a24        0x8 c:/program files (x86)/atollic/truestudio for stm32 9.0.1/armtools/bin/../lib/gcc/arm-atollic-eabi/6.3.1/armv6-m/crtn.o
                0x08006a2c                . = ALIGN (0x4)
                0x08006a2c                _etext = .

.vfp11_veneer   0x08006a2c        0x0
 .vfp11_veneer  0x08006a2c        0x0 linker stubs

.v4_bx          0x08006a2c        0x0
 .v4_bx         0x08006a2c        0x0 linker stubs

.iplt           0x08006a2c        0x0
 .iplt          0x08006a2c        0x0 c:/program files (x86)/atollic/truestudio for stm32 9.0.1/armtools/bin/../lib/gcc/arm-atollic-eabi/6.3.1/armv6-m/crtbegin.o

.rodata         0x08006a2c       0xe0
                0x08006a2c                . = ALIGN (0x4)
 *(.rodata)
 .rodata        0x08006a2c       0x20 Drivers\STM32F0xx_HAL_Driver\Src\stm32f0xx_hal_rcc.o
 .rodata        0x08006a4c        0x2 src\tiny_printf.o
 *(.rodata*)
 *fill*         0x08006a4e        0x2 
 .rodata.LED_PIN
                0x08006a50        0x2 Drivers\BSP\STM32F0xx-Nucleo\stm32f0xx_nucleo.o
                0x08006a50                LED_PIN
 *fill*         0x08006a52        0x2 
 .rodata.BUTTON_PIN
                0x08006a54        0x2 Drivers\BSP\STM32F0xx-Nucleo\stm32f0xx_nucleo.o
                0x08006a54                BUTTON_PIN
 *fill*         0x08006a56        0x2 
 .rodata.BUTTON_IRQn
                0x08006a58        0x1 Drivers\BSP\STM32F0xx-Nucleo\stm32f0xx_nucleo.o
                0x08006a58                BUTTON_IRQn
 *fill*         0x08006a59        0x3 
 .rodata.HAL_DMA_UnRegisterCallback
                0x08006a5c       0x14 Drivers\STM32F0xx_HAL_Driver\Src\stm32f0xx_hal_dma.o
 .rodata.AHBPrescTable
                0x08006a70       0x10 src\system_stm32f0xx.o
                0x08006a70                AHBPrescTable
 .rodata.APBPrescTable
                0x08006a80        0x8 src\system_stm32f0xx.o
                0x08006a80                APBPrescTable
 .rodata.ts_formatlength
                0x08006a88       0x84 src\tiny_printf.o
                0x08006b0c                . = ALIGN (0x4)

.rel.dyn        0x08006b0c        0x0
 .rel.iplt      0x08006b0c        0x0 c:/program files (x86)/atollic/truestudio for stm32 9.0.1/armtools/bin/../lib/gcc/arm-atollic-eabi/6.3.1/armv6-m/crtbegin.o

.ARM.extab
 *(.ARM.extab* .gnu.linkonce.armextab.*)

.ARM            0x08006b0c        0x0
                0x08006b0c                __exidx_start = .
 *(.ARM.exidx*)
                0x08006b0c                __exidx_end = .

.preinit_array  0x08006b0c        0x0
                0x08006b0c                PROVIDE (__preinit_array_start, .)
 *(.preinit_array*)
                0x08006b0c                PROVIDE (__preinit_array_end, .)

.init_array     0x08006b0c        0x4
                0x08006b0c                PROVIDE (__init_array_start, .)
 *(SORT(.init_array.*))
 *(.init_array*)
 .init_array    0x08006b0c        0x4 c:/program files (x86)/atollic/truestudio for stm32 9.0.1/armtools/bin/../lib/gcc/arm-atollic-eabi/6.3.1/armv6-m/crtbegin.o
                0x08006b10                PROVIDE (__init_array_end, .)

.fini_array     0x08006b10        0x4
                [!provide]                PROVIDE (__fini_array_start, .)
 *(SORT(.fini_array.*))
 *(.fini_array*)
 .fini_array    0x08006b10        0x4 c:/program files (x86)/atollic/truestudio for stm32 9.0.1/armtools/bin/../lib/gcc/arm-atollic-eabi/6.3.1/armv6-m/crtbegin.o
                [!provide]                PROVIDE (__fini_array_end, .)
                0x08006b14                _sidata = LOADADDR (.data)

.data           0x20000000       0x10 load address 0x08006b14
                0x20000000                . = ALIGN (0x4)
                0x20000000                _sdata = .
 *(.data)
 .data          0x20000000        0x0 c:/program files (x86)/atollic/truestudio for stm32 9.0.1/armtools/bin/../lib/gcc/arm-atollic-eabi/6.3.1/armv6-m/crti.o
 .data          0x20000000        0x4 c:/program files (x86)/atollic/truestudio for stm32 9.0.1/armtools/bin/../lib/gcc/arm-atollic-eabi/6.3.1/armv6-m/crtbegin.o
                0x20000000                __dso_handle
 .data          0x20000004        0x0 Drivers\BSP\STM32F0xx-Nucleo\stm32f0xx_nucleo.o
 .data          0x20000004        0x0 Drivers\STM32F0xx_HAL_Driver\Src\stm32f0xx_hal.o
 .data          0x20000004        0x0 Drivers\STM32F0xx_HAL_Driver\Src\stm32f0xx_hal_adc.o
 .data          0x20000004        0x0 Drivers\STM32F0xx_HAL_Driver\Src\stm32f0xx_hal_adc_ex.o
 .data          0x20000004        0x0 Drivers\STM32F0xx_HAL_Driver\Src\stm32f0xx_hal_can.o
 .data          0x20000004        0x0 Drivers\STM32F0xx_HAL_Driver\Src\stm32f0xx_hal_cec.o
 .data          0x20000004        0x0 Drivers\STM32F0xx_HAL_Driver\Src\stm32f0xx_hal_comp.o
 .data          0x20000004        0x0 Drivers\STM32F0xx_HAL_Driver\Src\stm32f0xx_hal_cortex.o
 .data          0x20000004        0x0 Drivers\STM32F0xx_HAL_Driver\Src\stm32f0xx_hal_crc.o
 .data          0x20000004        0x0 Drivers\STM32F0xx_HAL_Driver\Src\stm32f0xx_hal_crc_ex.o
 .data          0x20000004        0x0 Drivers\STM32F0xx_HAL_Driver\Src\stm32f0xx_hal_dac.o
 .data          0x20000004        0x0 Drivers\STM32F0xx_HAL_Driver\Src\stm32f0xx_hal_dac_ex.o
 .data          0x20000004        0x0 Drivers\STM32F0xx_HAL_Driver\Src\stm32f0xx_hal_dma.o
 .data          0x20000004        0x0 Drivers\STM32F0xx_HAL_Driver\Src\stm32f0xx_hal_flash.o
 .data          0x20000004        0x0 Drivers\STM32F0xx_HAL_Driver\Src\stm32f0xx_hal_flash_ex.o
 .data          0x20000004        0x0 Drivers\STM32F0xx_HAL_Driver\Src\stm32f0xx_hal_gpio.o
 .data          0x20000004        0x0 Drivers\STM32F0xx_HAL_Driver\Src\stm32f0xx_hal_i2c.o
 .data          0x20000004        0x0 Drivers\STM32F0xx_HAL_Driver\Src\stm32f0xx_hal_i2c_ex.o
 .data          0x20000004        0x0 Drivers\STM32F0xx_HAL_Driver\Src\stm32f0xx_hal_i2s.o
 .data          0x20000004        0x0 Drivers\STM32F0xx_HAL_Driver\Src\stm32f0xx_hal_irda.o
 .data          0x20000004        0x0 Drivers\STM32F0xx_HAL_Driver\Src\stm32f0xx_hal_iwdg.o
 .data          0x20000004        0x0 Drivers\STM32F0xx_HAL_Driver\Src\stm32f0xx_hal_msp_template.o
 .data          0x20000004        0x0 Drivers\STM32F0xx_HAL_Driver\Src\stm32f0xx_hal_pcd.o
 .data          0x20000004        0x0 Drivers\STM32F0xx_HAL_Driver\Src\stm32f0xx_hal_pcd_ex.o
 .data          0x20000004        0x0 Drivers\STM32F0xx_HAL_Driver\Src\stm32f0xx_hal_pwr.o
 .data          0x20000004        0x0 Drivers\STM32F0xx_HAL_Driver\Src\stm32f0xx_hal_pwr_ex.o
 .data          0x20000004        0x0 Drivers\STM32F0xx_HAL_Driver\Src\stm32f0xx_hal_rcc.o
 .data          0x20000004        0x0 Drivers\STM32F0xx_HAL_Driver\Src\stm32f0xx_hal_rcc_ex.o
 .data          0x20000004        0x0 Drivers\STM32F0xx_HAL_Driver\Src\stm32f0xx_hal_rtc.o
 .data          0x20000004        0x0 Drivers\STM32F0xx_HAL_Driver\Src\stm32f0xx_hal_rtc_ex.o
 .data          0x20000004        0x0 Drivers\STM32F0xx_HAL_Driver\Src\stm32f0xx_hal_smartcard.o
 .data          0x20000004        0x0 Drivers\STM32F0xx_HAL_Driver\Src\stm32f0xx_hal_smartcard_ex.o
 .data          0x20000004        0x0 Drivers\STM32F0xx_HAL_Driver\Src\stm32f0xx_hal_smbus.o
 .data          0x20000004        0x0 Drivers\STM32F0xx_HAL_Driver\Src\stm32f0xx_hal_spi.o
 .data          0x20000004        0x0 Drivers\STM32F0xx_HAL_Driver\Src\stm32f0xx_hal_spi_ex.o
 .data          0x20000004        0x0 Drivers\STM32F0xx_HAL_Driver\Src\stm32f0xx_hal_tim.o
 .data          0x20000004        0x0 Drivers\STM32F0xx_HAL_Driver\Src\stm32f0xx_hal_tim_ex.o
 .data          0x20000004        0x0 Drivers\STM32F0xx_HAL_Driver\Src\stm32f0xx_hal_tsc.o
 .data          0x20000004        0x0 Drivers\STM32F0xx_HAL_Driver\Src\stm32f0xx_hal_uart.o
 .data          0x20000004        0x0 Drivers\STM32F0xx_HAL_Driver\Src\stm32f0xx_hal_uart_ex.o
 .data          0x20000004        0x0 Drivers\STM32F0xx_HAL_Driver\Src\stm32f0xx_hal_usart.o
 .data          0x20000004        0x0 Drivers\STM32F0xx_HAL_Driver\Src\stm32f0xx_hal_wwdg.o
 .data          0x20000004        0x0 Drivers\STM32F0xx_HAL_Driver\Src\stm32f0xx_ll_adc.o
 .data          0x20000004        0x0 Drivers\STM32F0xx_HAL_Driver\Src\stm32f0xx_ll_comp.o
 .data          0x20000004        0x0 Drivers\STM32F0xx_HAL_Driver\Src\stm32f0xx_ll_crc.o
 .data          0x20000004        0x0 Drivers\STM32F0xx_HAL_Driver\Src\stm32f0xx_ll_crs.o
 .data          0x20000004        0x0 Drivers\STM32F0xx_HAL_Driver\Src\stm32f0xx_ll_dac.o
 .data          0x20000004        0x0 Drivers\STM32F0xx_HAL_Driver\Src\stm32f0xx_ll_dma.o
 .data          0x20000004        0x0 Drivers\STM32F0xx_HAL_Driver\Src\stm32f0xx_ll_exti.o
 .data          0x20000004        0x0 Drivers\STM32F0xx_HAL_Driver\Src\stm32f0xx_ll_gpio.o
 .data          0x20000004        0x0 Drivers\STM32F0xx_HAL_Driver\Src\stm32f0xx_ll_i2c.o
 .data          0x20000004        0x0 Drivers\STM32F0xx_HAL_Driver\Src\stm32f0xx_ll_pwr.o
 .data          0x20000004        0x0 Drivers\STM32F0xx_HAL_Driver\Src\stm32f0xx_ll_rcc.o
 .data          0x20000004        0x0 Drivers\STM32F0xx_HAL_Driver\Src\stm32f0xx_ll_rtc.o
 .data          0x20000004        0x0 Drivers\STM32F0xx_HAL_Driver\Src\stm32f0xx_ll_spi.o
 .data          0x20000004        0x0 Drivers\STM32F0xx_HAL_Driver\Src\stm32f0xx_ll_tim.o
 .data          0x20000004        0x0 Drivers\STM32F0xx_HAL_Driver\Src\stm32f0xx_ll_usart.o
 .data          0x20000004        0x0 Drivers\STM32F0xx_HAL_Driver\Src\stm32f0xx_ll_utils.o
 .data          0x20000004        0x0 src\main.o
 .data          0x20000004        0x0 src\startup_stm32f091xc.o
 .data          0x20000004        0x0 src\stm32f0xx_hal_msp.o
 .data          0x20000004        0x0 src\stm32f0xx_it.o
 .data          0x20000004        0x0 src\system_stm32f0xx.o
 .data          0x20000004        0x0 src\tiny_printf.o
 .data          0x20000004        0x0 c:/program files (x86)/atollic/truestudio for stm32 9.0.1/armtools/bin/../lib/gcc/arm-atollic-eabi/6.3.1/../../../../arm-atollic-eabi/lib/armv6-m\libc.a(lib_a-init.o)
 .data          0x20000004        0x0 c:/program files (x86)/atollic/truestudio for stm32 9.0.1/armtools/bin/../lib/gcc/arm-atollic-eabi/6.3.1/../../../../arm-atollic-eabi/lib/armv6-m\libc.a(lib_a-strlen.o)
 .data          0x20000004        0x0 c:/program files (x86)/atollic/truestudio for stm32 9.0.1/armtools/bin/../lib/gcc/arm-atollic-eabi/6.3.1/armv6-m\libgcc.a(_udivsi3.o)
 .data          0x20000004        0x0 c:/program files (x86)/atollic/truestudio for stm32 9.0.1/armtools/bin/../lib/gcc/arm-atollic-eabi/6.3.1/armv6-m\libgcc.a(_divsi3.o)
 .data          0x20000004        0x0 c:/program files (x86)/atollic/truestudio for stm32 9.0.1/armtools/bin/../lib/gcc/arm-atollic-eabi/6.3.1/armv6-m\libgcc.a(_dvmd_tls.o)
 .data          0x20000004        0x0 c:/program files (x86)/atollic/truestudio for stm32 9.0.1/armtools/bin/../lib/gcc/arm-atollic-eabi/6.3.1/../../../../arm-atollic-eabi/lib/armv6-m\libnosys.a(write.o)
 .data          0x20000004        0x0 c:/program files (x86)/atollic/truestudio for stm32 9.0.1/armtools/bin/../lib/gcc/arm-atollic-eabi/6.3.1/../../../../arm-atollic-eabi/lib/armv6-m\libnosys.a(errno.o)
 .data          0x20000004        0x0 c:/program files (x86)/atollic/truestudio for stm32 9.0.1/armtools/bin/../lib/gcc/arm-atollic-eabi/6.3.1/armv6-m/crtend.o
 .data          0x20000004        0x0 c:/program files (x86)/atollic/truestudio for stm32 9.0.1/armtools/bin/../lib/gcc/arm-atollic-eabi/6.3.1/armv6-m/crtn.o
 *(.data*)
 .data.LED_PORT
                0x20000004        0x4 Drivers\BSP\STM32F0xx-Nucleo\stm32f0xx_nucleo.o
                0x20000004                LED_PORT
 .data.BUTTON_PORT
                0x20000008        0x4 Drivers\BSP\STM32F0xx-Nucleo\stm32f0xx_nucleo.o
                0x20000008                BUTTON_PORT
 .data.SystemCoreClock
                0x2000000c        0x4 src\system_stm32f0xx.o
                0x2000000c                SystemCoreClock
                0x20000010                . = ALIGN (0x4)
                0x20000010                _edata = .

.igot.plt       0x20000010        0x0 load address 0x08006b24
 .igot.plt      0x20000010        0x0 c:/program files (x86)/atollic/truestudio for stm32 9.0.1/armtools/bin/../lib/gcc/arm-atollic-eabi/6.3.1/armv6-m/crtbegin.o
                0x20000010                . = ALIGN (0x4)

.bss            0x20000010      0x144 load address 0x08006b24
                0x20000010                _sbss = .
                0x20000010                __bss_start__ = _sbss
 *(.bss)
 .bss           0x20000010        0x0 c:/program files (x86)/atollic/truestudio for stm32 9.0.1/armtools/bin/../lib/gcc/arm-atollic-eabi/6.3.1/armv6-m/crti.o
 .bss           0x20000010       0x1c c:/program files (x86)/atollic/truestudio for stm32 9.0.1/armtools/bin/../lib/gcc/arm-atollic-eabi/6.3.1/armv6-m/crtbegin.o
 .bss           0x2000002c        0x0 Drivers\BSP\STM32F0xx-Nucleo\stm32f0xx_nucleo.o
 .bss           0x2000002c        0x0 Drivers\STM32F0xx_HAL_Driver\Src\stm32f0xx_hal.o
 .bss           0x2000002c        0x0 Drivers\STM32F0xx_HAL_Driver\Src\stm32f0xx_hal_adc.o
 .bss           0x2000002c        0x0 Drivers\STM32F0xx_HAL_Driver\Src\stm32f0xx_hal_adc_ex.o
 .bss           0x2000002c        0x0 Drivers\STM32F0xx_HAL_Driver\Src\stm32f0xx_hal_can.o
 .bss           0x2000002c        0x0 Drivers\STM32F0xx_HAL_Driver\Src\stm32f0xx_hal_cec.o
 .bss           0x2000002c        0x0 Drivers\STM32F0xx_HAL_Driver\Src\stm32f0xx_hal_comp.o
 .bss           0x2000002c        0x0 Drivers\STM32F0xx_HAL_Driver\Src\stm32f0xx_hal_cortex.o
 .bss           0x2000002c        0x0 Drivers\STM32F0xx_HAL_Driver\Src\stm32f0xx_hal_crc.o
 .bss           0x2000002c        0x0 Drivers\STM32F0xx_HAL_Driver\Src\stm32f0xx_hal_crc_ex.o
 .bss           0x2000002c        0x0 Drivers\STM32F0xx_HAL_Driver\Src\stm32f0xx_hal_dac.o
 .bss           0x2000002c        0x0 Drivers\STM32F0xx_HAL_Driver\Src\stm32f0xx_hal_dac_ex.o
 .bss           0x2000002c        0x0 Drivers\STM32F0xx_HAL_Driver\Src\stm32f0xx_hal_dma.o
 .bss           0x2000002c        0x0 Drivers\STM32F0xx_HAL_Driver\Src\stm32f0xx_hal_flash.o
 .bss           0x2000002c        0x0 Drivers\STM32F0xx_HAL_Driver\Src\stm32f0xx_hal_flash_ex.o
 .bss           0x2000002c        0x0 Drivers\STM32F0xx_HAL_Driver\Src\stm32f0xx_hal_gpio.o
 .bss           0x2000002c        0x0 Drivers\STM32F0xx_HAL_Driver\Src\stm32f0xx_hal_i2c.o
 .bss           0x2000002c        0x0 Drivers\STM32F0xx_HAL_Driver\Src\stm32f0xx_hal_i2c_ex.o
 .bss           0x2000002c        0x0 Drivers\STM32F0xx_HAL_Driver\Src\stm32f0xx_hal_i2s.o
 .bss           0x2000002c        0x0 Drivers\STM32F0xx_HAL_Driver\Src\stm32f0xx_hal_irda.o
 .bss           0x2000002c        0x0 Drivers\STM32F0xx_HAL_Driver\Src\stm32f0xx_hal_iwdg.o
 .bss           0x2000002c        0x0 Drivers\STM32F0xx_HAL_Driver\Src\stm32f0xx_hal_msp_template.o
 .bss           0x2000002c        0x0 Drivers\STM32F0xx_HAL_Driver\Src\stm32f0xx_hal_pcd.o
 .bss           0x2000002c        0x0 Drivers\STM32F0xx_HAL_Driver\Src\stm32f0xx_hal_pcd_ex.o
 .bss           0x2000002c        0x0 Drivers\STM32F0xx_HAL_Driver\Src\stm32f0xx_hal_pwr.o
 .bss           0x2000002c        0x0 Drivers\STM32F0xx_HAL_Driver\Src\stm32f0xx_hal_pwr_ex.o
 .bss           0x2000002c        0x0 Drivers\STM32F0xx_HAL_Driver\Src\stm32f0xx_hal_rcc.o
 .bss           0x2000002c        0x0 Drivers\STM32F0xx_HAL_Driver\Src\stm32f0xx_hal_rcc_ex.o
 .bss           0x2000002c        0x0 Drivers\STM32F0xx_HAL_Driver\Src\stm32f0xx_hal_rtc.o
 .bss           0x2000002c        0x0 Drivers\STM32F0xx_HAL_Driver\Src\stm32f0xx_hal_rtc_ex.o
 .bss           0x2000002c        0x0 Drivers\STM32F0xx_HAL_Driver\Src\stm32f0xx_hal_smartcard.o
 .bss           0x2000002c        0x0 Drivers\STM32F0xx_HAL_Driver\Src\stm32f0xx_hal_smartcard_ex.o
 .bss           0x2000002c        0x0 Drivers\STM32F0xx_HAL_Driver\Src\stm32f0xx_hal_smbus.o
 .bss           0x2000002c        0x0 Drivers\STM32F0xx_HAL_Driver\Src\stm32f0xx_hal_spi.o
 .bss           0x2000002c        0x0 Drivers\STM32F0xx_HAL_Driver\Src\stm32f0xx_hal_spi_ex.o
 .bss           0x2000002c        0x0 Drivers\STM32F0xx_HAL_Driver\Src\stm32f0xx_hal_tim.o
 .bss           0x2000002c        0x0 Drivers\STM32F0xx_HAL_Driver\Src\stm32f0xx_hal_tim_ex.o
 .bss           0x2000002c        0x0 Drivers\STM32F0xx_HAL_Driver\Src\stm32f0xx_hal_tsc.o
 .bss           0x2000002c        0x0 Drivers\STM32F0xx_HAL_Driver\Src\stm32f0xx_hal_uart.o
 .bss           0x2000002c        0x0 Drivers\STM32F0xx_HAL_Driver\Src\stm32f0xx_hal_uart_ex.o
 .bss           0x2000002c        0x0 Drivers\STM32F0xx_HAL_Driver\Src\stm32f0xx_hal_usart.o
 .bss           0x2000002c        0x0 Drivers\STM32F0xx_HAL_Driver\Src\stm32f0xx_hal_wwdg.o
 .bss           0x2000002c        0x0 Drivers\STM32F0xx_HAL_Driver\Src\stm32f0xx_ll_adc.o
 .bss           0x2000002c        0x0 Drivers\STM32F0xx_HAL_Driver\Src\stm32f0xx_ll_comp.o
 .bss           0x2000002c        0x0 Drivers\STM32F0xx_HAL_Driver\Src\stm32f0xx_ll_crc.o
 .bss           0x2000002c        0x0 Drivers\STM32F0xx_HAL_Driver\Src\stm32f0xx_ll_crs.o
 .bss           0x2000002c        0x0 Drivers\STM32F0xx_HAL_Driver\Src\stm32f0xx_ll_dac.o
 .bss           0x2000002c        0x0 Drivers\STM32F0xx_HAL_Driver\Src\stm32f0xx_ll_dma.o
 .bss           0x2000002c        0x0 Drivers\STM32F0xx_HAL_Driver\Src\stm32f0xx_ll_exti.o
 .bss           0x2000002c        0x0 Drivers\STM32F0xx_HAL_Driver\Src\stm32f0xx_ll_gpio.o
 .bss           0x2000002c        0x0 Drivers\STM32F0xx_HAL_Driver\Src\stm32f0xx_ll_i2c.o
 .bss           0x2000002c        0x0 Drivers\STM32F0xx_HAL_Driver\Src\stm32f0xx_ll_pwr.o
 .bss           0x2000002c        0x0 Drivers\STM32F0xx_HAL_Driver\Src\stm32f0xx_ll_rcc.o
 .bss           0x2000002c        0x0 Drivers\STM32F0xx_HAL_Driver\Src\stm32f0xx_ll_rtc.o
 .bss           0x2000002c        0x0 Drivers\STM32F0xx_HAL_Driver\Src\stm32f0xx_ll_spi.o
 .bss           0x2000002c        0x0 Drivers\STM32F0xx_HAL_Driver\Src\stm32f0xx_ll_tim.o
 .bss           0x2000002c        0x0 Drivers\STM32F0xx_HAL_Driver\Src\stm32f0xx_ll_usart.o
 .bss           0x2000002c        0x0 Drivers\STM32F0xx_HAL_Driver\Src\stm32f0xx_ll_utils.o
 .bss           0x2000002c        0x0 src\main.o
 .bss           0x2000002c        0x0 src\startup_stm32f091xc.o
 .bss           0x2000002c        0x0 src\stm32f0xx_hal_msp.o
 .bss           0x2000002c        0x0 src\stm32f0xx_it.o
 .bss           0x2000002c        0x0 src\system_stm32f0xx.o
 .bss           0x2000002c        0x0 src\tiny_printf.o
 .bss           0x2000002c        0x0 c:/program files (x86)/atollic/truestudio for stm32 9.0.1/armtools/bin/../lib/gcc/arm-atollic-eabi/6.3.1/../../../../arm-atollic-eabi/lib/armv6-m\libc.a(lib_a-init.o)
 .bss           0x2000002c        0x0 c:/program files (x86)/atollic/truestudio for stm32 9.0.1/armtools/bin/../lib/gcc/arm-atollic-eabi/6.3.1/../../../../arm-atollic-eabi/lib/armv6-m\libc.a(lib_a-strlen.o)
 .bss           0x2000002c        0x0 c:/program files (x86)/atollic/truestudio for stm32 9.0.1/armtools/bin/../lib/gcc/arm-atollic-eabi/6.3.1/armv6-m\libgcc.a(_udivsi3.o)
 .bss           0x2000002c        0x0 c:/program files (x86)/atollic/truestudio for stm32 9.0.1/armtools/bin/../lib/gcc/arm-atollic-eabi/6.3.1/armv6-m\libgcc.a(_divsi3.o)
 .bss           0x2000002c        0x0 c:/program files (x86)/atollic/truestudio for stm32 9.0.1/armtools/bin/../lib/gcc/arm-atollic-eabi/6.3.1/armv6-m\libgcc.a(_dvmd_tls.o)
 .bss           0x2000002c        0x0 c:/program files (x86)/atollic/truestudio for stm32 9.0.1/armtools/bin/../lib/gcc/arm-atollic-eabi/6.3.1/../../../../arm-atollic-eabi/lib/armv6-m\libnosys.a(write.o)
 .bss           0x2000002c        0x0 c:/program files (x86)/atollic/truestudio for stm32 9.0.1/armtools/bin/../lib/gcc/arm-atollic-eabi/6.3.1/../../../../arm-atollic-eabi/lib/armv6-m\libnosys.a(errno.o)
 .bss           0x2000002c        0x0 c:/program files (x86)/atollic/truestudio for stm32 9.0.1/armtools/bin/../lib/gcc/arm-atollic-eabi/6.3.1/armv6-m/crtend.o
 .bss           0x2000002c        0x0 c:/program files (x86)/atollic/truestudio for stm32 9.0.1/armtools/bin/../lib/gcc/arm-atollic-eabi/6.3.1/armv6-m/crtn.o
 *(.bss*)
 .bss.hnucleo_Adc
                0x2000002c       0x4c Drivers\BSP\STM32F0xx-Nucleo\stm32f0xx_nucleo.o
 .bss.sConfig   0x20000078        0xc Drivers\BSP\STM32F0xx-Nucleo\stm32f0xx_nucleo.o
 .bss.DmaHandle.6212
                0x20000084       0x44 src\stm32f0xx_hal_msp.o
 *(COMMON)
 COMMON         0x200000c8        0x4 Drivers\STM32F0xx_HAL_Driver\Src\stm32f0xx_hal.o
                0x200000c8                uwTick
 *fill*         0x200000cc        0x4 
 COMMON         0x200000d0       0x20 Drivers\STM32F0xx_HAL_Driver\Src\stm32f0xx_hal_flash.o
                0x200000d0                pFlash
 COMMON         0x200000f0       0x5d src\main.o
                0x200000f0                sample_num
                0x200000f4                adc_vals
                0x20000100                AdcHandle
                0x2000014c                result
 *fill*         0x2000014d        0x3 
 COMMON         0x20000150        0x4 c:/program files (x86)/atollic/truestudio for stm32 9.0.1/armtools/bin/../lib/gcc/arm-atollic-eabi/6.3.1/../../../../arm-atollic-eabi/lib/armv6-m\libnosys.a(errno.o)
                0x20000150                errno
                0x20000154                . = ALIGN (0x4)
                0x20000154                _ebss = .
                0x20000154                __bss_end__ = _ebss

._user_heap_stack
                0x20000154      0x100 load address 0x08006b24
                0x20000154                . = ALIGN (0x4)
                [!provide]                PROVIDE (end, .)
                [!provide]                PROVIDE (_end, .)
                0x20000154                . = (. + _Min_Heap_Size)
                0x20000254                . = (. + _Min_Stack_Size)
 *fill*         0x20000154      0x100 
                0x20000254                . = ALIGN (0x4)

.memory_b1_text
 *(.mb1text)
 *(.mb1text*)
 *(.mb1rodata)
 *(.mb1rodata*)

/DISCARD/
 libc.a(*)
 libm.a(*)
 libgcc.a(*)

.ARM.attributes
                0x00000000       0x28
 *(.ARM.attributes)
 .ARM.attributes
                0x00000000       0x1e c:/program files (x86)/atollic/truestudio for stm32 9.0.1/armtools/bin/../lib/gcc/arm-atollic-eabi/6.3.1/armv6-m/crti.o
 .ARM.attributes
                0x0000001e       0x2c c:/program files (x86)/atollic/truestudio for stm32 9.0.1/armtools/bin/../lib/gcc/arm-atollic-eabi/6.3.1/armv6-m/crtbegin.o
 .ARM.attributes
[...]
HAL_GetDEVID                                      Drivers\STM32F0xx_HAL_Driver\Src\stm32f0xx_hal.o
HAL_GetHalVersion                                 Drivers\STM32F0xx_HAL_Driver\Src\stm32f0xx_hal.o
HAL_GetREVID                                      Drivers\STM32F0xx_HAL_Driver\Src\stm32f0xx_hal.o
HAL_GetTick                                       Drivers\STM32F0xx_HAL_Driver\Src\stm32f0xx_hal.o
                                                  Drivers\STM32F0xx_HAL_Driver\Src\stm32f0xx_hal_rcc_ex.o
                                                  Drivers\STM32F0xx_HAL_Driver\Src\stm32f0xx_hal_rcc.o
                                                  Drivers\STM32F0xx_HAL_Driver\Src\stm32f0xx_hal_flash.o
                                                  Drivers\STM32F0xx_HAL_Driver\Src\stm32f0xx_hal_dma.o
                                                  Drivers\STM32F0xx_HAL_Driver\Src\stm32f0xx_hal_adc_ex.o
                                                  Drivers\STM32F0xx_HAL_Driver\Src\stm32f0xx_hal_adc.o
HAL_GetUIDw0                                      Drivers\STM32F0xx_HAL_Driver\Src\stm32f0xx_hal.o
HAL_GetUIDw1                                      Drivers\STM32F0xx_HAL_Driver\Src\stm32f0xx_hal.o
HAL_GetUIDw2                                      Drivers\STM32F0xx_HAL_Driver\Src\stm32f0xx_hal.o
HAL_IncTick                                       Drivers\STM32F0xx_HAL_Driver\Src\stm32f0xx_hal.o
                                                  src\stm32f0xx_it.o
HAL_Init                                          Drivers\STM32F0xx_HAL_Driver\Src\stm32f0xx_hal.o
                                                  src\main.o
HAL_InitTick                                      Drivers\STM32F0xx_HAL_Driver\Src\stm32f0xx_hal.o
                                                  Drivers\STM32F0xx_HAL_Driver\Src\stm32f0xx_hal_rcc.o
HAL_MspDeInit                                     Drivers\STM32F0xx_HAL_Driver\Src\stm32f0xx_hal_msp_template.o
                                                  Drivers\STM32F0xx_HAL_Driver\Src\stm32f0xx_hal.o
HAL_MspInit                                       Drivers\STM32F0xx_HAL_Driver\Src\stm32f0xx_hal_msp_template.o
                                                  Drivers\STM32F0xx_HAL_Driver\Src\stm32f0xx_hal.o
HAL_NVIC_ClearPendingIRQ                          Drivers\STM32F0xx_HAL_Driver\Src\stm32f0xx_hal_cortex.o
HAL_NVIC_DisableIRQ                               Drivers\STM32F0xx_HAL_Driver\Src\stm32f0xx_hal_cortex.o
                                                  src\stm32f0xx_hal_msp.o
                                                  Drivers\BSP\STM32F0xx-Nucleo\stm32f0xx_nucleo.o
HAL_NVIC_EnableIRQ                                Drivers\STM32F0xx_HAL_Driver\Src\stm32f0xx_hal_cortex.o
                                                  src\stm32f0xx_hal_msp.o
                                                  Drivers\BSP\STM32F0xx-Nucleo\stm32f0xx_nucleo.o
HAL_NVIC_GetPendingIRQ                            Drivers\STM32F0xx_HAL_Driver\Src\stm32f0xx_hal_cortex.o
HAL_NVIC_GetPriority                              Drivers\STM32F0xx_HAL_Driver\Src\stm32f0xx_hal_cortex.o
HAL_NVIC_SetPendingIRQ                            Drivers\STM32F0xx_HAL_Driver\Src\stm32f0xx_hal_cortex.o
HAL_NVIC_SetPriority                              Drivers\STM32F0xx_HAL_Driver\Src\stm32f0xx_hal_cortex.o
                                                  src\stm32f0xx_hal_msp.o
                                                  Drivers\STM32F0xx_HAL_Driver\Src\stm32f0xx_hal.o
                                                  Drivers\BSP\STM32F0xx-Nucleo\stm32f0xx_nucleo.o
HAL_NVIC_SystemReset                              Drivers\STM32F0xx_HAL_Driver\Src\stm32f0xx_hal_cortex.o
HAL_PPP_MspDeInit                                 Drivers\STM32F0xx_HAL_Driver\Src\stm32f0xx_hal_msp_template.o
HAL_PPP_MspInit                                   Drivers\STM32F0xx_HAL_Driver\Src\stm32f0xx_hal_msp_template.o
HAL_RCCEx_CRSConfig                               Drivers\STM32F0xx_HAL_Driver\Src\stm32f0xx_hal_rcc_ex.o
HAL_RCCEx_CRSGetSynchronizationInfo               Drivers\STM32F0xx_HAL_Driver\Src\stm32f0xx_hal_rcc_ex.o
HAL_RCCEx_CRSSoftwareSynchronizationGenerate      Drivers\STM32F0xx_HAL_Driver\Src\stm32f0xx_hal_rcc_ex.o
HAL_RCCEx_CRSWaitSynchronization                  Drivers\STM32F0xx_HAL_Driver\Src\stm32f0xx_hal_rcc_ex.o
HAL_RCCEx_CRS_ErrorCallback                       Drivers\STM32F0xx_HAL_Driver\Src\stm32f0xx_hal_rcc_ex.o
HAL_RCCEx_CRS_ExpectedSyncCallback                Drivers\STM32F0xx_HAL_Driver\Src\stm32f0xx_hal_rcc_ex.o
HAL_RCCEx_CRS_IRQHandler                          Drivers\STM32F0xx_HAL_Driver\Src\stm32f0xx_hal_rcc_ex.o
HAL_RCCEx_CRS_SyncOkCallback                      Drivers\STM32F0xx_HAL_Driver\Src\stm32f0xx_hal_rcc_ex.o
HAL_RCCEx_CRS_SyncWarnCallback                    Drivers\STM32F0xx_HAL_Driver\Src\stm32f0xx_hal_rcc_ex.o
HAL_RCCEx_GetPeriphCLKConfig                      Drivers\STM32F0xx_HAL_Driver\Src\stm32f0xx_hal_rcc_ex.o
HAL_RCCEx_GetPeriphCLKFreq                        Drivers\STM32F0xx_HAL_Driver\Src\stm32f0xx_hal_rcc_ex.o
HAL_RCCEx_PeriphCLKConfig                         Drivers\STM32F0xx_HAL_Driver\Src\stm32f0xx_hal_rcc_ex.o
HAL_RCC_CSSCallback                               Drivers\STM32F0xx_HAL_Driver\Src\stm32f0xx_hal_rcc.o
HAL_RCC_ClockConfig                               Drivers\STM32F0xx_HAL_Driver\Src\stm32f0xx_hal_rcc.o
                                                  src\main.o
HAL_RCC_DeInit                                    Drivers\STM32F0xx_HAL_Driver\Src\stm32f0xx_hal_rcc.o
HAL_RCC_DisableCSS                                Drivers\STM32F0xx_HAL_Driver\Src\stm32f0xx_hal_rcc.o
HAL_RCC_EnableCSS                                 Drivers\STM32F0xx_HAL_Driver\Src\stm32f0xx_hal_rcc.o
HAL_RCC_GetClockConfig                            Drivers\STM32F0xx_HAL_Driver\Src\stm32f0xx_hal_rcc.o
HAL_RCC_GetHCLKFreq                               Drivers\STM32F0xx_HAL_Driver\Src\stm32f0xx_hal_rcc.o
                                                  Drivers\STM32F0xx_HAL_Driver\Src\stm32f0xx_hal.o
HAL_RCC_GetOscConfig                              Drivers\STM32F0xx_HAL_Driver\Src\stm32f0xx_hal_rcc.o
                                                  src\stm32f0xx_hal_msp.o
HAL_RCC_GetPCLK1Freq                              Drivers\STM32F0xx_HAL_Driver\Src\stm32f0xx_hal_rcc.o
                                                  Drivers\STM32F0xx_HAL_Driver\Src\stm32f0xx_hal_rcc_ex.o
HAL_RCC_GetSysClockFreq                           Drivers\STM32F0xx_HAL_Driver\Src\stm32f0xx_hal_rcc.o
                                                  Drivers\STM32F0xx_HAL_Driver\Src\stm32f0xx_hal_rcc_ex.o
HAL_RCC_MCOConfig                                 Drivers\STM32F0xx_HAL_Driver\Src\stm32f0xx_hal_rcc.o
HAL_RCC_NMI_IRQHandler                            Drivers\STM32F0xx_HAL_Driver\Src\stm32f0xx_hal_rcc.o
HAL_RCC_OscConfig                                 Drivers\STM32F0xx_HAL_Driver\Src\stm32f0xx_hal_rcc.o
                                                  src\stm32f0xx_hal_msp.o
                                                  src\main.o
HAL_ResumeTick                                    Drivers\STM32F0xx_HAL_Driver\Src\stm32f0xx_hal.o
HAL_SYSTICK_CLKSourceConfig                       Drivers\STM32F0xx_HAL_Driver\Src\stm32f0xx_hal_cortex.o
HAL_SYSTICK_Callback                              Drivers\STM32F0xx_HAL_Driver\Src\stm32f0xx_hal_cortex.o
HAL_SYSTICK_Config                                Drivers\STM32F0xx_HAL_Driver\Src\stm32f0xx_hal_cortex.o
                                                  Drivers\STM32F0xx_HAL_Driver\Src\stm32f0xx_hal.o
HAL_SYSTICK_IRQHandler                            Drivers\STM32F0xx_HAL_Driver\Src\stm32f0xx_hal_cortex.o
HAL_SuspendTick                                   Drivers\STM32F0xx_HAL_Driver\Src\stm32f0xx_hal.o
HardFault_Handler                                 src\stm32f0xx_it.o
                                                  src\startup_stm32f091xc.o
I2C1_IRQHandler                                   src\startup_stm32f091xc.o
I2C2_IRQHandler                                   src\startup_stm32f091xc.o
LED_PIN                                           Drivers\BSP\STM32F0xx-Nucleo\stm32f0xx_nucleo.o
LED_PORT                                          Drivers\BSP\STM32F0xx-Nucleo\stm32f0xx_nucleo.o
LL_Init1msTick                                    Drivers\STM32F0xx_HAL_Driver\Src\stm32f0xx_ll_utils.o
LL_PLL_ConfigSystemClock_HSE                      Drivers\STM32F0xx_HAL_Driver\Src\stm32f0xx_ll_utils.o
LL_PLL_ConfigSystemClock_HSI                      Drivers\STM32F0xx_HAL_Driver\Src\stm32f0xx_ll_utils.o
LL_PLL_ConfigSystemClock_HSI48                    Drivers\STM32F0xx_HAL_Driver\Src\stm32f0xx_ll_utils.o
LL_SetSystemCoreClock                             Drivers\STM32F0xx_HAL_Driver\Src\stm32f0xx_ll_utils.o
LL_mDelay                                         Drivers\STM32F0xx_HAL_Driver\Src\stm32f0xx_ll_utils.o
NMI_Handler                                       src\stm32f0xx_it.o
                                                  src\startup_stm32f091xc.o
PVD_VDDIO2_IRQHandler                             src\startup_stm32f091xc.o
PendSV_Handler                                    src\stm32f0xx_it.o
                                                  src\startup_stm32f091xc.o
RCC_CRS_IRQHandler                                src\startup_stm32f091xc.o
RTC_IRQHandler                                    src\startup_stm32f091xc.o
Reset_Handler                                     src\startup_stm32f091xc.o
SPI1_IRQHandler                                   src\startup_stm32f091xc.o
SPI2_IRQHandler                                   src\startup_stm32f091xc.o
SVC_Handler                                       src\stm32f0xx_it.o
                                                  src\startup_stm32f091xc.o
SysTick_Handler                                   src\stm32f0xx_it.o
                                                  src\startup_stm32f091xc.o
SystemCoreClock                                   src\system_stm32f0xx.o
                                                  Drivers\STM32F0xx_HAL_Driver\Src\stm32f0xx_ll_utils.o
                                                  Drivers\STM32F0xx_HAL_Driver\Src\stm32f0xx_hal_rcc.o
                                                  Drivers\STM32F0xx_HAL_Driver\Src\stm32f0xx_hal_adc.o
SystemCoreClockUpdate                             src\system_stm32f0xx.o
SystemInit                                        src\system_stm32f0xx.o
                                                  src\startup_stm32f091xc.o
TIM14_IRQHandler                                  src\startup_stm32f091xc.o
TIM15_IRQHandler                                  src\startup_stm32f091xc.o
TIM16_IRQHandler                                  src\startup_stm32f091xc.o
TIM17_IRQHandler                                  src\startup_stm32f091xc.o
TIM1_BRK_UP_TRG_COM_IRQHandler                    src\startup_stm32f091xc.o
TIM1_CC_IRQHandler                                src\startup_stm32f091xc.o
TIM2_IRQHandler                                   src\startup_stm32f091xc.o
TIM3_IRQHandler                                   src\startup_stm32f091xc.o
TIM6_DAC_IRQHandler                               src\startup_stm32f091xc.o
TIM7_IRQHandler                                   src\startup_stm32f091xc.o
TSC_IRQHandler                                    src\startup_stm32f091xc.o
USART1_IRQHandler                                 src\startup_stm32f091xc.o
USART2_IRQHandler                                 src\startup_stm32f091xc.o
USART3_8_IRQHandler                               src\startup_stm32f091xc.o
WWDG_IRQHandler                                   src\startup_stm32f091xc.o
__aeabi_idiv                                      c:/program files (x86)/atollic/truestudio for stm32 9.0.1/armtools/bin/../lib/gcc/arm-atollic-eabi/6.3.1/armv6-m\libgcc.a(_divsi3.o)
                                                  src\tiny_printf.o
__aeabi_idiv0                                     c:/program files (x86)/atollic/truestudio for stm32 9.0.1/armtools/bin/../lib/gcc/arm-atollic-eabi/6.3.1/armv6-m\libgcc.a(_dvmd_tls.o)
                                                  c:/program files (x86)/atollic/truestudio for stm32 9.0.1/armtools/bin/../lib/gcc/arm-atollic-eabi/6.3.1/armv6-m\libgcc.a(_divsi3.o)
                                                  c:/program files (x86)/atollic/truestudio for stm32 9.0.1/armtools/bin/../lib/gcc/arm-atollic-eabi/6.3.1/armv6-m\libgcc.a(_udivsi3.o)
__aeabi_idivmod                                   c:/program files (x86)/atollic/truestudio for stm32 9.0.1/armtools/bin/../lib/gcc/arm-atollic-eabi/6.3.1/armv6-m\libgcc.a(_divsi3.o)
                                                  src\main.o
__aeabi_ldiv0                                     c:/program files (x86)/atollic/truestudio for stm32 9.0.1/armtools/bin/../lib/gcc/arm-atollic-eabi/6.3.1/armv6-m\libgcc.a(_dvmd_tls.o)
__aeabi_uidiv                                     c:/program files (x86)/atollic/truestudio for stm32 9.0.1/armtools/bin/../lib/gcc/arm-atollic-eabi/6.3.1/armv6-m\libgcc.a(_udivsi3.o)
                                                  src\tiny_printf.o
                                                  src\system_stm32f0xx.o
                                                  Drivers\STM32F0xx_HAL_Driver\Src\stm32f0xx_ll_utils.o
                                                  Drivers\STM32F0xx_HAL_Driver\Src\stm32f0xx_hal_rcc.o
                                                  Drivers\STM32F0xx_HAL_Driver\Src\stm32f0xx_hal_dma.o
                                                  Drivers\STM32F0xx_HAL_Driver\Src\stm32f0xx_hal_adc.o
                                                  Drivers\STM32F0xx_HAL_Driver\Src\stm32f0xx_hal.o
__aeabi_uidivmod                                  c:/program files (x86)/atollic/truestudio for stm32 9.0.1/armtools/bin/../lib/gcc/arm-atollic-eabi/6.3.1/armv6-m\libgcc.a(_udivsi3.o)
                                                  src\tiny_printf.o
__deregister_frame_info                           c:/program files (x86)/atollic/truestudio for stm32 9.0.1/armtools/bin/../lib/gcc/arm-atollic-eabi/6.3.1/armv6-m/crtbegin.o
__divsi3                                          c:/program files (x86)/atollic/truestudio for stm32 9.0.1/armtools/bin/../lib/gcc/arm-atollic-eabi/6.3.1/armv6-m\libgcc.a(_divsi3.o)
__dso_handle                                      c:/program files (x86)/atollic/truestudio for stm32 9.0.1/armtools/bin/../lib/gcc/arm-atollic-eabi/6.3.1/armv6-m/crtbegin.o
__init_array_end                                  c:/program files (x86)/atollic/truestudio for stm32 9.0.1/armtools/bin/../lib/gcc/arm-atollic-eabi/6.3.1/../../../../arm-atollic-eabi/lib/armv6-m\libc.a(lib_a-init.o)
__init_array_start                                c:/program files (x86)/atollic/truestudio for stm32 9.0.1/armtools/bin/../lib/gcc/arm-atollic-eabi/6.3.1/../../../../arm-atollic-eabi/lib/armv6-m\libc.a(lib_a-init.o)
__libc_init_array                                 c:/program files (x86)/atollic/truestudio for stm32 9.0.1/armtools/bin/../lib/gcc/arm-atollic-eabi/6.3.1/../../../../arm-atollic-eabi/lib/armv6-m\libc.a(lib_a-init.o)
                                                  src\startup_stm32f091xc.o
__preinit_array_end                               c:/program files (x86)/atollic/truestudio for stm32 9.0.1/armtools/bin/../lib/gcc/arm-atollic-eabi/6.3.1/../../../../arm-atollic-eabi/lib/armv6-m\libc.a(lib_a-init.o)
__preinit_array_start                             c:/program files (x86)/atollic/truestudio for stm32 9.0.1/armtools/bin/../lib/gcc/arm-atollic-eabi/6.3.1/../../../../arm-atollic-eabi/lib/armv6-m\libc.a(lib_a-init.o)
__register_frame_info                             c:/program files (x86)/atollic/truestudio for stm32 9.0.1/armtools/bin/../lib/gcc/arm-atollic-eabi/6.3.1/armv6-m/crtbegin.o
__udivsi3                                         c:/program files (x86)/atollic/truestudio for stm32 9.0.1/armtools/bin/../lib/gcc/arm-atollic-eabi/6.3.1/armv6-m\libgcc.a(_udivsi3.o)
_check                                            src\main.o
_ebss                                             src\startup_stm32f091xc.o
_edata                                            src\startup_stm32f091xc.o
_estack                                           src\startup_stm32f091xc.o
_fini                                             c:/program files (x86)/atollic/truestudio for stm32 9.0.1/armtools/bin/../lib/gcc/arm-atollic-eabi/6.3.1/armv6-m/crti.o
_init                                             c:/program files (x86)/atollic/truestudio for stm32 9.0.1/armtools/bin/../lib/gcc/arm-atollic-eabi/6.3.1/armv6-m/crti.o
                                                  c:/program files (x86)/atollic/truestudio for stm32 9.0.1/armtools/bin/../lib/gcc/arm-atollic-eabi/6.3.1/../../../../arm-atollic-eabi/lib/armv6-m\libc.a(lib_a-init.o)
_sbss                                             src\startup_stm32f091xc.o
_sdata                                            src\startup_stm32f091xc.o
_sidata                                           src\startup_stm32f091xc.o
_write                                            c:/program files (x86)/atollic/truestudio for stm32 9.0.1/armtools/bin/../lib/gcc/arm-atollic-eabi/6.3.1/../../../../arm-atollic-eabi/lib/armv6-m\libnosys.a(write.o)
                                                  src\tiny_printf.o
adc_vals                                          src\main.o
errno                                             c:/program files (x86)/atollic/truestudio for stm32 9.0.1/armtools/bin/../lib/gcc/arm-atollic-eabi/6.3.1/../../../../arm-atollic-eabi/lib/armv6-m\libnosys.a(errno.o)
                                                  c:/program files (x86)/atollic/truestudio for stm32 9.0.1/armtools/bin/../lib/gcc/arm-atollic-eabi/6.3.1/../../../../arm-atollic-eabi/lib/armv6-m\libnosys.a(write.o)
fiprintf                                          src\tiny_printf.o
fprintf                                           src\tiny_printf.o
fputs                                             src\tiny_printf.o
fwrite                                            src\tiny_printf.o
g_pfnVectors                                      src\startup_stm32f091xc.o
gpio_led2_init                                    src\main.o
iprintf                                           src\tiny_printf.o
main                                              src\main.o
                                                  src\startup_stm32f091xc.o
pFlash                                            Drivers\STM32F0xx_HAL_Driver\Src\stm32f0xx_hal_flash.o
                                                  Drivers\STM32F0xx_HAL_Driver\Src\stm32f0xx_hal_flash_ex.o
printf                                            src\tiny_printf.o
puts                                              src\tiny_printf.o
result                                            src\main.o
sample_num                                        src\main.o
siprintf                                          src\tiny_printf.o
sprintf                                           src\tiny_printf.o
strlen                                            c:/program files (x86)/atollic/truestudio for stm32 9.0.1/armtools/bin/../lib/gcc/arm-atollic-eabi/6.3.1/../../../../arm-atollic-eabi/lib/armv6-m\libc.a(lib_a-strlen.o)
                                                  src\tiny_printf.o
ts_formatlength                                   src\tiny_printf.o
ts_formatstring                                   src\tiny_printf.o
ts_itoa                                           src\tiny_printf.o
uwTick                                            Drivers\STM32F0xx_HAL_Driver\Src\stm32f0xx_hal.o
