Archive member included to satisfy reference by file (symbol)

c:/program files (x86)/atollic/truestudio for stm32 9.0.1/armtools/bin/../lib/gcc/arm-atollic-eabi/6.3.1/../../../../arm-atollic-eabi/lib/armv6-m\libc.a(lib_a-init.o)
                              startup\startup_stm32f091xc.o (__libc_init_array)
c:/program files (x86)/atollic/truestudio for stm32 9.0.1/armtools/bin/../lib/gcc/arm-atollic-eabi/6.3.1/../../../../arm-atollic-eabi/lib/armv6-m\libc.a(lib_a-memset.o)
                              Src\main.o (memset)
c:/program files (x86)/atollic/truestudio for stm32 9.0.1/armtools/bin/../lib/gcc/arm-atollic-eabi/6.3.1/armv6-m\libgcc.a(_udivsi3.o)
                              Drivers\STM32F0xx_HAL_Driver\Src\stm32f0xx_hal.o (__aeabi_uidiv)
c:/program files (x86)/atollic/truestudio for stm32 9.0.1/armtools/bin/../lib/gcc/arm-atollic-eabi/6.3.1/armv6-m\libgcc.a(_dvmd_tls.o)
                              c:/program files (x86)/atollic/truestudio for stm32 9.0.1/armtools/bin/../lib/gcc/arm-atollic-eabi/6.3.1/armv6-m\libgcc.a(_udivsi3.o) (__aeabi_idiv0)
c:/program files (x86)/atollic/truestudio for stm32 9.0.1/armtools/bin/../lib/gcc/arm-atollic-eabi/6.3.1/armv6-m\libgcc.a(divdf3.o)
                              Src\main.o (__aeabi_ddiv)
c:/program files (x86)/atollic/truestudio for stm32 9.0.1/armtools/bin/../lib/gcc/arm-atollic-eabi/6.3.1/armv6-m\libgcc.a(muldf3.o)
                              Src\main.o (__aeabi_dmul)
c:/program files (x86)/atollic/truestudio for stm32 9.0.1/armtools/bin/../lib/gcc/arm-atollic-eabi/6.3.1/armv6-m\libgcc.a(floatunsidf.o)
                              Src\main.o (__aeabi_ui2d)
c:/program files (x86)/atollic/truestudio for stm32 9.0.1/armtools/bin/../lib/gcc/arm-atollic-eabi/6.3.1/armv6-m\libgcc.a(_clzsi2.o)
                              c:/program files (x86)/atollic/truestudio for stm32 9.0.1/armtools/bin/../lib/gcc/arm-atollic-eabi/6.3.1/armv6-m\libgcc.a(divdf3.o) (__clzsi2)

Allocating common symbols
Common symbol       size              file

uwTick              0x4               Drivers\STM32F0xx_HAL_Driver\Src\stm32f0xx_hal.o
pFlash              0x20              Drivers\STM32F0xx_HAL_Driver\Src\stm32f0xx_hal_flash.o
voltage             0x8               Src\main.o
val                 0x4               Src\main.o
result              0x1               Src\main.o
huart2              0x70              Src\main.o
hadc                0x4c              Src\main.o

Discarded input sections

 .text          0x00000000        0x0 c:/program files (x86)/atollic/truestudio for stm32 9.0.1/armtools/bin/../lib/gcc/arm-atollic-eabi/6.3.1/armv6-m/crti.o
 .data          0x00000000        0x0 c:/program files (x86)/atollic/truestudio for stm32 9.0.1/armtools/bin/../lib/gcc/arm-atollic-eabi/6.3.1/armv6-m/crti.o
 .bss           0x00000000        0x0 c:/program files (x86)/atollic/truestudio for stm32 9.0.1/armtools/bin/../lib/gcc/arm-atollic-eabi/6.3.1/armv6-m/crti.o
 .data          0x00000000        0x4 c:/program files (x86)/atollic/truestudio for stm32 9.0.1/armtools/bin/../lib/gcc/arm-atollic-eabi/6.3.1/armv6-m/crtbegin.o
 .text          0x00000000        0x0 Drivers\STM32F0xx_HAL_Driver\Src\stm32f0xx_hal.o
 .data          0x00000000        0x0 Drivers\STM32F0xx_HAL_Driver\Src\stm32f0xx_hal.o
 .bss           0x00000000        0x0 Drivers\STM32F0xx_HAL_Driver\Src\stm32f0xx_hal.o
 .text.HAL_DeInit
                0x00000000       0x40 Drivers\STM32F0xx_HAL_Driver\Src\stm32f0xx_hal.o
 .text.HAL_MspInit
                0x00000000        0xa Drivers\STM32F0xx_HAL_Driver\Src\stm32f0xx_hal.o
 .text.HAL_MspDeInit
                0x00000000        0xa Drivers\STM32F0xx_HAL_Driver\Src\stm32f0xx_hal.o
 .text.HAL_Delay
                0x00000000       0x3a Drivers\STM32F0xx_HAL_Driver\Src\stm32f0xx_hal.o
 .text.HAL_SuspendTick
                0x00000000       0x1c Drivers\STM32F0xx_HAL_Driver\Src\stm32f0xx_hal.o
 .text.HAL_ResumeTick
                0x00000000       0x1c Drivers\STM32F0xx_HAL_Driver\Src\stm32f0xx_hal.o
 .text.HAL_GetHalVersion
                0x00000000       0x10 Drivers\STM32F0xx_HAL_Driver\Src\stm32f0xx_hal.o
 .text.HAL_GetREVID
                0x00000000       0x14 Drivers\STM32F0xx_HAL_Driver\Src\stm32f0xx_hal.o
 .text.HAL_GetDEVID
                0x00000000       0x18 Drivers\STM32F0xx_HAL_Driver\Src\stm32f0xx_hal.o
 .text.HAL_GetUIDw0
                0x00000000       0x14 Drivers\STM32F0xx_HAL_Driver\Src\stm32f0xx_hal.o
 .text.HAL_GetUIDw1
                0x00000000       0x14 Drivers\STM32F0xx_HAL_Driver\Src\stm32f0xx_hal.o
 .text.HAL_GetUIDw2
                0x00000000       0x14 Drivers\STM32F0xx_HAL_Driver\Src\stm32f0xx_hal.o
 .text.HAL_DBGMCU_EnableDBGStopMode
                0x00000000       0x1c Drivers\STM32F0xx_HAL_Driver\Src\stm32f0xx_hal.o
 .text.HAL_DBGMCU_DisableDBGStopMode
                0x00000000       0x1c Drivers\STM32F0xx_HAL_Driver\Src\stm32f0xx_hal.o
[...]
Memory Configuration

Name             Origin             Length             Attributes
RAM              0x20000000         0x00008000         xrw
FLASH            0x08000000         0x00040000         xr
*default*        0x00000000         0xffffffff

Linker script and memory map

LOAD c:/program files (x86)/atollic/truestudio for stm32 9.0.1/armtools/bin/../lib/gcc/arm-atollic-eabi/6.3.1/armv6-m/crti.o
LOAD c:/program files (x86)/atollic/truestudio for stm32 9.0.1/armtools/bin/../lib/gcc/arm-atollic-eabi/6.3.1/armv6-m/crtbegin.o
LOAD Drivers\STM32F0xx_HAL_Driver\Src\stm32f0xx_hal.o
LOAD Drivers\STM32F0xx_HAL_Driver\Src\stm32f0xx_hal_adc.o
LOAD Drivers\STM32F0xx_HAL_Driver\Src\stm32f0xx_hal_adc_ex.o
LOAD Drivers\STM32F0xx_HAL_Driver\Src\stm32f0xx_hal_cortex.o
LOAD Drivers\STM32F0xx_HAL_Driver\Src\stm32f0xx_hal_dma.o
LOAD Drivers\STM32F0xx_HAL_Driver\Src\stm32f0xx_hal_flash.o
LOAD Drivers\STM32F0xx_HAL_Driver\Src\stm32f0xx_hal_flash_ex.o
LOAD Drivers\STM32F0xx_HAL_Driver\Src\stm32f0xx_hal_gpio.o
LOAD Drivers\STM32F0xx_HAL_Driver\Src\stm32f0xx_hal_i2c.o
LOAD Drivers\STM32F0xx_HAL_Driver\Src\stm32f0xx_hal_i2c_ex.o
LOAD Drivers\STM32F0xx_HAL_Driver\Src\stm32f0xx_hal_pwr.o
LOAD Drivers\STM32F0xx_HAL_Driver\Src\stm32f0xx_hal_pwr_ex.o
LOAD Drivers\STM32F0xx_HAL_Driver\Src\stm32f0xx_hal_rcc.o
LOAD Drivers\STM32F0xx_HAL_Driver\Src\stm32f0xx_hal_rcc_ex.o
LOAD Drivers\STM32F0xx_HAL_Driver\Src\stm32f0xx_hal_tim.o
LOAD Drivers\STM32F0xx_HAL_Driver\Src\stm32f0xx_hal_tim_ex.o
LOAD Drivers\STM32F0xx_HAL_Driver\Src\stm32f0xx_hal_uart.o
LOAD Drivers\STM32F0xx_HAL_Driver\Src\stm32f0xx_hal_uart_ex.o
LOAD Src\main.o
LOAD Src\stm32f0xx_hal_msp.o
LOAD Src\stm32f0xx_it.o
LOAD Src\system_stm32f0xx.o
LOAD startup\startup_stm32f091xc.o
                0x00000080                malloc_getpagesize_P = 0x80
START GROUP
LOAD c:/program files (x86)/atollic/truestudio for stm32 9.0.1/armtools/bin/../lib/gcc/arm-atollic-eabi/6.3.1/../../../../arm-atollic-eabi/lib/armv6-m\libc.a
LOAD c:/program files (x86)/atollic/truestudio for stm32 9.0.1/armtools/bin/../lib/gcc/arm-atollic-eabi/6.3.1/../../../../arm-atollic-eabi/lib/armv6-m\libm.a
END GROUP
START GROUP
LOAD c:/program files (x86)/atollic/truestudio for stm32 9.0.1/armtools/bin/../lib/gcc/arm-atollic-eabi/6.3.1/armv6-m\libgcc.a
LOAD c:/program files (x86)/atollic/truestudio for stm32 9.0.1/armtools/bin/../lib/gcc/arm-atollic-eabi/6.3.1/../../../../arm-atollic-eabi/lib/armv6-m\libc.a
END GROUP
START GROUP
LOAD c:/program files (x86)/atollic/truestudio for stm32 9.0.1/armtools/bin/../lib/gcc/arm-atollic-eabi/6.3.1/armv6-m\libgcc.a
LOAD c:/program files (x86)/atollic/truestudio for stm32 9.0.1/armtools/bin/../lib/gcc/arm-atollic-eabi/6.3.1/../../../../arm-atollic-eabi/lib/armv6-m\libc.a
LOAD c:/program files (x86)/atollic/truestudio for stm32 9.0.1/armtools/bin/../lib/gcc/arm-atollic-eabi/6.3.1/../../../../arm-atollic-eabi/lib/armv6-m\libnosys.a
END GROUP
LOAD c:/program files (x86)/atollic/truestudio for stm32 9.0.1/armtools/bin/../lib/gcc/arm-atollic-eabi/6.3.1/armv6-m/crtend.o
LOAD c:/program files (x86)/atollic/truestudio for stm32 9.0.1/armtools/bin/../lib/gcc/arm-atollic-eabi/6.3.1/armv6-m/crtn.o
                0x20008000                _estack = 0x20008000
                0x00000200                _Min_Heap_Size = 0x200
                0x00000400                _Min_Stack_Size = 0x400

.isr_vector     0x08000000       0xbc
                0x08000000                . = ALIGN (0x4)
 *(.isr_vector)
 .isr_vector    0x08000000       0xbc startup\startup_stm32f091xc.o
                0x08000000                g_pfnVectors
                0x080000bc                . = ALIGN (0x4)

.text           0x080000bc     0x3848
                0x080000bc                . = ALIGN (0x4)
 *(.text)
 .text          0x080000bc       0x48 c:/program files (x86)/atollic/truestudio for stm32 9.0.1/armtools/bin/../lib/gcc/arm-atollic-eabi/6.3.1/armv6-m/crtbegin.o
 .text          0x08000104      0x114 c:/program files (x86)/atollic/truestudio for stm32 9.0.1/armtools/bin/../lib/gcc/arm-atollic-eabi/6.3.1/armv6-m\libgcc.a(_udivsi3.o)
                0x08000104                __aeabi_uidiv
                0x08000104                __udivsi3
                0x08000210                __aeabi_uidivmod
 .text          0x08000218        0x4 c:/program files (x86)/atollic/truestudio for stm32 9.0.1/armtools/bin/../lib/gcc/arm-atollic-eabi/6.3.1/armv6-m\libgcc.a(_dvmd_tls.o)
                0x08000218                __aeabi_idiv0
                0x08000218                __aeabi_ldiv0
 .text          0x0800021c      0x668 c:/program files (x86)/atollic/truestudio for stm32 9.0.1/armtools/bin/../lib/gcc/arm-atollic-eabi/6.3.1/armv6-m\libgcc.a(divdf3.o)
                0x0800021c                __aeabi_ddiv
 .text          0x08000884      0x500 c:/program files (x86)/atollic/truestudio for stm32 9.0.1/armtools/bin/../lib/gcc/arm-atollic-eabi/6.3.1/armv6-m\libgcc.a(muldf3.o)
                0x08000884                __aeabi_dmul
 .text          0x08000d84       0x70 c:/program files (x86)/atollic/truestudio for stm32 9.0.1/armtools/bin/../lib/gcc/arm-atollic-eabi/6.3.1/armv6-m\libgcc.a(floatunsidf.o)
                0x08000d84                __aeabi_ui2d
 .text          0x08000df4       0x3c c:/program files (x86)/atollic/truestudio for stm32 9.0.1/armtools/bin/../lib/gcc/arm-atollic-eabi/6.3.1/armv6-m\libgcc.a(_clzsi2.o)
                0x08000df4                __clzsi2
 *(.text*)
 .text.HAL_Init
                0x08000e30       0x28 Drivers\STM32F0xx_HAL_Driver\Src\stm32f0xx_hal.o
                0x08000e30                HAL_Init
 .text.HAL_InitTick
                0x08000e58       0x38 Drivers\STM32F0xx_HAL_Driver\Src\stm32f0xx_hal.o
                0x08000e58                HAL_InitTick
 .text.HAL_IncTick
                0x08000e90       0x18 Drivers\STM32F0xx_HAL_Driver\Src\stm32f0xx_hal.o
                0x08000e90                HAL_IncTick
 .text.HAL_GetTick
                0x08000ea8       0x14 Drivers\STM32F0xx_HAL_Driver\Src\stm32f0xx_hal.o
                0x08000ea8                HAL_GetTick
 .text.HAL_ADC_Init
                0x08000ebc      0x27c Drivers\STM32F0xx_HAL_Driver\Src\stm32f0xx_hal_adc.o
                0x08000ebc                HAL_ADC_Init
 .text.HAL_ADC_Start
                0x08001138       0xa8 Drivers\STM32F0xx_HAL_Driver\Src\stm32f0xx_hal_adc.o
                0x08001138                HAL_ADC_Start
 .text.HAL_ADC_Stop
                0x080011e0       0x84 Drivers\STM32F0xx_HAL_Driver\Src\stm32f0xx_hal_adc.o
                0x080011e0                HAL_ADC_Stop
 .text.HAL_ADC_PollForConversion
                0x08001264      0x120 Drivers\STM32F0xx_HAL_Driver\Src\stm32f0xx_hal_adc.o
                0x08001264                HAL_ADC_PollForConversion
 .text.HAL_ADC_GetValue
                0x08001384       0x16 Drivers\STM32F0xx_HAL_Driver\Src\stm32f0xx_hal_adc.o
                0x08001384                HAL_ADC_GetValue
 *fill*         0x0800139a        0x2 
 .text.HAL_ADC_ConfigChannel
                0x0800139c      0x21c Drivers\STM32F0xx_HAL_Driver\Src\stm32f0xx_hal_adc.o
                0x0800139c                HAL_ADC_ConfigChannel
 .text.ADC_Enable
                0x080015b8       0xf8 Drivers\STM32F0xx_HAL_Driver\Src\stm32f0xx_hal_adc.o
 .text.ADC_Disable
                0x080016b0       0xd2 Drivers\STM32F0xx_HAL_Driver\Src\stm32f0xx_hal_adc.o
 .text.ADC_ConversionStop
                0x08001782       0x8a Drivers\STM32F0xx_HAL_Driver\Src\stm32f0xx_hal_adc.o
 .text.NVIC_SetPriority
                0x0800180c       0xdc Drivers\STM32F0xx_HAL_Driver\Src\stm32f0xx_hal_cortex.o
 .text.SysTick_Config
                0x080018e8       0x48 Drivers\STM32F0xx_HAL_Driver\Src\stm32f0xx_hal_cortex.o
 .text.HAL_NVIC_SetPriority
                0x08001930       0x2c Drivers\STM32F0xx_HAL_Driver\Src\stm32f0xx_hal_cortex.o
                0x08001930                HAL_NVIC_SetPriority
 .text.HAL_SYSTICK_Config
                0x0800195c       0x1a Drivers\STM32F0xx_HAL_Driver\Src\stm32f0xx_hal_cortex.o
                0x0800195c                HAL_SYSTICK_Config
 *fill*         0x08001976        0x2 
 .text.HAL_GPIO_Init
                0x08001978      0x2f8 Drivers\STM32F0xx_HAL_Driver\Src\stm32f0xx_hal_gpio.o
                0x08001978                HAL_GPIO_Init
 .text.HAL_GPIO_WritePin
                0x08001c70       0x3a Drivers\STM32F0xx_HAL_Driver\Src\stm32f0xx_hal_gpio.o
                0x08001c70                HAL_GPIO_WritePin
 *fill*         0x08001caa        0x2 
 .text.HAL_RCC_OscConfig
                0x08001cac      0x6bc Drivers\STM32F0xx_HAL_Driver\Src\stm32f0xx_hal_rcc.o
                0x08001cac                HAL_RCC_OscConfig
 .text.HAL_RCC_ClockConfig
                0x08002368      0x210 Drivers\STM32F0xx_HAL_Driver\Src\stm32f0xx_hal_rcc.o
                0x08002368                HAL_RCC_ClockConfig
 .text.HAL_RCC_GetSysClockFreq
                0x08002578       0xfc Drivers\STM32F0xx_HAL_Driver\Src\stm32f0xx_hal_rcc.o
                0x08002578                HAL_RCC_GetSysClockFreq
 .text.HAL_RCC_GetHCLKFreq
                0x08002674       0x14 Drivers\STM32F0xx_HAL_Driver\Src\stm32f0xx_hal_rcc.o
                0x08002674                HAL_RCC_GetHCLKFreq
 .text.HAL_RCC_GetPCLK1Freq
                0x08002688       0x2c Drivers\STM32F0xx_HAL_Driver\Src\stm32f0xx_hal_rcc.o
                0x08002688                HAL_RCC_GetPCLK1Freq
 .text.HAL_RCCEx_PeriphCLKConfig
                0x080026b4      0x1fc Drivers\STM32F0xx_HAL_Driver\Src\stm32f0xx_hal_rcc_ex.o
                0x080026b4                HAL_RCCEx_PeriphCLKConfig
 .text.HAL_UART_Init
                0x080028b0       0xb0 Drivers\STM32F0xx_HAL_Driver\Src\stm32f0xx_hal_uart.o
                0x080028b0                HAL_UART_Init
 .text.UART_SetConfig
                0x08002960      0x438 Drivers\STM32F0xx_HAL_Driver\Src\stm32f0xx_hal_uart.o
                0x08002960                UART_SetConfig
 .text.UART_AdvFeatureConfig
                0x08002d98      0x158 Drivers\STM32F0xx_HAL_Driver\Src\stm32f0xx_hal_uart.o
                0x08002d98                UART_AdvFeatureConfig
 .text.UART_CheckIdleState
                0x08002ef0       0xc0 Drivers\STM32F0xx_HAL_Driver\Src\stm32f0xx_hal_uart.o
                0x08002ef0                UART_CheckIdleState
 .text.UART_WaitOnFlagUntilTimeout
                0x08002fb0       0x98 Drivers\STM32F0xx_HAL_Driver\Src\stm32f0xx_hal_uart.o
                0x08002fb0                UART_WaitOnFlagUntilTimeout
 .text.main     0x08003048       0xc0 Src\main.o
                0x08003048                main
 .text.SystemClock_Config
                0x08003108       0xea Src\main.o
                0x08003108                SystemClock_Config
 *fill*         0x080031f2        0x2 
 .text.MX_ADC_Init
                0x080031f4       0xb4 Src\main.o
 .text.MX_USART2_UART_Init
                0x080032a8       0x60 Src\main.o
 .text.MX_GPIO_Init
                0x08003308       0xe4 Src\main.o
 .text.Error_Handler
                0x080033ec        0xa Src\main.o
                0x080033ec                Error_Handler
 .text._delay   0x080033f6       0x26 Src\main.o
                0x080033f6                _delay
 .text.adc_getVoltage
                0x0800341c       0x48 Src\main.o
                0x0800341c                adc_getVoltage
 .text.adc_getChannelConfig
                0x08003464      0x190 Src\main.o
                0x08003464                adc_getChannelConfig
 .text.HAL_MspInit
                0x080035f4       0x48 Src\stm32f0xx_hal_msp.o
                0x080035f4                HAL_MspInit
 .text.HAL_ADC_MspInit
                0x0800363c       0xa4 Src\stm32f0xx_hal_msp.o
                0x0800363c                HAL_ADC_MspInit
 .text.HAL_UART_MspInit
                0x080036e0       0xa4 Src\stm32f0xx_hal_msp.o
                0x080036e0                HAL_UART_MspInit
 .text.NMI_Handler
                0x08003784        0xa Src\stm32f0xx_it.o
                0x08003784                NMI_Handler
 .text.HardFault_Handler
                0x0800378e        0x6 Src\stm32f0xx_it.o
                0x0800378e                HardFault_Handler
 .text.SVC_Handler
                0x08003794        0xa Src\stm32f0xx_it.o
                0x08003794                SVC_Handler
 .text.PendSV_Handler
                0x0800379e        0xa Src\stm32f0xx_it.o
                0x0800379e                PendSV_Handler
 .text.SysTick_Handler
                0x080037a8        0xe Src\stm32f0xx_it.o
                0x080037a8                SysTick_Handler
 *fill*         0x080037b6        0x2 
 .text.SystemInit
                0x080037b8       0x88 Src\system_stm32f0xx.o
                0x080037b8                SystemInit
 .text.Reset_Handler
                0x08003840       0x50 startup\startup_stm32f091xc.o
                0x08003840                Reset_Handler
 .text.Default_Handler
                0x08003890        0x2 startup\startup_stm32f091xc.o
                0x08003890                TIM1_CC_IRQHandler
                0x08003890                TSC_IRQHandler
                0x08003890                ADC1_COMP_IRQHandler
                0x08003890                I2C1_IRQHandler
                0x08003890                RCC_CRS_IRQHandler
                0x08003890                SPI1_IRQHandler
                0x08003890                TIM6_DAC_IRQHandler
                0x08003890                DMA1_Ch1_IRQHandler
                0x08003890                EXTI2_3_IRQHandler
                0x08003890                I2C2_IRQHandler
                0x08003890                TIM17_IRQHandler
                0x08003890                CEC_CAN_IRQHandler
                0x08003890                RTC_IRQHandler
                0x08003890                PVD_VDDIO2_IRQHandler
                0x08003890                TIM16_IRQHandler
                0x08003890                TIM3_IRQHandler
                0x08003890                EXTI4_15_IRQHandler
                0x08003890                USART3_8_IRQHandler
                0x08003890                Default_Handler
                0x08003890                TIM14_IRQHandler
                0x08003890                TIM7_IRQHandler
                0x08003890                TIM15_IRQHandler
                0x08003890                EXTI0_1_IRQHandler
                0x08003890                SPI2_IRQHandler
                0x08003890                DMA1_Ch2_3_DMA2_Ch1_2_IRQHandler
                0x08003890                DMA1_Ch4_7_DMA2_Ch3_5_IRQHandler
                0x08003890                WWDG_IRQHandler
                0x08003890                TIM2_IRQHandler
                0x08003890                USART2_IRQHandler
                0x08003890                FLASH_IRQHandler
                0x08003890                USART1_IRQHandler
                0x08003890                TIM1_BRK_UP_TRG_COM_IRQHandler
 *fill*         0x08003892        0x2 
 .text.__libc_init_array
                0x08003894       0x48 c:/program files (x86)/atollic/truestudio for stm32 9.0.1/armtools/bin/../lib/gcc/arm-atollic-eabi/6.3.1/../../../../arm-atollic-eabi/lib/armv6-m\libc.a(lib_a-init.o)
                0x08003894                __libc_init_array
 .text.memset   0x080038dc       0x10 c:/program files (x86)/atollic/truestudio for stm32 9.0.1/armtools/bin/../lib/gcc/arm-atollic-eabi/6.3.1/../../../../arm-atollic-eabi/lib/armv6-m\libc.a(lib_a-memset.o)
                0x080038dc                memset
 *(.glue_7)
 .glue_7        0x080038ec        0x0 linker stubs
 *(.glue_7t)
 .glue_7t       0x080038ec        0x0 linker stubs
 *(.eh_frame)
 .eh_frame      0x080038ec        0x0 c:/program files (x86)/atollic/truestudio for stm32 9.0.1/armtools/bin/../lib/gcc/arm-atollic-eabi/6.3.1/armv6-m/crtbegin.o
 *(.init)
 .init          0x080038ec        0x4 c:/program files (x86)/atollic/truestudio for stm32 9.0.1/armtools/bin/../lib/gcc/arm-atollic-eabi/6.3.1/armv6-m/crti.o
                0x080038ec                _init
 .init          0x080038f0        0x8 c:/program files (x86)/atollic/truestudio for stm32 9.0.1/armtools/bin/../lib/gcc/arm-atollic-eabi/6.3.1/armv6-m/crtn.o
 *(.fini)
 .fini          0x080038f8        0x4 c:/program files (x86)/atollic/truestudio for stm32 9.0.1/armtools/bin/../lib/gcc/arm-atollic-eabi/6.3.1/armv6-m/crti.o
                0x080038f8                _fini
 .fini          0x080038fc        0x8 c:/program files (x86)/atollic/truestudio for stm32 9.0.1/armtools/bin/../lib/gcc/arm-atollic-eabi/6.3.1/armv6-m/crtn.o
                0x08003904                . = ALIGN (0x4)
                0x08003904                _etext = .

.vfp11_veneer   0x08003904        0x0
 .vfp11_veneer  0x08003904        0x0 linker stubs

.v4_bx          0x08003904        0x0
 .v4_bx         0x08003904        0x0 linker stubs

.iplt           0x08003904        0x0
 .iplt          0x08003904        0x0 c:/program files (x86)/atollic/truestudio for stm32 9.0.1/armtools/bin/../lib/gcc/arm-atollic-eabi/6.3.1/armv6-m/crtbegin.o

.rodata         0x08003904       0xf8
                0x08003904                . = ALIGN (0x4)
 *(.rodata)
 .rodata        0x08003904       0x20 Drivers\STM32F0xx_HAL_Driver\Src\stm32f0xx_hal_rcc.o
 .rodata        0x08003924       0x40 c:/program files (x86)/atollic/truestudio for stm32 9.0.1/armtools/bin/../lib/gcc/arm-atollic-eabi/6.3.1/armv6-m\libgcc.a(divdf3.o)
 .rodata        0x08003964       0x40 c:/program files (x86)/atollic/truestudio for stm32 9.0.1/armtools/bin/../lib/gcc/arm-atollic-eabi/6.3.1/armv6-m\libgcc.a(muldf3.o)
 *(.rodata*)
 .rodata.adc_getChannelConfig
                0x080039a4       0x40 Src\main.o
 .rodata.AHBPrescTable
                0x080039e4       0x10 Src\system_stm32f0xx.o
                0x080039e4                AHBPrescTable
 .rodata.APBPrescTable
                0x080039f4        0x8 Src\system_stm32f0xx.o
                0x080039f4                APBPrescTable
                0x080039fc                . = ALIGN (0x4)

.rel.dyn        0x080039fc        0x0
 .rel.iplt      0x080039fc        0x0 c:/program files (x86)/atollic/truestudio for stm32 9.0.1/armtools/bin/../lib/gcc/arm-atollic-eabi/6.3.1/armv6-m/crtbegin.o

.ARM.extab
 *(.ARM.extab* .gnu.linkonce.armextab.*)

.ARM            0x080039fc        0x0
                0x080039fc                __exidx_start = .
 *(.ARM.exidx*)
                0x080039fc                __exidx_end = .

.preinit_array  0x080039fc        0x0
                0x080039fc                PROVIDE (__preinit_array_start, .)
 *(.preinit_array*)
                0x080039fc                PROVIDE (__preinit_array_end, .)

.init_array     0x080039fc        0x4
                0x080039fc                PROVIDE (__init_array_start, .)
 *(SORT(.init_array.*))
 *(.init_array*)
 .init_array    0x080039fc        0x4 c:/program files (x86)/atollic/truestudio for stm32 9.0.1/armtools/bin/../lib/gcc/arm-atollic-eabi/6.3.1/armv6-m/crtbegin.o
                0x08003a00                PROVIDE (__init_array_end, .)

.fini_array     0x08003a00        0x4
                [!provide]                PROVIDE (__fini_array_start, .)
 *(SORT(.fini_array.*))
 *(.fini_array*)
 .fini_array    0x08003a00        0x4 c:/program files (x86)/atollic/truestudio for stm32 9.0.1/armtools/bin/../lib/gcc/arm-atollic-eabi/6.3.1/armv6-m/crtbegin.o
                [!provide]                PROVIDE (__fini_array_end, .)
                0x08003a04                _sidata = LOADADDR (.data)

.data           0x20000000        0x4 load address 0x08003a04
                0x20000000                . = ALIGN (0x4)
                0x20000000                _sdata = .
 *(.data)
 *(.data*)
 .data.SystemCoreClock
                0x20000000        0x4 Src\system_stm32f0xx.o
                0x20000000                SystemCoreClock
                0x20000004                . = ALIGN (0x4)
                0x20000004                _edata = .

.igot.plt       0x20000004        0x0 load address 0x08003a08
 .igot.plt      0x20000004        0x0 c:/program files (x86)/atollic/truestudio for stm32 9.0.1/armtools/bin/../lib/gcc/arm-atollic-eabi/6.3.1/armv6-m/crtbegin.o
                0x20000004                . = ALIGN (0x4)

.bss            0x20000008       0xec load address 0x08003a08
                0x20000008                _sbss = .
                0x20000008                __bss_start__ = _sbss
 *(.bss)
 .bss           0x20000008       0x1c c:/program files (x86)/atollic/truestudio for stm32 9.0.1/armtools/bin/../lib/gcc/arm-atollic-eabi/6.3.1/armv6-m/crtbegin.o
 *(.bss*)
 *(COMMON)
 COMMON         0x20000024        0x4 Drivers\STM32F0xx_HAL_Driver\Src\stm32f0xx_hal.o
                0x20000024                uwTick
 COMMON         0x20000028       0xcc Src\main.o
                0x20000028                voltage
                0x20000030                val
                0x20000034                result
                0x20000038                huart2
                0x200000a8                hadc
                0x200000f4                . = ALIGN (0x4)
                0x200000f4                _ebss = .
                0x200000f4                __bss_end__ = _ebss

._user_heap_stack
                0x200000f4      0x600 load address 0x08003a08
                0x200000f4                . = ALIGN (0x4)
                [!provide]                PROVIDE (end, .)
                [!provide]                PROVIDE (_end, .)
                0x200002f4                . = (. + _Min_Heap_Size)
 *fill*         0x200000f4      0x200 
                0x200006f4                . = (. + _Min_Stack_Size)
 *fill*         0x200002f4      0x400 
                0x200006f4                . = ALIGN (0x4)

/DISCARD/
 libc.a(*)
 libm.a(*)
 libgcc.a(*)

.ARM.attributes
                0x00000000       0x28
 *(.ARM.attributes)
 .ARM.attributes
                0x00000000       0x1e c:/program files (x86)/atollic/truestudio for stm32 9.0.1/armtools/bin/../lib/gcc/arm-atollic-eabi/6.3.1/armv6-m/crti.o
 .ARM.attributes
                0x0000001e       0x2c c:/program files (x86)/atollic/truestudio for stm32 9.0.1/armtools/bin/../lib/gcc/arm-atollic-eabi/6.3.1/armv6-m/crtbegin.o
 .ARM.attributes
                0x0000004a       0x31 Drivers\STM32F0xx_HAL_Driver\Src\stm32f0xx_hal.o
 .ARM.attributes
                0x0000007b       0x31 Drivers\STM32F0xx_HAL_Driver\Src\stm32f0xx_hal_adc.o
 .ARM.attributes
                0x000000ac       0x31 Drivers\STM32F0xx_HAL_Driver\Src\stm32f0xx_hal_cortex.o
 .ARM.attributes
                0x000000dd       0x31 Drivers\STM32F0xx_HAL_Driver\Src\stm32f0xx_hal_gpio.o
 .ARM.attributes
                0x0000010e       0x31 Drivers\STM32F0xx_HAL_Driver\Src\stm32f0xx_hal_rcc.o
 .ARM.attributes
                0x0000013f       0x31 Drivers\STM32F0xx_HAL_Driver\Src\stm32f0xx_hal_rcc_ex.o
 .ARM.attributes
                0x00000170       0x31 Drivers\STM32F0xx_HAL_Driver\Src\stm32f0xx_hal_uart.o
 .ARM.attributes
                0x000001a1       0x31 Src\main.o
 .ARM.attributes
                0x000001d2       0x31 Src\stm32f0xx_hal_msp.o
 .ARM.attributes
                0x00000203       0x31 Src\stm32f0xx_it.o
 .ARM.attributes
                0x00000234       0x31 Src\system_stm32f0xx.o
 .ARM.attributes
                0x00000265       0x21 startup\startup_stm32f091xc.o
 .ARM.attributes
                0x00000286       0x2c c:/program files (x86)/atollic/truestudio for stm32 9.0.1/armtools/bin/../lib/gcc/arm-atollic-eabi/6.3.1/../../../../arm-atollic-eabi/lib/armv6-m\libc.a(lib_a-init.o)
 .ARM.attributes
                0x000002b2       0x2c c:/program files (x86)/atollic/truestudio for stm32 9.0.1/armtools/bin/../lib/gcc/arm-atollic-eabi/6.3.1/../../../../arm-atollic-eabi/lib/armv6-m\libc.a(lib_a-memset.o)
 .ARM.attributes
                0x000002de       0x1e c:/program files (x86)/atollic/truestudio for stm32 9.0.1/armtools/bin/../lib/gcc/arm-atollic-eabi/6.3.1/armv6-m\libgcc.a(_udivsi3.o)
 .ARM.attributes
                0x000002fc       0x1e c:/program files (x86)/atollic/truestudio for stm32 9.0.1/armtools/bin/../lib/gcc/arm-atollic-eabi/6.3.1/armv6-m\libgcc.a(_dvmd_tls.o)
 .ARM.attributes
                0x0000031a       0x2c c:/program files (x86)/atollic/truestudio for stm32 9.0.1/armtools/bin/../lib/gcc/arm-atollic-eabi/6.3.1/armv6-m\libgcc.a(divdf3.o)
 .ARM.attributes
                0x00000346       0x2c c:/program files (x86)/atollic/truestudio for stm32 9.0.1/armtools/bin/../lib/gcc/arm-atollic-eabi/6.3.1/armv6-m\libgcc.a(muldf3.o)
 .ARM.attributes
                0x00000372       0x2c c:/program files (x86)/atollic/truestudio for stm32 9.0.1/armtools/bin/../lib/gcc/arm-atollic-eabi/6.3.1/armv6-m\libgcc.a(floatunsidf.o)
 .ARM.attributes
                0x0000039e       0x1e c:/program files (x86)/atollic/truestudio for stm32 9.0.1/armtools/bin/../lib/gcc/arm-atollic-eabi/6.3.1/armv6-m\libgcc.a(_clzsi2.o)
 .ARM.attributes
                0x000003bc       0x1e c:/program files (x86)/atollic/truestudio for stm32 9.0.1/armtools/bin/../lib/gcc/arm-atollic-eabi/6.3.1/armv6-m/crtn.o
OUTPUT(STM32_ADCRef.elf elf32-littlearm)

.debug_info     0x00000000     0xb0b3
 .debug_info    0x00000000      0xe07 Drivers\STM32F0xx_HAL_Driver\Src\stm32f0xx_hal.o
 .debug_info    0x00000e07     0x1496 Drivers\STM32F0xx_HAL_Driver\Src\stm32f0xx_hal_adc.o
 .debug_info    0x0000229d      0xf4e Drivers\STM32F0xx_HAL_Driver\Src\stm32f0xx_hal_cortex.o
 .debug_info    0x000031eb      0xeab Drivers\STM32F0xx_HAL_Driver\Src\stm32f0xx_hal_gpio.o
 .debug_info    0x00004096      0xfc2 Drivers\STM32F0xx_HAL_Driver\Src\stm32f0xx_hal_rcc.o
 .debug_info    0x00005058      0xe21 Drivers\STM32F0xx_HAL_Driver\Src\stm32f0xx_hal_rcc_ex.o
 .debug_info    0x00005e79     0x1b98 Drivers\STM32F0xx_HAL_Driver\Src\stm32f0xx_hal_uart.o
 .debug_info    0x00007a11     0x169f Src\main.o
 .debug_info    0x000090b0     0x13c8 Src\stm32f0xx_hal_msp.o
 .debug_info    0x0000a478      0x976 Src\stm32f0xx_it.o
 .debug_info    0x0000adee      0x24a Src\system_stm32f0xx.o
 .debug_info    0x0000b038       0x7b startup\startup_stm32f091xc.o

.debug_abbrev   0x00000000     0x18d5
 .debug_abbrev  0x00000000      0x266 Drivers\STM32F0xx_HAL_Driver\Src\stm32f0xx_hal.o
 .debug_abbrev  0x00000266      0x264 Drivers\STM32F0xx_HAL_Driver\Src\stm32f0xx_hal_adc.o
 .debug_abbrev  0x000004ca      0x30f Drivers\STM32F0xx_HAL_Driver\Src\stm32f0xx_hal_cortex.o
 .debug_abbrev  0x000007d9      0x259 Drivers\STM32F0xx_HAL_Driver\Src\stm32f0xx_hal_gpio.o
 .debug_abbrev  0x00000a32      0x281 Drivers\STM32F0xx_HAL_Driver\Src\stm32f0xx_hal_rcc.o
 .debug_abbrev  0x00000cb3      0x255 Drivers\STM32F0xx_HAL_Driver\Src\stm32f0xx_hal_rcc_ex.o
 .debug_abbrev  0x00000f08      0x271 Drivers\STM32F0xx_HAL_Driver\Src\stm32f0xx_hal_uart.o
 .debug_abbrev  0x00001179      0x2db Src\main.o
 .debug_abbrev  0x00001454      0x1e9 Src\stm32f0xx_hal_msp.o
 .debug_abbrev  0x0000163d      0x189 Src\stm32f0xx_it.o
 .debug_abbrev  0x000017c6       0xfd Src\system_stm32f0xx.o
 .debug_abbrev  0x000018c3       0x12 startup\startup_stm32f091xc.o

.debug_aranges  0x00000000      0x6c8
 .debug_aranges
                0x00000000       0xb8 Drivers\STM32F0xx_HAL_Driver\Src\stm32f0xx_hal.o
 .debug_aranges
                0x000000b8       0xf8 Drivers\STM32F0xx_HAL_Driver\Src\stm32f0xx_hal_adc.o
 .debug_aranges
                0x000001b0       0xc0 Drivers\STM32F0xx_HAL_Driver\Src\stm32f0xx_hal_cortex.o
 .debug_aranges
                0x00000270       0x58 Drivers\STM32F0xx_HAL_Driver\Src\stm32f0xx_hal_gpio.o
 .debug_aranges
                0x000002c8       0x80 Drivers\STM32F0xx_HAL_Driver\Src\stm32f0xx_hal_rcc.o
 .debug_aranges
                0x00000348       0x78 Drivers\STM32F0xx_HAL_Driver\Src\stm32f0xx_hal_rcc_ex.o
 .debug_aranges
                0x000003c0      0x1d8 Drivers\STM32F0xx_HAL_Driver\Src\stm32f0xx_hal_uart.o
 .debug_aranges
                0x00000598       0x60 Src\main.o
 .debug_aranges
                0x000005f8       0x40 Src\stm32f0xx_hal_msp.o
 .debug_aranges
                0x00000638       0x40 Src\stm32f0xx_it.o
 .debug_aranges
                0x00000678       0x28 Src\system_stm32f0xx.o
 .debug_aranges
                0x000006a0       0x28 startup\startup_stm32f091xc.o

.debug_ranges   0x00000000      0x610
 .debug_ranges  0x00000000       0xa8 Drivers\STM32F0xx_HAL_Driver\Src\stm32f0xx_hal.o
 .debug_ranges  0x000000a8       0xe8 Drivers\STM32F0xx_HAL_Driver\Src\stm32f0xx_hal_adc.o
 .debug_ranges  0x00000190       0xb0 Drivers\STM32F0xx_HAL_Driver\Src\stm32f0xx_hal_cortex.o
 .debug_ranges  0x00000240       0x48 Drivers\STM32F0xx_HAL_Driver\Src\stm32f0xx_hal_gpio.o
 .debug_ranges  0x00000288       0x70 Drivers\STM32F0xx_HAL_Driver\Src\stm32f0xx_hal_rcc.o
 .debug_ranges  0x000002f8       0x68 Drivers\STM32F0xx_HAL_Driver\Src\stm32f0xx_hal_rcc_ex.o
 .debug_ranges  0x00000360      0x1c8 Drivers\STM32F0xx_HAL_Driver\Src\stm32f0xx_hal_uart.o
 .debug_ranges  0x00000528       0x50 Src\main.o
 .debug_ranges  0x00000578       0x30 Src\stm32f0xx_hal_msp.o
 .debug_ranges  0x000005a8       0x30 Src\stm32f0xx_it.o
 .debug_ranges  0x000005d8       0x18 Src\system_stm32f0xx.o
 .debug_ranges  0x000005f0       0x20 startup\startup_stm32f091xc.o

.debug_line     0x00000000     0x3727
 .debug_line    0x00000000      0x403 Drivers\STM32F0xx_HAL_Driver\Src\stm32f0xx_hal.o
 .debug_line    0x00000403      0x82e Drivers\STM32F0xx_HAL_Driver\Src\stm32f0xx_hal_adc.o
 .debug_line    0x00000c31      0x429 Drivers\STM32F0xx_HAL_Driver\Src\stm32f0xx_hal_cortex.o
 .debug_line    0x0000105a      0x41e Drivers\STM32F0xx_HAL_Driver\Src\stm32f0xx_hal_gpio.o
 .debug_line    0x00001478      0x52e Drivers\STM32F0xx_HAL_Driver\Src\stm32f0xx_hal_rcc.o
 .debug_line    0x000019a6      0x4d3 Drivers\STM32F0xx_HAL_Driver\Src\stm32f0xx_hal_rcc_ex.o
 .debug_line    0x00001e79      0xcc1 Drivers\STM32F0xx_HAL_Driver\Src\stm32f0xx_hal_uart.o
 .debug_line    0x00002b3a      0x435 Src\main.o
 .debug_line    0x00002f6f      0x325 Src\stm32f0xx_hal_msp.o
 .debug_line    0x00003294      0x24f Src\stm32f0xx_it.o
 .debug_line    0x000034e3      0x1c1 Src\system_stm32f0xx.o
 .debug_line    0x000036a4       0x83 startup\startup_stm32f091xc.o

.debug_str      0x00000000     0x246f
 .debug_str     0x00000000      0x9cc Drivers\STM32F0xx_HAL_Driver\Src\stm32f0xx_hal.o
                                0xa57 (size before relaxing)
 .debug_str     0x000009cc      0x662 Drivers\STM32F0xx_HAL_Driver\Src\stm32f0xx_hal_adc.o
                                0xcef (size before relaxing)
 .debug_str     0x0000102e      0x1ee Drivers\STM32F0xx_HAL_Driver\Src\stm32f0xx_hal_cortex.o
                                0xa9b (size before relaxing)
 .debug_str     0x0000121c      0x1cc Drivers\STM32F0xx_HAL_Driver\Src\stm32f0xx_hal_gpio.o
                                0x879 (size before relaxing)
 .debug_str     0x000013e8      0x2ff Drivers\STM32F0xx_HAL_Driver\Src\stm32f0xx_hal_rcc.o
                                0xa21 (size before relaxing)
 .debug_str     0x000016e7      0x347 Drivers\STM32F0xx_HAL_Driver\Src\stm32f0xx_hal_rcc_ex.o
                                0xa16 (size before relaxing)
 .debug_str     0x00001a2e      0x873 Drivers\STM32F0xx_HAL_Driver\Src\stm32f0xx_hal_uart.o
                               0x1159 (size before relaxing)
 .debug_str     0x000022a1       0xfa Src\main.o
                                0xfd4 (size before relaxing)
 .debug_str     0x0000239b       0x1b Src\stm32f0xx_hal_msp.o
                                0xd15 (size before relaxing)
 .debug_str     0x000023b6       0x5f Src\stm32f0xx_it.o
                                0x63c (size before relaxing)
 .debug_str     0x00002415       0x5a Src\system_stm32f0xx.o
                                0x266 (size before relaxing)

.comment        0x00000000       0x7c
 .comment       0x00000000       0x7c Drivers\STM32F0xx_HAL_Driver\Src\stm32f0xx_hal.o
                                 0x7d (size before relaxing)
 .comment       0x0000007c       0x7d Drivers\STM32F0xx_HAL_Driver\Src\stm32f0xx_hal_adc.o
 .comment       0x0000007c       0x7d Drivers\STM32F0xx_HAL_Driver\Src\stm32f0xx_hal_cortex.o
 .comment       0x0000007c       0x7d Drivers\STM32F0xx_HAL_Driver\Src\stm32f0xx_hal_gpio.o
 .comment       0x0000007c       0x7d Drivers\STM32F0xx_HAL_Driver\Src\stm32f0xx_hal_rcc.o
 .comment       0x0000007c       0x7d Drivers\STM32F0xx_HAL_Driver\Src\stm32f0xx_hal_rcc_ex.o
 .comment       0x0000007c       0x7d Drivers\STM32F0xx_HAL_Driver\Src\stm32f0xx_hal_uart.o
 .comment       0x0000007c       0x7d Src\main.o
 .comment       0x0000007c       0x7d Src\stm32f0xx_hal_msp.o
 .comment       0x0000007c       0x7d Src\stm32f0xx_it.o
 .comment       0x0000007c       0x7d Src\system_stm32f0xx.o

.debug_frame    0x00000000     0x177c
 .debug_frame   0x00000000      0x248 Drivers\STM32F0xx_HAL_Driver\Src\stm32f0xx_hal.o
 .debug_frame   0x00000248      0x390 Drivers\STM32F0xx_HAL_Driver\Src\stm32f0xx_hal_adc.o
 .debug_frame   0x000005d8      0x2a4 Drivers\STM32F0xx_HAL_Driver\Src\stm32f0xx_hal_cortex.o
 .debug_frame   0x0000087c      0x110 Drivers\STM32F0xx_HAL_Driver\Src\stm32f0xx_hal_gpio.o
 .debug_frame   0x0000098c      0x194 Drivers\STM32F0xx_HAL_Driver\Src\stm32f0xx_hal_rcc.o
 .debug_frame   0x00000b20      0x180 Drivers\STM32F0xx_HAL_Driver\Src\stm32f0xx_hal_rcc_ex.o
 .debug_frame   0x00000ca0      0x710 Drivers\STM32F0xx_HAL_Driver\Src\stm32f0xx_hal_uart.o
 .debug_frame   0x000013b0      0x128 Src\main.o
 .debug_frame   0x000014d8       0xb0 Src\stm32f0xx_hal_msp.o
 .debug_frame   0x00001588       0x9c Src\stm32f0xx_it.o
 .debug_frame   0x00001624       0x4c Src\system_stm32f0xx.o
 .debug_frame   0x00001670       0x2c c:/program files (x86)/atollic/truestudio for stm32 9.0.1/armtools/bin/../lib/gcc/arm-atollic-eabi/6.3.1/../../../../arm-atollic-eabi/lib/armv6-m\libc.a(lib_a-init.o)
 .debug_frame   0x0000169c       0x20 c:/program files (x86)/atollic/truestudio for stm32 9.0.1/armtools/bin/../lib/gcc/arm-atollic-eabi/6.3.1/../../../../arm-atollic-eabi/lib/armv6-m\libc.a(lib_a-memset.o)
 .debug_frame   0x000016bc       0x20 c:/program files (x86)/atollic/truestudio for stm32 9.0.1/armtools/bin/../lib/gcc/arm-atollic-eabi/6.3.1/armv6-m\libgcc.a(_udivsi3.o)
 .debug_frame   0x000016dc       0x3c c:/program files (x86)/atollic/truestudio for stm32 9.0.1/armtools/bin/../lib/gcc/arm-atollic-eabi/6.3.1/armv6-m\libgcc.a(divdf3.o)
 .debug_frame   0x00001718       0x3c c:/program files (x86)/atollic/truestudio for stm32 9.0.1/armtools/bin/../lib/gcc/arm-atollic-eabi/6.3.1/armv6-m\libgcc.a(muldf3.o)
 .debug_frame   0x00001754       0x28 c:/program files (x86)/atollic/truestudio for stm32 9.0.1/armtools/bin/../lib/gcc/arm-atollic-eabi/6.3.1/armv6-m\libgcc.a(floatunsidf.o)

Cross Reference Table

Symbol                                            File
ADC1_COMP_IRQHandler                              startup\startup_stm32f091xc.o
AHBPrescTable                                     Src\system_stm32f0xx.o
                                                  Drivers\STM32F0xx_HAL_Driver\Src\stm32f0xx_hal_rcc.o
APBPrescTable                                     Src\system_stm32f0xx.o
                                                  Drivers\STM32F0xx_HAL_Driver\Src\stm32f0xx_hal_rcc.o
CEC_CAN_IRQHandler                                startup\startup_stm32f091xc.o
DMA1_Ch1_IRQHandler                               startup\startup_stm32f091xc.o
DMA1_Ch2_3_DMA2_Ch1_2_IRQHandler                  startup\startup_stm32f091xc.o
DMA1_Ch4_7_DMA2_Ch3_5_IRQHandler                  startup\startup_stm32f091xc.o
Default_Handler                                   startup\startup_stm32f091xc.o
EXTI0_1_IRQHandler                                startup\startup_stm32f091xc.o
EXTI2_3_IRQHandler                                startup\startup_stm32f091xc.o
EXTI4_15_IRQHandler                               startup\startup_stm32f091xc.o
Error_Handler                                     Src\main.o
FLASH_IRQHandler                                  startup\startup_stm32f091xc.o
FLASH_PageErase                                   Drivers\STM32F0xx_HAL_Driver\Src\stm32f0xx_hal_flash_ex.o
                                                  Drivers\STM32F0xx_HAL_Driver\Src\stm32f0xx_hal_flash.o
FLASH_WaitForLastOperation                        Drivers\STM32F0xx_HAL_Driver\Src\stm32f0xx_hal_flash.o
                                                  Drivers\STM32F0xx_HAL_Driver\Src\stm32f0xx_hal_flash_ex.o
HAL_ADCEx_Calibration_Start                       Drivers\STM32F0xx_HAL_Driver\Src\stm32f0xx_hal_adc_ex.o
HAL_ADC_AnalogWDGConfig                           Drivers\STM32F0xx_HAL_Driver\Src\stm32f0xx_hal_adc.o
HAL_ADC_ConfigChannel                             Drivers\STM32F0xx_HAL_Driver\Src\stm32f0xx_hal_adc.o
                                                  Src\main.o
HAL_ADC_ConvCpltCallback                          Drivers\STM32F0xx_HAL_Driver\Src\stm32f0xx_hal_adc.o
HAL_ADC_ConvHalfCpltCallback                      Drivers\STM32F0xx_HAL_Driver\Src\stm32f0xx_hal_adc.o
HAL_ADC_DeInit                                    Drivers\STM32F0xx_HAL_Driver\Src\stm32f0xx_hal_adc.o
HAL_ADC_ErrorCallback                             Drivers\STM32F0xx_HAL_Driver\Src\stm32f0xx_hal_adc.o
HAL_ADC_GetError                                  Drivers\STM32F0xx_HAL_Driver\Src\stm32f0xx_hal_adc.o
HAL_ADC_GetState                                  Drivers\STM32F0xx_HAL_Driver\Src\stm32f0xx_hal_adc.o
HAL_ADC_GetValue                                  Drivers\STM32F0xx_HAL_Driver\Src\stm32f0xx_hal_adc.o
                                                  Src\main.o
HAL_ADC_IRQHandler                                Drivers\STM32F0xx_HAL_Driver\Src\stm32f0xx_hal_adc.o
HAL_ADC_Init                                      Drivers\STM32F0xx_HAL_Driver\Src\stm32f0xx_hal_adc.o
                                                  Src\main.o
HAL_ADC_LevelOutOfWindowCallback                  Drivers\STM32F0xx_HAL_Driver\Src\stm32f0xx_hal_adc.o
HAL_ADC_MspDeInit                                 Src\stm32f0xx_hal_msp.o
                                                  Drivers\STM32F0xx_HAL_Driver\Src\stm32f0xx_hal_adc.o
HAL_ADC_MspInit                                   Src\stm32f0xx_hal_msp.o
                                                  Drivers\STM32F0xx_HAL_Driver\Src\stm32f0xx_hal_adc.o
HAL_ADC_PollForConversion                         Drivers\STM32F0xx_HAL_Driver\Src\stm32f0xx_hal_adc.o
                                                  Src\main.o
HAL_ADC_PollForEvent                              Drivers\STM32F0xx_HAL_Driver\Src\stm32f0xx_hal_adc.o
HAL_ADC_Start                                     Drivers\STM32F0xx_HAL_Driver\Src\stm32f0xx_hal_adc.o
                                                  Src\main.o
HAL_ADC_Start_DMA                                 Drivers\STM32F0xx_HAL_Driver\Src\stm32f0xx_hal_adc.o
HAL_ADC_Start_IT                                  Drivers\STM32F0xx_HAL_Driver\Src\stm32f0xx_hal_adc.o
HAL_ADC_Stop                                      Drivers\STM32F0xx_HAL_Driver\Src\stm32f0xx_hal_adc.o
                                                  Src\main.o
HAL_ADC_Stop_DMA                                  Drivers\STM32F0xx_HAL_Driver\Src\stm32f0xx_hal_adc.o
HAL_ADC_Stop_IT                                   Drivers\STM32F0xx_HAL_Driver\Src\stm32f0xx_hal_adc.o
HAL_DBGMCU_DisableDBGStandbyMode                  Drivers\STM32F0xx_HAL_Driver\Src\stm32f0xx_hal.o
HAL_DBGMCU_DisableDBGStopMode                     Drivers\STM32F0xx_HAL_Driver\Src\stm32f0xx_hal.o
HAL_DBGMCU_EnableDBGStandbyMode                   Drivers\STM32F0xx_HAL_Driver\Src\stm32f0xx_hal.o
HAL_DBGMCU_EnableDBGStopMode                      Drivers\STM32F0xx_HAL_Driver\Src\stm32f0xx_hal.o
HAL_DMA_Abort                                     Drivers\STM32F0xx_HAL_Driver\Src\stm32f0xx_hal_dma.o
                                                  Drivers\STM32F0xx_HAL_Driver\Src\stm32f0xx_hal_uart.o
                                                  Drivers\STM32F0xx_HAL_Driver\Src\stm32f0xx_hal_adc.o
HAL_DMA_Abort_IT                                  Drivers\STM32F0xx_HAL_Driver\Src\stm32f0xx_hal_dma.o
                                                  Drivers\STM32F0xx_HAL_Driver\Src\stm32f0xx_hal_uart.o
                                                  Drivers\STM32F0xx_HAL_Driver\Src\stm32f0xx_hal_i2c.o
HAL_DMA_DeInit                                    Drivers\STM32F0xx_HAL_Driver\Src\stm32f0xx_hal_dma.o
HAL_DMA_GetError                                  Drivers\STM32F0xx_HAL_Driver\Src\stm32f0xx_hal_dma.o
HAL_DMA_GetState                                  Drivers\STM32F0xx_HAL_Driver\Src\stm32f0xx_hal_dma.o
HAL_DMA_IRQHandler                                Drivers\STM32F0xx_HAL_Driver\Src\stm32f0xx_hal_dma.o
HAL_DMA_Init                                      Drivers\STM32F0xx_HAL_Driver\Src\stm32f0xx_hal_dma.o
HAL_DMA_PollForTransfer                           Drivers\STM32F0xx_HAL_Driver\Src\stm32f0xx_hal_dma.o
HAL_DMA_RegisterCallback                          Drivers\STM32F0xx_HAL_Driver\Src\stm32f0xx_hal_dma.o
HAL_DMA_Start                                     Drivers\STM32F0xx_HAL_Driver\Src\stm32f0xx_hal_dma.o
HAL_DMA_Start_IT                                  Drivers\STM32F0xx_HAL_Driver\Src\stm32f0xx_hal_dma.o
                                                  Drivers\STM32F0xx_HAL_Driver\Src\stm32f0xx_hal_uart.o
                                                  Drivers\STM32F0xx_HAL_Driver\Src\stm32f0xx_hal_i2c.o
                                                  Drivers\STM32F0xx_HAL_Driver\Src\stm32f0xx_hal_adc.o
HAL_DMA_UnRegisterCallback                        Drivers\STM32F0xx_HAL_Driver\Src\stm32f0xx_hal_dma.o
HAL_DeInit                                        Drivers\STM32F0xx_HAL_Driver\Src\stm32f0xx_hal.o
HAL_Delay                                         Drivers\STM32F0xx_HAL_Driver\Src\stm32f0xx_hal.o
HAL_FLASHEx_Erase                                 Drivers\STM32F0xx_HAL_Driver\Src\stm32f0xx_hal_flash_ex.o
HAL_FLASHEx_Erase_IT                              Drivers\STM32F0xx_HAL_Driver\Src\stm32f0xx_hal_flash_ex.o
HAL_FLASHEx_OBErase                               Drivers\STM32F0xx_HAL_Driver\Src\stm32f0xx_hal_flash_ex.o
HAL_FLASHEx_OBGetConfig                           Drivers\STM32F0xx_HAL_Driver\Src\stm32f0xx_hal_flash_ex.o
HAL_FLASHEx_OBGetUserData                         Drivers\STM32F0xx_HAL_Driver\Src\stm32f0xx_hal_flash_ex.o
HAL_FLASHEx_OBProgram                             Drivers\STM32F0xx_HAL_Driver\Src\stm32f0xx_hal_flash_ex.o
HAL_FLASH_EndOfOperationCallback                  Drivers\STM32F0xx_HAL_Driver\Src\stm32f0xx_hal_flash.o
HAL_FLASH_GetError                                Drivers\STM32F0xx_HAL_Driver\Src\stm32f0xx_hal_flash.o
HAL_FLASH_IRQHandler                              Drivers\STM32F0xx_HAL_Driver\Src\stm32f0xx_hal_flash.o
HAL_FLASH_Lock                                    Drivers\STM32F0xx_HAL_Driver\Src\stm32f0xx_hal_flash.o
HAL_FLASH_OB_Launch                               Drivers\STM32F0xx_HAL_Driver\Src\stm32f0xx_hal_flash.o
HAL_FLASH_OB_Lock                                 Drivers\STM32F0xx_HAL_Driver\Src\stm32f0xx_hal_flash.o
HAL_FLASH_OB_Unlock                               Drivers\STM32F0xx_HAL_Driver\Src\stm32f0xx_hal_flash.o
HAL_FLASH_OperationErrorCallback                  Drivers\STM32F0xx_HAL_Driver\Src\stm32f0xx_hal_flash.o
HAL_FLASH_Program                                 Drivers\STM32F0xx_HAL_Driver\Src\stm32f0xx_hal_flash.o
HAL_FLASH_Program_IT                              Drivers\STM32F0xx_HAL_Driver\Src\stm32f0xx_hal_flash.o
HAL_FLASH_Unlock                                  Drivers\STM32F0xx_HAL_Driver\Src\stm32f0xx_hal_flash.o
HAL_GPIO_DeInit                                   Drivers\STM32F0xx_HAL_Driver\Src\stm32f0xx_hal_gpio.o
                                                  Src\stm32f0xx_hal_msp.o
HAL_GPIO_EXTI_Callback                            Drivers\STM32F0xx_HAL_Driver\Src\stm32f0xx_hal_gpio.o
HAL_GPIO_EXTI_IRQHandler                          Drivers\STM32F0xx_HAL_Driver\Src\stm32f0xx_hal_gpio.o
HAL_GPIO_Init                                     Drivers\STM32F0xx_HAL_Driver\Src\stm32f0xx_hal_gpio.o
                                                  Src\stm32f0xx_hal_msp.o
                                                  Src\main.o
                                                  Drivers\STM32F0xx_HAL_Driver\Src\stm32f0xx_hal_rcc.o
HAL_GPIO_LockPin                                  Drivers\STM32F0xx_HAL_Driver\Src\stm32f0xx_hal_gpio.o
HAL_GPIO_ReadPin                                  Drivers\STM32F0xx_HAL_Driver\Src\stm32f0xx_hal_gpio.o
HAL_GPIO_TogglePin                                Drivers\STM32F0xx_HAL_Driver\Src\stm32f0xx_hal_gpio.o
HAL_GPIO_WritePin                                 Drivers\STM32F0xx_HAL_Driver\Src\stm32f0xx_hal_gpio.o
                                                  Src\main.o
HAL_GetDEVID                                      Drivers\STM32F0xx_HAL_Driver\Src\stm32f0xx_hal.o
HAL_GetHalVersion                                 Drivers\STM32F0xx_HAL_Driver\Src\stm32f0xx_hal.o
HAL_GetREVID                                      Drivers\STM32F0xx_HAL_Driver\Src\stm32f0xx_hal.o
HAL_GetTick                                       Drivers\STM32F0xx_HAL_Driver\Src\stm32f0xx_hal.o
                                                  Drivers\STM32F0xx_HAL_Driver\Src\stm32f0xx_hal_uart_ex.o
                                                  Drivers\STM32F0xx_HAL_Driver\Src\stm32f0xx_hal_uart.o
                                                  Drivers\STM32F0xx_HAL_Driver\Src\stm32f0xx_hal_rcc_ex.o
                                                  Drivers\STM32F0xx_HAL_Driver\Src\stm32f0xx_hal_rcc.o
                                                  Drivers\STM32F0xx_HAL_Driver\Src\stm32f0xx_hal_i2c.o
                                                  Drivers\STM32F0xx_HAL_Driver\Src\stm32f0xx_hal_flash.o
                                                  Drivers\STM32F0xx_HAL_Driver\Src\stm32f0xx_hal_dma.o
                                                  Drivers\STM32F0xx_HAL_Driver\Src\stm32f0xx_hal_adc_ex.o
                                                  Drivers\STM32F0xx_HAL_Driver\Src\stm32f0xx_hal_adc.o
HAL_GetUIDw0                                      Drivers\STM32F0xx_HAL_Driver\Src\stm32f0xx_hal.o
HAL_GetUIDw1                                      Drivers\STM32F0xx_HAL_Driver\Src\stm32f0xx_hal.o
HAL_GetUIDw2                                      Drivers\STM32F0xx_HAL_Driver\Src\stm32f0xx_hal.o
HAL_HalfDuplex_EnableReceiver                     Drivers\STM32F0xx_HAL_Driver\Src\stm32f0xx_hal_uart.o
HAL_HalfDuplex_EnableTransmitter                  Drivers\STM32F0xx_HAL_Driver\Src\stm32f0xx_hal_uart.o
HAL_HalfDuplex_Init                               Drivers\STM32F0xx_HAL_Driver\Src\stm32f0xx_hal_uart.o
HAL_I2CEx_ConfigAnalogFilter                      Drivers\STM32F0xx_HAL_Driver\Src\stm32f0xx_hal_i2c_ex.o
HAL_I2CEx_ConfigDigitalFilter                     Drivers\STM32F0xx_HAL_Driver\Src\stm32f0xx_hal_i2c_ex.o
HAL_I2CEx_DisableFastModePlus                     Drivers\STM32F0xx_HAL_Driver\Src\stm32f0xx_hal_i2c_ex.o
HAL_I2CEx_DisableWakeUp                           Drivers\STM32F0xx_HAL_Driver\Src\stm32f0xx_hal_i2c_ex.o
HAL_I2CEx_EnableFastModePlus                      Drivers\STM32F0xx_HAL_Driver\Src\stm32f0xx_hal_i2c_ex.o
HAL_I2CEx_EnableWakeUp                            Drivers\STM32F0xx_HAL_Driver\Src\stm32f0xx_hal_i2c_ex.o
HAL_I2C_AbortCpltCallback                         Drivers\STM32F0xx_HAL_Driver\Src\stm32f0xx_hal_i2c.o
HAL_I2C_AddrCallback                              Drivers\STM32F0xx_HAL_Driver\Src\stm32f0xx_hal_i2c.o
HAL_I2C_DeInit                                    Drivers\STM32F0xx_HAL_Driver\Src\stm32f0xx_hal_i2c.o
HAL_I2C_DisableListen_IT                          Drivers\STM32F0xx_HAL_Driver\Src\stm32f0xx_hal_i2c.o
HAL_I2C_ER_IRQHandler                             Drivers\STM32F0xx_HAL_Driver\Src\stm32f0xx_hal_i2c.o
HAL_I2C_EV_IRQHandler                             Drivers\STM32F0xx_HAL_Driver\Src\stm32f0xx_hal_i2c.o
HAL_I2C_EnableListen_IT                           Drivers\STM32F0xx_HAL_Driver\Src\stm32f0xx_hal_i2c.o
HAL_I2C_ErrorCallback                             Drivers\STM32F0xx_HAL_Driver\Src\stm32f0xx_hal_i2c.o
HAL_I2C_GetError                                  Drivers\STM32F0xx_HAL_Driver\Src\stm32f0xx_hal_i2c.o
HAL_I2C_GetMode                                   Drivers\STM32F0xx_HAL_Driver\Src\stm32f0xx_hal_i2c.o
HAL_I2C_GetState                                  Drivers\STM32F0xx_HAL_Driver\Src\stm32f0xx_hal_i2c.o
HAL_I2C_Init                                      Drivers\STM32F0xx_HAL_Driver\Src\stm32f0xx_hal_i2c.o
HAL_I2C_IsDeviceReady                             Drivers\STM32F0xx_HAL_Driver\Src\stm32f0xx_hal_i2c.o
HAL_I2C_ListenCpltCallback                        Drivers\STM32F0xx_HAL_Driver\Src\stm32f0xx_hal_i2c.o
HAL_I2C_MasterRxCpltCallback                      Drivers\STM32F0xx_HAL_Driver\Src\stm32f0xx_hal_i2c.o
HAL_I2C_MasterTxCpltCallback                      Drivers\STM32F0xx_HAL_Driver\Src\stm32f0xx_hal_i2c.o
HAL_I2C_Master_Abort_IT                           Drivers\STM32F0xx_HAL_Driver\Src\stm32f0xx_hal_i2c.o
HAL_I2C_Master_Receive                            Drivers\STM32F0xx_HAL_Driver\Src\stm32f0xx_hal_i2c.o
HAL_I2C_Master_Receive_DMA                        Drivers\STM32F0xx_HAL_Driver\Src\stm32f0xx_hal_i2c.o
HAL_I2C_Master_Receive_IT                         Drivers\STM32F0xx_HAL_Driver\Src\stm32f0xx_hal_i2c.o
HAL_I2C_Master_Sequential_Receive_IT              Drivers\STM32F0xx_HAL_Driver\Src\stm32f0xx_hal_i2c.o
HAL_I2C_Master_Sequential_Transmit_IT             Drivers\STM32F0xx_HAL_Driver\Src\stm32f0xx_hal_i2c.o
HAL_I2C_Master_Transmit                           Drivers\STM32F0xx_HAL_Driver\Src\stm32f0xx_hal_i2c.o
HAL_I2C_Master_Transmit_DMA                       Drivers\STM32F0xx_HAL_Driver\Src\stm32f0xx_hal_i2c.o
HAL_I2C_Master_Transmit_IT                        Drivers\STM32F0xx_HAL_Driver\Src\stm32f0xx_hal_i2c.o
HAL_I2C_MemRxCpltCallback                         Drivers\STM32F0xx_HAL_Driver\Src\stm32f0xx_hal_i2c.o
HAL_I2C_MemTxCpltCallback                         Drivers\STM32F0xx_HAL_Driver\Src\stm32f0xx_hal_i2c.o
HAL_I2C_Mem_Read                                  Drivers\STM32F0xx_HAL_Driver\Src\stm32f0xx_hal_i2c.o
HAL_I2C_Mem_Read_DMA                              Drivers\STM32F0xx_HAL_Driver\Src\stm32f0xx_hal_i2c.o
HAL_I2C_Mem_Read_IT                               Drivers\STM32F0xx_HAL_Driver\Src\stm32f0xx_hal_i2c.o
HAL_I2C_Mem_Write                                 Drivers\STM32F0xx_HAL_Driver\Src\stm32f0xx_hal_i2c.o
HAL_I2C_Mem_Write_DMA                             Drivers\STM32F0xx_HAL_Driver\Src\stm32f0xx_hal_i2c.o
HAL_I2C_Mem_Write_IT                              Drivers\STM32F0xx_HAL_Driver\Src\stm32f0xx_hal_i2c.o
HAL_I2C_MspDeInit                                 Drivers\STM32F0xx_HAL_Driver\Src\stm32f0xx_hal_i2c.o
HAL_I2C_MspInit                                   Drivers\STM32F0xx_HAL_Driver\Src\stm32f0xx_hal_i2c.o
HAL_I2C_SlaveRxCpltCallback                       Drivers\STM32F0xx_HAL_Driver\Src\stm32f0xx_hal_i2c.o
HAL_I2C_SlaveTxCpltCallback                       Drivers\STM32F0xx_HAL_Driver\Src\stm32f0xx_hal_i2c.o
HAL_I2C_Slave_Receive                             Drivers\STM32F0xx_HAL_Driver\Src\stm32f0xx_hal_i2c.o
HAL_I2C_Slave_Receive_DMA                         Drivers\STM32F0xx_HAL_Driver\Src\stm32f0xx_hal_i2c.o
HAL_I2C_Slave_Receive_IT                          Drivers\STM32F0xx_HAL_Driver\Src\stm32f0xx_hal_i2c.o
HAL_I2C_Slave_Sequential_Receive_IT               Drivers\STM32F0xx_HAL_Driver\Src\stm32f0xx_hal_i2c.o
HAL_I2C_Slave_Sequential_Transmit_IT              Drivers\STM32F0xx_HAL_Driver\Src\stm32f0xx_hal_i2c.o
HAL_I2C_Slave_Transmit                            Drivers\STM32F0xx_HAL_Driver\Src\stm32f0xx_hal_i2c.o
HAL_I2C_Slave_Transmit_DMA                        Drivers\STM32F0xx_HAL_Driver\Src\stm32f0xx_hal_i2c.o
HAL_I2C_Slave_Transmit_IT                         Drivers\STM32F0xx_HAL_Driver\Src\stm32f0xx_hal_i2c.o
HAL_IncTick                                       Drivers\STM32F0xx_HAL_Driver\Src\stm32f0xx_hal.o
                                                  Src\stm32f0xx_it.o
HAL_Init                                          Drivers\STM32F0xx_HAL_Driver\Src\stm32f0xx_hal.o
                                                  Src\main.o
HAL_InitTick                                      Drivers\STM32F0xx_HAL_Driver\Src\stm32f0xx_hal.o
                                                  Drivers\STM32F0xx_HAL_Driver\Src\stm32f0xx_hal_rcc.o
HAL_LIN_Init                                      Drivers\STM32F0xx_HAL_Driver\Src\stm32f0xx_hal_uart_ex.o
HAL_LIN_SendBreak                                 Drivers\STM32F0xx_HAL_Driver\Src\stm32f0xx_hal_uart_ex.o
HAL_MspDeInit                                     Drivers\STM32F0xx_HAL_Driver\Src\stm32f0xx_hal.o
HAL_MspInit                                       Src\stm32f0xx_hal_msp.o
                                                  Drivers\STM32F0xx_HAL_Driver\Src\stm32f0xx_hal.o
HAL_MultiProcessorEx_AddressLength_Set            Drivers\STM32F0xx_HAL_Driver\Src\stm32f0xx_hal_uart_ex.o
HAL_MultiProcessor_DisableMuteMode                Drivers\STM32F0xx_HAL_Driver\Src\stm32f0xx_hal_uart.o
HAL_MultiProcessor_EnableMuteMode                 Drivers\STM32F0xx_HAL_Driver\Src\stm32f0xx_hal_uart.o
HAL_MultiProcessor_EnterMuteMode                  Drivers\STM32F0xx_HAL_Driver\Src\stm32f0xx_hal_uart.o
HAL_MultiProcessor_Init                           Drivers\STM32F0xx_HAL_Driver\Src\stm32f0xx_hal_uart.o
HAL_NVIC_ClearPendingIRQ                          Drivers\STM32F0xx_HAL_Driver\Src\stm32f0xx_hal_cortex.o
HAL_NVIC_DisableIRQ                               Drivers\STM32F0xx_HAL_Driver\Src\stm32f0xx_hal_cortex.o
HAL_NVIC_EnableIRQ                                Drivers\STM32F0xx_HAL_Driver\Src\stm32f0xx_hal_cortex.o
HAL_NVIC_GetPendingIRQ                            Drivers\STM32F0xx_HAL_Driver\Src\stm32f0xx_hal_cortex.o
HAL_NVIC_GetPriority                              Drivers\STM32F0xx_HAL_Driver\Src\stm32f0xx_hal_cortex.o
HAL_NVIC_SetPendingIRQ                            Drivers\STM32F0xx_HAL_Driver\Src\stm32f0xx_hal_cortex.o
HAL_NVIC_SetPriority                              Drivers\STM32F0xx_HAL_Driver\Src\stm32f0xx_hal_cortex.o
                                                  Drivers\STM32F0xx_HAL_Driver\Src\stm32f0xx_hal.o
HAL_NVIC_SystemReset                              Drivers\STM32F0xx_HAL_Driver\Src\stm32f0xx_hal_cortex.o
HAL_PWREx_DisableVddio2Monitor                    Drivers\STM32F0xx_HAL_Driver\Src\stm32f0xx_hal_pwr_ex.o
HAL_PWREx_EnableVddio2Monitor                     Drivers\STM32F0xx_HAL_Driver\Src\stm32f0xx_hal_pwr_ex.o
HAL_PWREx_Vddio2MonitorCallback                   Drivers\STM32F0xx_HAL_Driver\Src\stm32f0xx_hal_pwr_ex.o
HAL_PWREx_Vddio2Monitor_IRQHandler                Drivers\STM32F0xx_HAL_Driver\Src\stm32f0xx_hal_pwr_ex.o
HAL_PWR_ConfigPVD                                 Drivers\STM32F0xx_HAL_Driver\Src\stm32f0xx_hal_pwr_ex.o
HAL_PWR_DeInit                                    Drivers\STM32F0xx_HAL_Driver\Src\stm32f0xx_hal_pwr.o
HAL_PWR_DisableBkUpAccess                         Drivers\STM32F0xx_HAL_Driver\Src\stm32f0xx_hal_pwr.o
HAL_PWR_DisablePVD                                Drivers\STM32F0xx_HAL_Driver\Src\stm32f0xx_hal_pwr_ex.o
HAL_PWR_DisableSEVOnPend                          Drivers\STM32F0xx_HAL_Driver\Src\stm32f0xx_hal_pwr.o
HAL_PWR_DisableSleepOnExit                        Drivers\STM32F0xx_HAL_Driver\Src\stm32f0xx_hal_pwr.o
HAL_PWR_DisableWakeUpPin                          Drivers\STM32F0xx_HAL_Driver\Src\stm32f0xx_hal_pwr.o
HAL_PWR_EnableBkUpAccess                          Drivers\STM32F0xx_HAL_Driver\Src\stm32f0xx_hal_pwr.o
HAL_PWR_EnablePVD                                 Drivers\STM32F0xx_HAL_Driver\Src\stm32f0xx_hal_pwr_ex.o
HAL_PWR_EnableSEVOnPend                           Drivers\STM32F0xx_HAL_Driver\Src\stm32f0xx_hal_pwr.o
HAL_PWR_EnableSleepOnExit                         Drivers\STM32F0xx_HAL_Driver\Src\stm32f0xx_hal_pwr.o
HAL_PWR_EnableWakeUpPin                           Drivers\STM32F0xx_HAL_Driver\Src\stm32f0xx_hal_pwr.o
HAL_PWR_EnterSLEEPMode                            Drivers\STM32F0xx_HAL_Driver\Src\stm32f0xx_hal_pwr.o
HAL_PWR_EnterSTANDBYMode                          Drivers\STM32F0xx_HAL_Driver\Src\stm32f0xx_hal_pwr.o
HAL_PWR_EnterSTOPMode                             Drivers\STM32F0xx_HAL_Driver\Src\stm32f0xx_hal_pwr.o
HAL_PWR_PVDCallback                               Drivers\STM32F0xx_HAL_Driver\Src\stm32f0xx_hal_pwr_ex.o
HAL_PWR_PVD_IRQHandler                            Drivers\STM32F0xx_HAL_Driver\Src\stm32f0xx_hal_pwr_ex.o
HAL_RCCEx_CRSConfig                               Drivers\STM32F0xx_HAL_Driver\Src\stm32f0xx_hal_rcc_ex.o
HAL_RCCEx_CRSGetSynchronizationInfo               Drivers\STM32F0xx_HAL_Driver\Src\stm32f0xx_hal_rcc_ex.o
HAL_RCCEx_CRSSoftwareSynchronizationGenerate      Drivers\STM32F0xx_HAL_Driver\Src\stm32f0xx_hal_rcc_ex.o
HAL_RCCEx_CRSWaitSynchronization                  Drivers\STM32F0xx_HAL_Driver\Src\stm32f0xx_hal_rcc_ex.o
HAL_RCCEx_CRS_ErrorCallback                       Drivers\STM32F0xx_HAL_Driver\Src\stm32f0xx_hal_rcc_ex.o
HAL_RCCEx_CRS_ExpectedSyncCallback                Drivers\STM32F0xx_HAL_Driver\Src\stm32f0xx_hal_rcc_ex.o
HAL_RCCEx_CRS_IRQHandler                          Drivers\STM32F0xx_HAL_Driver\Src\stm32f0xx_hal_rcc_ex.o
HAL_RCCEx_CRS_SyncOkCallback                      Drivers\STM32F0xx_HAL_Driver\Src\stm32f0xx_hal_rcc_ex.o
HAL_RCCEx_CRS_SyncWarnCallback                    Drivers\STM32F0xx_HAL_Driver\Src\stm32f0xx_hal_rcc_ex.o
HAL_RCCEx_GetPeriphCLKConfig                      Drivers\STM32F0xx_HAL_Driver\Src\stm32f0xx_hal_rcc_ex.o
HAL_RCCEx_GetPeriphCLKFreq                        Drivers\STM32F0xx_HAL_Driver\Src\stm32f0xx_hal_rcc_ex.o
HAL_RCCEx_PeriphCLKConfig                         Drivers\STM32F0xx_HAL_Driver\Src\stm32f0xx_hal_rcc_ex.o
                                                  Src\main.o
HAL_RCC_CSSCallback                               Drivers\STM32F0xx_HAL_Driver\Src\stm32f0xx_hal_rcc.o
HAL_RCC_ClockConfig                               Drivers\STM32F0xx_HAL_Driver\Src\stm32f0xx_hal_rcc.o
                                                  Src\main.o
HAL_RCC_DeInit                                    Drivers\STM32F0xx_HAL_Driver\Src\stm32f0xx_hal_rcc.o
HAL_RCC_DisableCSS                                Drivers\STM32F0xx_HAL_Driver\Src\stm32f0xx_hal_rcc.o
HAL_RCC_EnableCSS                                 Drivers\STM32F0xx_HAL_Driver\Src\stm32f0xx_hal_rcc.o
HAL_RCC_GetClockConfig                            Drivers\STM32F0xx_HAL_Driver\Src\stm32f0xx_hal_rcc.o
HAL_RCC_GetHCLKFreq                               Drivers\STM32F0xx_HAL_Driver\Src\stm32f0xx_hal_rcc.o
                                                  Drivers\STM32F0xx_HAL_Driver\Src\stm32f0xx_hal.o
HAL_RCC_GetOscConfig                              Drivers\STM32F0xx_HAL_Driver\Src\stm32f0xx_hal_rcc.o
HAL_RCC_GetPCLK1Freq                              Drivers\STM32F0xx_HAL_Driver\Src\stm32f0xx_hal_rcc.o
                                                  Drivers\STM32F0xx_HAL_Driver\Src\stm32f0xx_hal_uart.o
                                                  Drivers\STM32F0xx_HAL_Driver\Src\stm32f0xx_hal_rcc_ex.o
HAL_RCC_GetSysClockFreq                           Drivers\STM32F0xx_HAL_Driver\Src\stm32f0xx_hal_rcc.o
                                                  Drivers\STM32F0xx_HAL_Driver\Src\stm32f0xx_hal_uart.o
                                                  Drivers\STM32F0xx_HAL_Driver\Src\stm32f0xx_hal_rcc_ex.o
HAL_RCC_MCOConfig                                 Drivers\STM32F0xx_HAL_Driver\Src\stm32f0xx_hal_rcc.o
HAL_RCC_NMI_IRQHandler                            Drivers\STM32F0xx_HAL_Driver\Src\stm32f0xx_hal_rcc.o
HAL_RCC_OscConfig                                 Drivers\STM32F0xx_HAL_Driver\Src\stm32f0xx_hal_rcc.o
                                                  Src\main.o
HAL_RS485Ex_Init                                  Drivers\STM32F0xx_HAL_Driver\Src\stm32f0xx_hal_uart_ex.o
HAL_ResumeTick                                    Drivers\STM32F0xx_HAL_Driver\Src\stm32f0xx_hal.o
HAL_SYSTICK_CLKSourceConfig                       Drivers\STM32F0xx_HAL_Driver\Src\stm32f0xx_hal_cortex.o
HAL_SYSTICK_Callback                              Drivers\STM32F0xx_HAL_Driver\Src\stm32f0xx_hal_cortex.o
HAL_SYSTICK_Config                                Drivers\STM32F0xx_HAL_Driver\Src\stm32f0xx_hal_cortex.o
                                                  Drivers\STM32F0xx_HAL_Driver\Src\stm32f0xx_hal.o
HAL_SYSTICK_IRQHandler                            Drivers\STM32F0xx_HAL_Driver\Src\stm32f0xx_hal_cortex.o
HAL_SuspendTick                                   Drivers\STM32F0xx_HAL_Driver\Src\stm32f0xx_hal.o
HAL_UARTEx_DisableStopMode                        Drivers\STM32F0xx_HAL_Driver\Src\stm32f0xx_hal_uart_ex.o
HAL_UARTEx_EnableStopMode                         Drivers\STM32F0xx_HAL_Driver\Src\stm32f0xx_hal_uart_ex.o
HAL_UARTEx_StopModeWakeUpSourceConfig             Drivers\STM32F0xx_HAL_Driver\Src\stm32f0xx_hal_uart_ex.o
HAL_UARTEx_WakeupCallback                         Drivers\STM32F0xx_HAL_Driver\Src\stm32f0xx_hal_uart_ex.o
                                                  Drivers\STM32F0xx_HAL_Driver\Src\stm32f0xx_hal_uart.o
HAL_UART_Abort                                    Drivers\STM32F0xx_HAL_Driver\Src\stm32f0xx_hal_uart.o
HAL_UART_AbortCpltCallback                        Drivers\STM32F0xx_HAL_Driver\Src\stm32f0xx_hal_uart.o
HAL_UART_AbortReceive                             Drivers\STM32F0xx_HAL_Driver\Src\stm32f0xx_hal_uart.o
HAL_UART_AbortReceiveCpltCallback                 Drivers\STM32F0xx_HAL_Driver\Src\stm32f0xx_hal_uart.o
HAL_UART_AbortReceive_IT                          Drivers\STM32F0xx_HAL_Driver\Src\stm32f0xx_hal_uart.o
HAL_UART_AbortTransmit                            Drivers\STM32F0xx_HAL_Driver\Src\stm32f0xx_hal_uart.o
HAL_UART_AbortTransmitCpltCallback                Drivers\STM32F0xx_HAL_Driver\Src\stm32f0xx_hal_uart.o
HAL_UART_AbortTransmit_IT                         Drivers\STM32F0xx_HAL_Driver\Src\stm32f0xx_hal_uart.o
HAL_UART_Abort_IT                                 Drivers\STM32F0xx_HAL_Driver\Src\stm32f0xx_hal_uart.o
HAL_UART_DMAPause                                 Drivers\STM32F0xx_HAL_Driver\Src\stm32f0xx_hal_uart.o
HAL_UART_DMAResume                                Drivers\STM32F0xx_HAL_Driver\Src\stm32f0xx_hal_uart.o
HAL_UART_DMAStop                                  Drivers\STM32F0xx_HAL_Driver\Src\stm32f0xx_hal_uart.o
HAL_UART_DeInit                                   Drivers\STM32F0xx_HAL_Driver\Src\stm32f0xx_hal_uart.o
HAL_UART_ErrorCallback                            Drivers\STM32F0xx_HAL_Driver\Src\stm32f0xx_hal_uart.o
HAL_UART_GetError                                 Drivers\STM32F0xx_HAL_Driver\Src\stm32f0xx_hal_uart.o
HAL_UART_GetState                                 Drivers\STM32F0xx_HAL_Driver\Src\stm32f0xx_hal_uart.o
HAL_UART_IRQHandler                               Drivers\STM32F0xx_HAL_Driver\Src\stm32f0xx_hal_uart.o
HAL_UART_Init                                     Drivers\STM32F0xx_HAL_Driver\Src\stm32f0xx_hal_uart.o
                                                  Src\main.o
HAL_UART_MspDeInit                                Src\stm32f0xx_hal_msp.o
                                                  Drivers\STM32F0xx_HAL_Driver\Src\stm32f0xx_hal_uart.o
HAL_UART_MspInit                                  Src\stm32f0xx_hal_msp.o
                                                  Drivers\STM32F0xx_HAL_Driver\Src\stm32f0xx_hal_uart.o
                                                  Drivers\STM32F0xx_HAL_Driver\Src\stm32f0xx_hal_uart_ex.o
HAL_UART_Receive                                  Drivers\STM32F0xx_HAL_Driver\Src\stm32f0xx_hal_uart.o
HAL_UART_Receive_DMA                              Drivers\STM32F0xx_HAL_Driver\Src\stm32f0xx_hal_uart.o
HAL_UART_Receive_IT                               Drivers\STM32F0xx_HAL_Driver\Src\stm32f0xx_hal_uart.o
HAL_UART_RxCpltCallback                           Drivers\STM32F0xx_HAL_Driver\Src\stm32f0xx_hal_uart.o
HAL_UART_RxHalfCpltCallback                       Drivers\STM32F0xx_HAL_Driver\Src\stm32f0xx_hal_uart.o
HAL_UART_Transmit                                 Drivers\STM32F0xx_HAL_Driver\Src\stm32f0xx_hal_uart.o
HAL_UART_Transmit_DMA                             Drivers\STM32F0xx_HAL_Driver\Src\stm32f0xx_hal_uart.o
HAL_UART_Transmit_IT                              Drivers\STM32F0xx_HAL_Driver\Src\stm32f0xx_hal_uart.o
HAL_UART_TxCpltCallback                           Drivers\STM32F0xx_HAL_Driver\Src\stm32f0xx_hal_uart.o
HAL_UART_TxHalfCpltCallback                       Drivers\STM32F0xx_HAL_Driver\Src\stm32f0xx_hal_uart.o
HardFault_Handler                                 Src\stm32f0xx_it.o
I2C1_IRQHandler                                   startup\startup_stm32f091xc.o
I2C2_IRQHandler                                   startup\startup_stm32f091xc.o
NMI_Handler                                       Src\stm32f0xx_it.o
PVD_VDDIO2_IRQHandler                             startup\startup_stm32f091xc.o
PendSV_Handler                                    Src\stm32f0xx_it.o
RCC_CRS_IRQHandler                                startup\startup_stm32f091xc.o
RTC_IRQHandler                                    startup\startup_stm32f091xc.o
Reset_Handler                                     startup\startup_stm32f091xc.o
SPI1_IRQHandler                                   startup\startup_stm32f091xc.o
SPI2_IRQHandler                                   startup\startup_stm32f091xc.o
SVC_Handler                                       Src\stm32f0xx_it.o
SysTick_Handler                                   Src\stm32f0xx_it.o
SystemClock_Config                                Src\main.o
SystemCoreClock                                   Src\system_stm32f0xx.o
                                                  Drivers\STM32F0xx_HAL_Driver\Src\stm32f0xx_hal_rcc.o
                                                  Drivers\STM32F0xx_HAL_Driver\Src\stm32f0xx_hal_adc.o
SystemCoreClockUpdate                             Src\system_stm32f0xx.o
SystemInit                                        Src\system_stm32f0xx.o
                                                  startup\startup_stm32f091xc.o
TIM14_IRQHandler                                  startup\startup_stm32f091xc.o
TIM15_IRQHandler                                  startup\startup_stm32f091xc.o
TIM16_IRQHandler                                  startup\startup_stm32f091xc.o
TIM17_IRQHandler                                  startup\startup_stm32f091xc.o
TIM1_BRK_UP_TRG_COM_IRQHandler                    startup\startup_stm32f091xc.o
TIM1_CC_IRQHandler                                startup\startup_stm32f091xc.o
TIM2_IRQHandler                                   startup\startup_stm32f091xc.o
TIM3_IRQHandler                                   startup\startup_stm32f091xc.o
TIM6_DAC_IRQHandler                               startup\startup_stm32f091xc.o
TIM7_IRQHandler                                   startup\startup_stm32f091xc.o
TSC_IRQHandler                                    startup\startup_stm32f091xc.o
UART_AdvFeatureConfig                             Drivers\STM32F0xx_HAL_Driver\Src\stm32f0xx_hal_uart.o
                                                  Drivers\STM32F0xx_HAL_Driver\Src\stm32f0xx_hal_uart_ex.o
UART_CheckIdleState                               Drivers\STM32F0xx_HAL_Driver\Src\stm32f0xx_hal_uart.o
                                                  Drivers\STM32F0xx_HAL_Driver\Src\stm32f0xx_hal_uart_ex.o
UART_EndTransmit_IT                               Drivers\STM32F0xx_HAL_Driver\Src\stm32f0xx_hal_uart.o
UART_Receive_IT                                   Drivers\STM32F0xx_HAL_Driver\Src\stm32f0xx_hal_uart.o
UART_SetConfig                                    Drivers\STM32F0xx_HAL_Driver\Src\stm32f0xx_hal_uart.o
                                                  Drivers\STM32F0xx_HAL_Driver\Src\stm32f0xx_hal_uart_ex.o
UART_Transmit_IT                                  Drivers\STM32F0xx_HAL_Driver\Src\stm32f0xx_hal_uart.o
UART_WaitOnFlagUntilTimeout                       Drivers\STM32F0xx_HAL_Driver\Src\stm32f0xx_hal_uart.o
                                                  Drivers\STM32F0xx_HAL_Driver\Src\stm32f0xx_hal_uart_ex.o
USART1_IRQHandler                                 startup\startup_stm32f091xc.o
USART2_IRQHandler                                 startup\startup_stm32f091xc.o
USART3_8_IRQHandler                               startup\startup_stm32f091xc.o
WWDG_IRQHandler                                   startup\startup_stm32f091xc.o
__aeabi_ddiv                                      c:/program files (x86)/atollic/truestudio for stm32 9.0.1/armtools/bin/../lib/gcc/arm-atollic-eabi/6.3.1/armv6-m\libgcc.a(divdf3.o)
                                                  Src\main.o
__aeabi_dmul                                      c:/program files (x86)/atollic/truestudio for stm32 9.0.1/armtools/bin/../lib/gcc/arm-atollic-eabi/6.3.1/armv6-m\libgcc.a(muldf3.o)
                                                  Src\main.o
__aeabi_idiv0                                     c:/program files (x86)/atollic/truestudio for stm32 9.0.1/armtools/bin/../lib/gcc/arm-atollic-eabi/6.3.1/armv6-m\libgcc.a(_dvmd_tls.o)
                                                  c:/program files (x86)/atollic/truestudio for stm32 9.0.1/armtools/bin/../lib/gcc/arm-atollic-eabi/6.3.1/armv6-m\libgcc.a(_udivsi3.o)
__aeabi_ldiv0                                     c:/program files (x86)/atollic/truestudio for stm32 9.0.1/armtools/bin/../lib/gcc/arm-atollic-eabi/6.3.1/armv6-m\libgcc.a(_dvmd_tls.o)
__aeabi_ui2d                                      c:/program files (x86)/atollic/truestudio for stm32 9.0.1/armtools/bin/../lib/gcc/arm-atollic-eabi/6.3.1/armv6-m\libgcc.a(floatunsidf.o)
                                                  Src\main.o
__aeabi_uidiv                                     c:/program files (x86)/atollic/truestudio for stm32 9.0.1/armtools/bin/../lib/gcc/arm-atollic-eabi/6.3.1/armv6-m\libgcc.a(_udivsi3.o)
                                                  c:/program files (x86)/atollic/truestudio for stm32 9.0.1/armtools/bin/../lib/gcc/arm-atollic-eabi/6.3.1/armv6-m\libgcc.a(divdf3.o)
                                                  Src\system_stm32f0xx.o
                                                  Drivers\STM32F0xx_HAL_Driver\Src\stm32f0xx_hal_uart.o
                                                  Drivers\STM32F0xx_HAL_Driver\Src\stm32f0xx_hal_rcc.o
                                                  Drivers\STM32F0xx_HAL_Driver\Src\stm32f0xx_hal_dma.o
                                                  Drivers\STM32F0xx_HAL_Driver\Src\stm32f0xx_hal_adc.o
                                                  Drivers\STM32F0xx_HAL_Driver\Src\stm32f0xx_hal.o
__aeabi_uidivmod                                  c:/program files (x86)/atollic/truestudio for stm32 9.0.1/armtools/bin/../lib/gcc/arm-atollic-eabi/6.3.1/armv6-m\libgcc.a(_udivsi3.o)
                                                  c:/program files (x86)/atollic/truestudio for stm32 9.0.1/armtools/bin/../lib/gcc/arm-atollic-eabi/6.3.1/armv6-m\libgcc.a(divdf3.o)
__clzsi2                                          c:/program files (x86)/atollic/truestudio for stm32 9.0.1/armtools/bin/../lib/gcc/arm-atollic-eabi/6.3.1/armv6-m\libgcc.a(_clzsi2.o)
                                                  c:/program files (x86)/atollic/truestudio for stm32 9.0.1/armtools/bin/../lib/gcc/arm-atollic-eabi/6.3.1/armv6-m\libgcc.a(floatunsidf.o)
                                                  c:/program files (x86)/atollic/truestudio for stm32 9.0.1/armtools/bin/../lib/gcc/arm-atollic-eabi/6.3.1/armv6-m\libgcc.a(muldf3.o)
                                                  c:/program files (x86)/atollic/truestudio for stm32 9.0.1/armtools/bin/../lib/gcc/arm-atollic-eabi/6.3.1/armv6-m\libgcc.a(divdf3.o)
__deregister_frame_info                           c:/program files (x86)/atollic/truestudio for stm32 9.0.1/armtools/bin/../lib/gcc/arm-atollic-eabi/6.3.1/armv6-m/crtbegin.o
__dso_handle                                      c:/program files (x86)/atollic/truestudio for stm32 9.0.1/armtools/bin/../lib/gcc/arm-atollic-eabi/6.3.1/armv6-m/crtbegin.o
__init_array_end                                  c:/program files (x86)/atollic/truestudio for stm32 9.0.1/armtools/bin/../lib/gcc/arm-atollic-eabi/6.3.1/../../../../arm-atollic-eabi/lib/armv6-m\libc.a(lib_a-init.o)
__init_array_start                                c:/program files (x86)/atollic/truestudio for stm32 9.0.1/armtools/bin/../lib/gcc/arm-atollic-eabi/6.3.1/../../../../arm-atollic-eabi/lib/armv6-m\libc.a(lib_a-init.o)
__libc_init_array                                 c:/program files (x86)/atollic/truestudio for stm32 9.0.1/armtools/bin/../lib/gcc/arm-atollic-eabi/6.3.1/../../../../arm-atollic-eabi/lib/armv6-m\libc.a(lib_a-init.o)
                                                  startup\startup_stm32f091xc.o
__preinit_array_end                               c:/program files (x86)/atollic/truestudio for stm32 9.0.1/armtools/bin/../lib/gcc/arm-atollic-eabi/6.3.1/../../../../arm-atollic-eabi/lib/armv6-m\libc.a(lib_a-init.o)
__preinit_array_start                             c:/program files (x86)/atollic/truestudio for stm32 9.0.1/armtools/bin/../lib/gcc/arm-atollic-eabi/6.3.1/../../../../arm-atollic-eabi/lib/armv6-m\libc.a(lib_a-init.o)
__register_frame_info                             c:/program files (x86)/atollic/truestudio for stm32 9.0.1/armtools/bin/../lib/gcc/arm-atollic-eabi/6.3.1/armv6-m/crtbegin.o
__udivsi3                                         c:/program files (x86)/atollic/truestudio for stm32 9.0.1/armtools/bin/../lib/gcc/arm-atollic-eabi/6.3.1/armv6-m\libgcc.a(_udivsi3.o)
_delay                                            Src\main.o
_ebss                                             startup\startup_stm32f091xc.o
_edata                                            startup\startup_stm32f091xc.o
_estack                                           startup\startup_stm32f091xc.o
_fini                                             c:/program files (x86)/atollic/truestudio for stm32 9.0.1/armtools/bin/../lib/gcc/arm-atollic-eabi/6.3.1/armv6-m/crti.o
_init                                             c:/program files (x86)/atollic/truestudio for stm32 9.0.1/armtools/bin/../lib/gcc/arm-atollic-eabi/6.3.1/armv6-m/crti.o
                                                  c:/program files (x86)/atollic/truestudio for stm32 9.0.1/armtools/bin/../lib/gcc/arm-atollic-eabi/6.3.1/../../../../arm-atollic-eabi/lib/armv6-m\libc.a(lib_a-init.o)
_sbss                                             startup\startup_stm32f091xc.o
_sdata                                            startup\startup_stm32f091xc.o
_sidata                                           startup\startup_stm32f091xc.o
adc_getChannelConfig                              Src\main.o
                                                  Src\stm32f0xx_hal_msp.o
adc_getVoltage                                    Src\main.o
g_pfnVectors                                      startup\startup_stm32f091xc.o
hadc                                              Src\main.o
huart2                                            Src\main.o
main                                              Src\main.o
                                                  startup\startup_stm32f091xc.o
memset                                            c:/program files (x86)/atollic/truestudio for stm32 9.0.1/armtools/bin/../lib/gcc/arm-atollic-eabi/6.3.1/../../../../arm-atollic-eabi/lib/armv6-m\libc.a(lib_a-memset.o)
                                                  Src\stm32f0xx_hal_msp.o
                                                  Src\main.o
pFlash                                            Drivers\STM32F0xx_HAL_Driver\Src\stm32f0xx_hal_flash.o
                                                  Drivers\STM32F0xx_HAL_Driver\Src\stm32f0xx_hal_flash_ex.o
result                                            Src\main.o
uwTick                                            Drivers\STM32F0xx_HAL_Driver\Src\stm32f0xx_hal.o
val                                               Src\main.o
voltage                                           Src\main.o
