Archive member included to satisfy reference by file (symbol)

c:/program files (x86)/atollic/truestudio for stm32 9.0.1/armtools/bin/../lib/gcc/arm-atollic-eabi/6.3.1/../../../../arm-atollic-eabi/lib/armv6-m\libc.a(lib_a-init.o)
                              startup\startup_stm32f091xc.o (__libc_init_array)
c:/program files (x86)/atollic/truestudio for stm32 9.0.1/armtools/bin/../lib/gcc/arm-atollic-eabi/6.3.1/../../../../arm-atollic-eabi/lib/armv6-m\libc.a(lib_a-memset.o)
                              Src\main.o (memset)
c:/program files (x86)/atollic/truestudio for stm32 9.0.1/armtools/bin/../lib/gcc/arm-atollic-eabi/6.3.1/armv6-m\libgcc.a(_udivsi3.o)
                              Drivers\STM32F0xx_HAL_Driver\Src\stm32f0xx_hal.o (__aeabi_uidiv)
c:/program files (x86)/atollic/truestudio for stm32 9.0.1/armtools/bin/../lib/gcc/arm-atollic-eabi/6.3.1/armv6-m\libgcc.a(_dvmd_tls.o)
                              c:/program files (x86)/atollic/truestudio for stm32 9.0.1/armtools/bin/../lib/gcc/arm-atollic-eabi/6.3.1/armv6-m\libgcc.a(_udivsi3.o) (__aeabi_idiv0)
c:/program files (x86)/atollic/truestudio for stm32 9.0.1/armtools/bin/../lib/gcc/arm-atollic-eabi/6.3.1/armv6-m\libgcc.a(divdf3.o)
                              Src\main.o (__aeabi_ddiv)
c:/program files (x86)/atollic/truestudio for stm32 9.0.1/armtools/bin/../lib/gcc/arm-atollic-eabi/6.3.1/armv6-m\libgcc.a(muldf3.o)
                              Src\main.o (__aeabi_dmul)
c:/program files (x86)/atollic/truestudio for stm32 9.0.1/armtools/bin/../lib/gcc/arm-atollic-eabi/6.3.1/armv6-m\libgcc.a(floatunsidf.o)
                              Src\main.o (__aeabi_ui2d)
c:/program files (x86)/atollic/truestudio for stm32 9.0.1/armtools/bin/../lib/gcc/arm-atollic-eabi/6.3.1/armv6-m\libgcc.a(_clzsi2.o)
                              c:/program files (x86)/atollic/truestudio for stm32 9.0.1/armtools/bin/../lib/gcc/arm-atollic-eabi/6.3.1/armv6-m\libgcc.a(divdf3.o) (__clzsi2)

Allocating common symbols
Common symbol       size              file

uwTick              0x4               Drivers\STM32F0xx_HAL_Driver\Src\stm32f0xx_hal.o
pFlash              0x20              Drivers\STM32F0xx_HAL_Driver\Src\stm32f0xx_hal_flash.o
voltage             0x8               Src\main.o
val                 0x4               Src\main.o
result              0x1               Src\main.o
aADCxConvertedValues
                    0x6               Src\main.o
huart2              0x70              Src\main.o
hadc                0x4c              Src\main.o

Discarded input sections

 .text          0x00000000        0x0 c:/program files (x86)/atollic/truestudio for stm32 9.0.1/armtools/bin/../lib/gcc/arm-atollic-eabi/6.3.1/armv6-m/crti.o
 .data          0x00000000        0x0 c:/program files (x86)/atollic/truestudio for stm32 9.0.1/armtools/bin/../lib/gcc/arm-atollic-eabi/6.3.1/armv6-m/crti.o
 .bss           0x00000000        0x0 c:/program files (x86)/atollic/truestudio for stm32 9.0.1/armtools/bin/../lib/gcc/arm-atollic-eabi/6.3.1/armv6-m/crti.o
 .data          0x00000000        0x4 c:/program files (x86)/atollic/truestudio for stm32 9.0.1/armtools/bin/../lib/gcc/arm-atollic-eabi/6.3.1/armv6-m/crtbegin.o
 .text          0x00000000        0x0 Drivers\STM32F0xx_HAL_Driver\Src\stm32f0xx_hal.o
 .data          0x00000000        0x0 Drivers\STM32F0xx_HAL_Driver\Src\stm32f0xx_hal.o
 .bss           0x00000000        0x0 Drivers\STM32F0xx_HAL_Driver\Src\stm32f0xx_hal.o
 .text.HAL_DeInit
                0x00000000       0x40 Drivers\STM32F0xx_HAL_Driver\Src\stm32f0xx_hal.o
 .text.HAL_MspInit
                0x00000000        0xa Drivers\STM32F0xx_HAL_Driver\Src\stm32f0xx_hal.o
 .text.HAL_MspDeInit
                0x00000000        0xa Drivers\STM32F0xx_HAL_Driver\Src\stm32f0xx_hal.o
 .text.HAL_Delay
                0x00000000       0x3a Drivers\STM32F0xx_HAL_Driver\Src\stm32f0xx_hal.o
 .text.HAL_SuspendTick
                0x00000000       0x1c Drivers\STM32F0xx_HAL_Driver\Src\stm32f0xx_hal.o
 .text.HAL_ResumeTick
                0x00000000       0x1c Drivers\STM32F0xx_HAL_Driver\Src\stm32f0xx_hal.o
 .text.HAL_GetHalVersion
                0x00000000       0x10 Drivers\STM32F0xx_HAL_Driver\Src\stm32f0xx_hal.o
 .text.HAL_GetREVID
                0x00000000       0x14 Drivers\STM32F0xx_HAL_Driver\Src\stm32f0xx_hal.o
 .text.HAL_GetDEVID
                0x00000000       0x18 Drivers\STM32F0xx_HAL_Driver\Src\stm32f0xx_hal.o
 .text.HAL_GetUIDw0
                0x00000000       0x14 Drivers\STM32F0xx_HAL_Driver\Src\stm32f0xx_hal.o
 .text.HAL_GetUIDw1
                0x00000000       0x14 Drivers\STM32F0xx_HAL_Driver\Src\stm32f0xx_hal.o
 .text.HAL_GetUIDw2
                0x00000000       0x14 Drivers\STM32F0xx_HAL_Driver\Src\stm32f0xx_hal.o
 .text.HAL_DBGMCU_EnableDBGStopMode
                0x00000000       0x1c Drivers\STM32F0xx_HAL_Driver\Src\stm32f0xx_hal.o
 .text.HAL_DBGMCU_DisableDBGStopMode
[...]
Memory Configuration

Name             Origin             Length             Attributes
RAM              0x20000000         0x00008000         xrw
FLASH            0x08000000         0x00040000         xr
*default*        0x00000000         0xffffffff

Linker script and memory map

LOAD c:/program files (x86)/atollic/truestudio for stm32 9.0.1/armtools/bin/../lib/gcc/arm-atollic-eabi/6.3.1/armv6-m/crti.o
LOAD c:/program files (x86)/atollic/truestudio for stm32 9.0.1/armtools/bin/../lib/gcc/arm-atollic-eabi/6.3.1/armv6-m/crtbegin.o
LOAD Drivers\STM32F0xx_HAL_Driver\Src\stm32f0xx_hal.o
LOAD Drivers\STM32F0xx_HAL_Driver\Src\stm32f0xx_hal_adc.o
LOAD Drivers\STM32F0xx_HAL_Driver\Src\stm32f0xx_hal_adc_ex.o
LOAD Drivers\STM32F0xx_HAL_Driver\Src\stm32f0xx_hal_cortex.o
LOAD Drivers\STM32F0xx_HAL_Driver\Src\stm32f0xx_hal_dma.o
LOAD Drivers\STM32F0xx_HAL_Driver\Src\stm32f0xx_hal_flash.o
LOAD Drivers\STM32F0xx_HAL_Driver\Src\stm32f0xx_hal_flash_ex.o
LOAD Drivers\STM32F0xx_HAL_Driver\Src\stm32f0xx_hal_gpio.o
LOAD Drivers\STM32F0xx_HAL_Driver\Src\stm32f0xx_hal_i2c.o
LOAD Drivers\STM32F0xx_HAL_Driver\Src\stm32f0xx_hal_i2c_ex.o
LOAD Drivers\STM32F0xx_HAL_Driver\Src\stm32f0xx_hal_pwr.o
LOAD Drivers\STM32F0xx_HAL_Driver\Src\stm32f0xx_hal_pwr_ex.o
LOAD Drivers\STM32F0xx_HAL_Driver\Src\stm32f0xx_hal_rcc.o
LOAD Drivers\STM32F0xx_HAL_Driver\Src\stm32f0xx_hal_rcc_ex.o
LOAD Drivers\STM32F0xx_HAL_Driver\Src\stm32f0xx_hal_tim.o
LOAD Drivers\STM32F0xx_HAL_Driver\Src\stm32f0xx_hal_tim_ex.o
LOAD Drivers\STM32F0xx_HAL_Driver\Src\stm32f0xx_hal_uart.o
LOAD Drivers\STM32F0xx_HAL_Driver\Src\stm32f0xx_hal_uart_ex.o
LOAD Src\main.o
LOAD Src\stm32f0xx_hal_msp.o
LOAD Src\stm32f0xx_it.o
LOAD Src\system_stm32f0xx.o
LOAD startup\startup_stm32f091xc.o
                0x00000080                malloc_getpagesize_P = 0x80
START GROUP
LOAD c:/program files (x86)/atollic/truestudio for stm32 9.0.1/armtools/bin/../lib/gcc/arm-atollic-eabi/6.3.1/../../../../arm-atollic-eabi/lib/armv6-m\libc.a
LOAD c:/program files (x86)/atollic/truestudio for stm32 9.0.1/armtools/bin/../lib/gcc/arm-atollic-eabi/6.3.1/../../../../arm-atollic-eabi/lib/armv6-m\libm.a
END GROUP
START GROUP
LOAD c:/program files (x86)/atollic/truestudio for stm32 9.0.1/armtools/bin/../lib/gcc/arm-atollic-eabi/6.3.1/armv6-m\libgcc.a
LOAD c:/program files (x86)/atollic/truestudio for stm32 9.0.1/armtools/bin/../lib/gcc/arm-atollic-eabi/6.3.1/../../../../arm-atollic-eabi/lib/armv6-m\libc.a
END GROUP
START GROUP
LOAD c:/program files (x86)/atollic/truestudio for stm32 9.0.1/armtools/bin/../lib/gcc/arm-atollic-eabi/6.3.1/armv6-m\libgcc.a
LOAD c:/program files (x86)/atollic/truestudio for stm32 9.0.1/armtools/bin/../lib/gcc/arm-atollic-eabi/6.3.1/../../../../arm-atollic-eabi/lib/armv6-m\libc.a
LOAD c:/program files (x86)/atollic/truestudio for stm32 9.0.1/armtools/bin/../lib/gcc/arm-atollic-eabi/6.3.1/../../../../arm-atollic-eabi/lib/armv6-m\libnosys.a
END GROUP
LOAD c:/program files (x86)/atollic/truestudio for stm32 9.0.1/armtools/bin/../lib/gcc/arm-atollic-eabi/6.3.1/armv6-m/crtend.o
LOAD c:/program files (x86)/atollic/truestudio for stm32 9.0.1/armtools/bin/../lib/gcc/arm-atollic-eabi/6.3.1/armv6-m/crtn.o
                0x20008000                _estack = 0x20008000
                0x00000200                _Min_Heap_Size = 0x200
                0x00000400                _Min_Stack_Size = 0x400

.isr_vector     0x08000000       0xbc
                0x08000000                . = ALIGN (0x4)
 *(.isr_vector)
 .isr_vector    0x08000000       0xbc startup\startup_stm32f091xc.o
                0x08000000                g_pfnVectors
                0x080000bc                . = ALIGN (0x4)

.text           0x080000bc     0x42c4
                0x080000bc                . = ALIGN (0x4)
 *(.text)
 .text          0x080000bc       0x48 c:/program files (x86)/atollic/truestudio for stm32 9.0.1/armtools/bin/../lib/gcc/arm-atollic-eabi/6.3.1/armv6-m/crtbegin.o
 .text          0x08000104      0x114 c:/program files (x86)/atollic/truestudio for stm32 9.0.1/armtools/bin/../lib/gcc/arm-atollic-eabi/6.3.1/armv6-m\libgcc.a(_udivsi3.o)
                0x08000104                __aeabi_uidiv
                0x08000104                __udivsi3
                0x08000210                __aeabi_uidivmod
 .text          0x08000218        0x4 c:/program files (x86)/atollic/truestudio for stm32 9.0.1/armtools/bin/../lib/gcc/arm-atollic-eabi/6.3.1/armv6-m\libgcc.a(_dvmd_tls.o)
                0x08000218                __aeabi_idiv0
                0x08000218                __aeabi_ldiv0
 .text          0x0800021c      0x668 c:/program files (x86)/atollic/truestudio for stm32 9.0.1/armtools/bin/../lib/gcc/arm-atollic-eabi/6.3.1/armv6-m\libgcc.a(divdf3.o)
                0x0800021c                __aeabi_ddiv
 .text          0x08000884      0x500 c:/program files (x86)/atollic/truestudio for stm32 9.0.1/armtools/bin/../lib/gcc/arm-atollic-eabi/6.3.1/armv6-m\libgcc.a(muldf3.o)
                0x08000884                __aeabi_dmul
 .text          0x08000d84       0x70 c:/program files (x86)/atollic/truestudio for stm32 9.0.1/armtools/bin/../lib/gcc/arm-atollic-eabi/6.3.1/armv6-m\libgcc.a(floatunsidf.o)
                0x08000d84                __aeabi_ui2d
 .text          0x08000df4       0x3c c:/program files (x86)/atollic/truestudio for stm32 9.0.1/armtools/bin/../lib/gcc/arm-atollic-eabi/6.3.1/armv6-m\libgcc.a(_clzsi2.o)
                0x08000df4                __clzsi2
 *(.text*)
 .text.HAL_Init
                0x08000e30       0x28 Drivers\STM32F0xx_HAL_Driver\Src\stm32f0xx_hal.o
                0x08000e30                HAL_Init
 .text.HAL_InitTick
                0x08000e58       0x38 Drivers\STM32F0xx_HAL_Driver\Src\stm32f0xx_hal.o
                0x08000e58                HAL_InitTick
 .text.HAL_IncTick
                0x08000e90       0x18 Drivers\STM32F0xx_HAL_Driver\Src\stm32f0xx_hal.o
                0x08000e90                HAL_IncTick
 .text.HAL_GetTick
                0x08000ea8       0x14 Drivers\STM32F0xx_HAL_Driver\Src\stm32f0xx_hal.o
                0x08000ea8                HAL_GetTick
 .text.HAL_ADC_Init
                0x08000ebc      0x27c Drivers\STM32F0xx_HAL_Driver\Src\stm32f0xx_hal_adc.o
                0x08000ebc                HAL_ADC_Init
 .text.HAL_ADC_Start
                0x08001138       0xa8 Drivers\STM32F0xx_HAL_Driver\Src\stm32f0xx_hal_adc.o
                0x08001138                HAL_ADC_Start
 .text.HAL_ADC_Stop
                0x080011e0       0x84 Drivers\STM32F0xx_HAL_Driver\Src\stm32f0xx_hal_adc.o
                0x080011e0                HAL_ADC_Stop
 .text.HAL_ADC_PollForConversion
                0x08001264      0x120 Drivers\STM32F0xx_HAL_Driver\Src\stm32f0xx_hal_adc.o
                0x08001264                HAL_ADC_PollForConversion
 .text.HAL_ADC_Start_DMA
                0x08001384      0x104 Drivers\STM32F0xx_HAL_Driver\Src\stm32f0xx_hal_adc.o
                0x08001384                HAL_ADC_Start_DMA
 .text.HAL_ADC_GetValue
                0x08001488       0x16 Drivers\STM32F0xx_HAL_Driver\Src\stm32f0xx_hal_adc.o
                0x08001488                HAL_ADC_GetValue
 *fill*         0x0800149e        0x2 
 .text.HAL_ADC_IRQHandler
                0x080014a0      0x16c Drivers\STM32F0xx_HAL_Driver\Src\stm32f0xx_hal_adc.o
                0x080014a0                HAL_ADC_IRQHandler
 .text.HAL_ADC_ConvCpltCallback
                0x0800160c       0x10 Drivers\STM32F0xx_HAL_Driver\Src\stm32f0xx_hal_adc.o
                0x0800160c                HAL_ADC_ConvCpltCallback
 .text.HAL_ADC_ConvHalfCpltCallback
                0x0800161c       0x10 Drivers\STM32F0xx_HAL_Driver\Src\stm32f0xx_hal_adc.o
                0x0800161c                HAL_ADC_ConvHalfCpltCallback
 .text.HAL_ADC_LevelOutOfWindowCallback
                0x0800162c       0x10 Drivers\STM32F0xx_HAL_Driver\Src\stm32f0xx_hal_adc.o
                0x0800162c                HAL_ADC_LevelOutOfWindowCallback
 .text.HAL_ADC_ErrorCallback
                0x0800163c       0x10 Drivers\STM32F0xx_HAL_Driver\Src\stm32f0xx_hal_adc.o
                0x0800163c                HAL_ADC_ErrorCallback
 .text.HAL_ADC_ConfigChannel
                0x0800164c      0x21c Drivers\STM32F0xx_HAL_Driver\Src\stm32f0xx_hal_adc.o
                0x0800164c                HAL_ADC_ConfigChannel
 .text.ADC_Enable
                0x08001868       0xf8 Drivers\STM32F0xx_HAL_Driver\Src\stm32f0xx_hal_adc.o
 .text.ADC_Disable
                0x08001960       0xd2 Drivers\STM32F0xx_HAL_Driver\Src\stm32f0xx_hal_adc.o
 .text.ADC_ConversionStop
                0x08001a32       0x8a Drivers\STM32F0xx_HAL_Driver\Src\stm32f0xx_hal_adc.o
 .text.ADC_DMAConvCplt
                0x08001abc       0xb4 Drivers\STM32F0xx_HAL_Driver\Src\stm32f0xx_hal_adc.o
 .text.ADC_DMAHalfConvCplt
                0x08001b70       0x1e Drivers\STM32F0xx_HAL_Driver\Src\stm32f0xx_hal_adc.o
 .text.ADC_DMAError
                0x08001b8e       0x36 Drivers\STM32F0xx_HAL_Driver\Src\stm32f0xx_hal_adc.o
 .text.NVIC_EnableIRQ
                0x08001bc4       0x2c Drivers\STM32F0xx_HAL_Driver\Src\stm32f0xx_hal_cortex.o
 .text.NVIC_SetPriority
                0x08001bf0       0xdc Drivers\STM32F0xx_HAL_Driver\Src\stm32f0xx_hal_cortex.o
 .text.SysTick_Config
                0x08001ccc       0x48 Drivers\STM32F0xx_HAL_Driver\Src\stm32f0xx_hal_cortex.o
 .text.HAL_NVIC_SetPriority
                0x08001d14       0x2c Drivers\STM32F0xx_HAL_Driver\Src\stm32f0xx_hal_cortex.o
                0x08001d14                HAL_NVIC_SetPriority
 .text.HAL_NVIC_EnableIRQ
                0x08001d40       0x20 Drivers\STM32F0xx_HAL_Driver\Src\stm32f0xx_hal_cortex.o
                0x08001d40                HAL_NVIC_EnableIRQ
 .text.HAL_SYSTICK_Config
                0x08001d60       0x1a Drivers\STM32F0xx_HAL_Driver\Src\stm32f0xx_hal_cortex.o
                0x08001d60                HAL_SYSTICK_Config
 *fill*         0x08001d7a        0x2 
 .text.HAL_DMA_Init
                0x08001d7c       0xa8 Drivers\STM32F0xx_HAL_Driver\Src\stm32f0xx_hal_dma.o
                0x08001d7c                HAL_DMA_Init
 .text.HAL_DMA_DeInit
                0x08001e24       0x7a Drivers\STM32F0xx_HAL_Driver\Src\stm32f0xx_hal_dma.o
                0x08001e24                HAL_DMA_DeInit
 .text.HAL_DMA_Start_IT
                0x08001e9e       0xcc Drivers\STM32F0xx_HAL_Driver\Src\stm32f0xx_hal_dma.o
                0x08001e9e                HAL_DMA_Start_IT
 .text.HAL_DMA_IRQHandler
                0x08001f6a      0x144 Drivers\STM32F0xx_HAL_Driver\Src\stm32f0xx_hal_dma.o
                0x08001f6a                HAL_DMA_IRQHandler
 .text.DMA_SetConfig
                0x080020ae       0x58 Drivers\STM32F0xx_HAL_Driver\Src\stm32f0xx_hal_dma.o
 *fill*         0x08002106        0x2 
 .text.DMA_CalcBaseAndBitshift
                0x08002108       0x74 Drivers\STM32F0xx_HAL_Driver\Src\stm32f0xx_hal_dma.o
 .text.HAL_GPIO_Init
                0x0800217c      0x2f8 Drivers\STM32F0xx_HAL_Driver\Src\stm32f0xx_hal_gpio.o
                0x0800217c                HAL_GPIO_Init
 .text.HAL_GPIO_WritePin
                0x08002474       0x3a Drivers\STM32F0xx_HAL_Driver\Src\stm32f0xx_hal_gpio.o
                0x08002474                HAL_GPIO_WritePin
 *fill*         0x080024ae        0x2 
 .text.HAL_RCC_OscConfig
                0x080024b0      0x6bc Drivers\STM32F0xx_HAL_Driver\Src\stm32f0xx_hal_rcc.o
                0x080024b0                HAL_RCC_OscConfig
 .text.HAL_RCC_ClockConfig
                0x08002b6c      0x210 Drivers\STM32F0xx_HAL_Driver\Src\stm32f0xx_hal_rcc.o
                0x08002b6c                HAL_RCC_ClockConfig
 .text.HAL_RCC_GetSysClockFreq
                0x08002d7c       0xfc Drivers\STM32F0xx_HAL_Driver\Src\stm32f0xx_hal_rcc.o
                0x08002d7c                HAL_RCC_GetSysClockFreq
 .text.HAL_RCC_GetHCLKFreq
                0x08002e78       0x14 Drivers\STM32F0xx_HAL_Driver\Src\stm32f0xx_hal_rcc.o
                0x08002e78                HAL_RCC_GetHCLKFreq
 .text.HAL_RCC_GetPCLK1Freq
                0x08002e8c       0x2c Drivers\STM32F0xx_HAL_Driver\Src\stm32f0xx_hal_rcc.o
                0x08002e8c                HAL_RCC_GetPCLK1Freq
 .text.HAL_RCC_GetOscConfig
                0x08002eb8      0x158 Drivers\STM32F0xx_HAL_Driver\Src\stm32f0xx_hal_rcc.o
                0x08002eb8                HAL_RCC_GetOscConfig
 .text.HAL_RCCEx_PeriphCLKConfig
                0x08003010      0x1fc Drivers\STM32F0xx_HAL_Driver\Src\stm32f0xx_hal_rcc_ex.o
                0x08003010                HAL_RCCEx_PeriphCLKConfig
 .text.HAL_UART_Init
                0x0800320c       0xb0 Drivers\STM32F0xx_HAL_Driver\Src\stm32f0xx_hal_uart.o
                0x0800320c                HAL_UART_Init
 .text.UART_SetConfig
                0x080032bc      0x438 Drivers\STM32F0xx_HAL_Driver\Src\stm32f0xx_hal_uart.o
                0x080032bc                UART_SetConfig
 .text.UART_AdvFeatureConfig
                0x080036f4      0x158 Drivers\STM32F0xx_HAL_Driver\Src\stm32f0xx_hal_uart.o
                0x080036f4                UART_AdvFeatureConfig
 .text.UART_CheckIdleState
                0x0800384c       0xc0 Drivers\STM32F0xx_HAL_Driver\Src\stm32f0xx_hal_uart.o
                0x0800384c                UART_CheckIdleState
 .text.UART_WaitOnFlagUntilTimeout
                0x0800390c       0x98 Drivers\STM32F0xx_HAL_Driver\Src\stm32f0xx_hal_uart.o
                0x0800390c                UART_WaitOnFlagUntilTimeout
 .text.main     0x080039a4       0xe4 Src\main.o
                0x080039a4                main
 .text.SystemClock_Config
                0x08003a88       0xea Src\main.o
                0x08003a88                SystemClock_Config
 *fill*         0x08003b72        0x2 
 .text.MX_ADC_Init
                0x08003b74       0xbc Src\main.o
 .text.MX_USART2_UART_Init
                0x08003c30       0x60 Src\main.o
 .text.MX_GPIO_Init
                0x08003c90       0xe4 Src\main.o
 .text.Error_Handler
                0x08003d74        0xa Src\main.o
                0x08003d74                Error_Handler
 .text._delay   0x08003d7e       0x26 Src\main.o
                0x08003d7e                _delay
 .text.adc_getVoltage
                0x08003da4       0x48 Src\main.o
                0x08003da4                adc_getVoltage
 .text.adc_getChannelConfig
                0x08003dec      0x190 Src\main.o
                0x08003dec                adc_getChannelConfig
 .text.HAL_MspInit
                0x08003f7c       0x48 Src\stm32f0xx_hal_msp.o
                0x08003f7c                HAL_MspInit
 .text.HAL_ADC_MspInit
                0x08003fc4      0x164 Src\stm32f0xx_hal_msp.o
                0x08003fc4                HAL_ADC_MspInit
 .text.HAL_UART_MspInit
                0x08004128       0xa4 Src\stm32f0xx_hal_msp.o
                0x08004128                HAL_UART_MspInit
 .text.NMI_Handler
                0x080041cc        0xa Src\stm32f0xx_it.o
                0x080041cc                NMI_Handler
 .text.HardFault_Handler
                0x080041d6        0x6 Src\stm32f0xx_it.o
                0x080041d6                HardFault_Handler
 .text.SVC_Handler
                0x080041dc        0xa Src\stm32f0xx_it.o
                0x080041dc                SVC_Handler
 .text.PendSV_Handler
                0x080041e6        0xa Src\stm32f0xx_it.o
                0x080041e6                PendSV_Handler
 .text.SysTick_Handler
                0x080041f0        0xe Src\stm32f0xx_it.o
                0x080041f0                SysTick_Handler
 *fill*         0x080041fe        0x2 
 .text.ADC1_COMP_IRQHandler
                0x08004200       0x18 Src\stm32f0xx_it.o
                0x08004200                ADC1_COMP_IRQHandler
 .text.DMA1_Ch1_IRQHandler
                0x08004218       0x1c Src\stm32f0xx_it.o
                0x08004218                DMA1_Ch1_IRQHandler
 .text.SystemInit
                0x08004234       0x88 Src\system_stm32f0xx.o
                0x08004234                SystemInit
 .text.Reset_Handler
                0x080042bc       0x50 startup\startup_stm32f091xc.o
                0x080042bc                Reset_Handler
 .text.Default_Handler
                0x0800430c        0x2 startup\startup_stm32f091xc.o
                0x0800430c                TIM1_CC_IRQHandler
                0x0800430c                TSC_IRQHandler
                0x0800430c                I2C1_IRQHandler
                0x0800430c                RCC_CRS_IRQHandler
                0x0800430c                SPI1_IRQHandler
                0x0800430c                TIM6_DAC_IRQHandler
                0x0800430c                EXTI2_3_IRQHandler
                0x0800430c                I2C2_IRQHandler
                0x0800430c                TIM17_IRQHandler
                0x0800430c                CEC_CAN_IRQHandler
                0x0800430c                RTC_IRQHandler
                0x0800430c                PVD_VDDIO2_IRQHandler
                0x0800430c                TIM16_IRQHandler
                0x0800430c                TIM3_IRQHandler
                0x0800430c                EXTI4_15_IRQHandler
                0x0800430c                USART3_8_IRQHandler
                0x0800430c                Default_Handler
                0x0800430c                TIM14_IRQHandler
                0x0800430c                TIM7_IRQHandler
                0x0800430c                TIM15_IRQHandler
                0x0800430c                EXTI0_1_IRQHandler
                0x0800430c                SPI2_IRQHandler
                0x0800430c                DMA1_Ch2_3_DMA2_Ch1_2_IRQHandler
                0x0800430c                DMA1_Ch4_7_DMA2_Ch3_5_IRQHandler
                0x0800430c                WWDG_IRQHandler
                0x0800430c                TIM2_IRQHandler
                0x0800430c                USART2_IRQHandler
                0x0800430c                FLASH_IRQHandler
                0x0800430c                USART1_IRQHandler
                0x0800430c                TIM1_BRK_UP_TRG_COM_IRQHandler
 *fill*         0x0800430e        0x2 
 .text.__libc_init_array
                0x08004310       0x48 c:/program files (x86)/atollic/truestudio for stm32 9.0.1/armtools/bin/../lib/gcc/arm-atollic-eabi/6.3.1/../../../../arm-atollic-eabi/lib/armv6-m\libc.a(lib_a-init.o)
                0x08004310                __libc_init_array
 .text.memset   0x08004358       0x10 c:/program files (x86)/atollic/truestudio for stm32 9.0.1/armtools/bin/../lib/gcc/arm-atollic-eabi/6.3.1/../../../../arm-atollic-eabi/lib/armv6-m\libc.a(lib_a-memset.o)
                0x08004358                memset
 *(.glue_7)
 .glue_7        0x08004368        0x0 linker stubs
 *(.glue_7t)
 .glue_7t       0x08004368        0x0 linker stubs
 *(.eh_frame)
 .eh_frame      0x08004368        0x0 c:/program files (x86)/atollic/truestudio for stm32 9.0.1/armtools/bin/../lib/gcc/arm-atollic-eabi/6.3.1/armv6-m/crtbegin.o
 *(.init)
 .init          0x08004368        0x4 c:/program files (x86)/atollic/truestudio for stm32 9.0.1/armtools/bin/../lib/gcc/arm-atollic-eabi/6.3.1/armv6-m/crti.o
                0x08004368                _init
 .init          0x0800436c        0x8 c:/program files (x86)/atollic/truestudio for stm32 9.0.1/armtools/bin/../lib/gcc/arm-atollic-eabi/6.3.1/armv6-m/crtn.o
 *(.fini)
 .fini          0x08004374        0x4 c:/program files (x86)/atollic/truestudio for stm32 9.0.1/armtools/bin/../lib/gcc/arm-atollic-eabi/6.3.1/armv6-m/crti.o
                0x08004374                _fini
 .fini          0x08004378        0x8 c:/program files (x86)/atollic/truestudio for stm32 9.0.1/armtools/bin/../lib/gcc/arm-atollic-eabi/6.3.1/armv6-m/crtn.o
                0x08004380                . = ALIGN (0x4)
                0x08004380                _etext = .

.vfp11_veneer   0x08004380        0x0
 .vfp11_veneer  0x08004380        0x0 linker stubs

.v4_bx          0x08004380        0x0
 .v4_bx         0x08004380        0x0 linker stubs

.iplt           0x08004380        0x0
 .iplt          0x08004380        0x0 c:/program files (x86)/atollic/truestudio for stm32 9.0.1/armtools/bin/../lib/gcc/arm-atollic-eabi/6.3.1/armv6-m/crtbegin.o

.rodata         0x08004380       0xf8
                0x08004380                . = ALIGN (0x4)
 *(.rodata)
 .rodata        0x08004380       0x20 Drivers\STM32F0xx_HAL_Driver\Src\stm32f0xx_hal_rcc.o
 .rodata        0x080043a0       0x40 c:/program files (x86)/atollic/truestudio for stm32 9.0.1/armtools/bin/../lib/gcc/arm-atollic-eabi/6.3.1/armv6-m\libgcc.a(divdf3.o)
 .rodata        0x080043e0       0x40 c:/program files (x86)/atollic/truestudio for stm32 9.0.1/armtools/bin/../lib/gcc/arm-atollic-eabi/6.3.1/armv6-m\libgcc.a(muldf3.o)
 *(.rodata*)
 .rodata.adc_getChannelConfig
                0x08004420       0x40 Src\main.o
 .rodata.AHBPrescTable
                0x08004460       0x10 Src\system_stm32f0xx.o
                0x08004460                AHBPrescTable
 .rodata.APBPrescTable
                0x08004470        0x8 Src\system_stm32f0xx.o
                0x08004470                APBPrescTable
                0x08004478                . = ALIGN (0x4)

.rel.dyn        0x08004478        0x0
 .rel.iplt      0x08004478        0x0 c:/program files (x86)/atollic/truestudio for stm32 9.0.1/armtools/bin/../lib/gcc/arm-atollic-eabi/6.3.1/armv6-m/crtbegin.o

.ARM.extab
 *(.ARM.extab* .gnu.linkonce.armextab.*)

.ARM            0x08004478        0x0
                0x08004478                __exidx_start = .
 *(.ARM.exidx*)
                0x08004478                __exidx_end = .

.preinit_array  0x08004478        0x0
                0x08004478                PROVIDE (__preinit_array_start, .)
 *(.preinit_array*)
                0x08004478                PROVIDE (__preinit_array_end, .)

.init_array     0x08004478        0x4
                0x08004478                PROVIDE (__init_array_start, .)
 *(SORT(.init_array.*))
 *(.init_array*)
 .init_array    0x08004478        0x4 c:/program files (x86)/atollic/truestudio for stm32 9.0.1/armtools/bin/../lib/gcc/arm-atollic-eabi/6.3.1/armv6-m/crtbegin.o
                0x0800447c                PROVIDE (__init_array_end, .)

.fini_array     0x0800447c        0x4
                [!provide]                PROVIDE (__fini_array_start, .)
 *(SORT(.fini_array.*))
 *(.fini_array*)
 .fini_array    0x0800447c        0x4 c:/program files (x86)/atollic/truestudio for stm32 9.0.1/armtools/bin/../lib/gcc/arm-atollic-eabi/6.3.1/armv6-m/crtbegin.o
                [!provide]                PROVIDE (__fini_array_end, .)
                0x08004480                _sidata = LOADADDR (.data)

.data           0x20000000        0x4 load address 0x08004480
                0x20000000                . = ALIGN (0x4)
                0x20000000                _sdata = .
 *(.data)
 *(.data*)
 .data.SystemCoreClock
                0x20000000        0x4 Src\system_stm32f0xx.o
                0x20000000                SystemCoreClock
                0x20000004                . = ALIGN (0x4)
                0x20000004                _edata = .

.igot.plt       0x20000004        0x0 load address 0x08004484
 .igot.plt      0x20000004        0x0 c:/program files (x86)/atollic/truestudio for stm32 9.0.1/armtools/bin/../lib/gcc/arm-atollic-eabi/6.3.1/armv6-m/crtbegin.o
                0x20000004                . = ALIGN (0x4)

.bss            0x20000008      0x13c load address 0x08004484
                0x20000008                _sbss = .
                0x20000008                __bss_start__ = _sbss
 *(.bss)
 .bss           0x20000008       0x1c c:/program files (x86)/atollic/truestudio for stm32 9.0.1/armtools/bin/../lib/gcc/arm-atollic-eabi/6.3.1/armv6-m/crtbegin.o
 *(.bss*)
 .bss.DmaHandle.6842
                0x20000024       0x44 Src\stm32f0xx_hal_msp.o
 *(COMMON)
 COMMON         0x20000068        0x4 Drivers\STM32F0xx_HAL_Driver\Src\stm32f0xx_hal.o
                0x20000068                uwTick
 *fill*         0x2000006c        0x4 
 COMMON         0x20000070       0xd4 Src\main.o
                0x20000070                voltage
                0x20000078                val
                0x2000007c                result
                0x20000080                aADCxConvertedValues
                0x20000088                huart2
                0x200000f8                hadc
                0x20000144                . = ALIGN (0x4)
                0x20000144                _ebss = .
                0x20000144                __bss_end__ = _ebss

._user_heap_stack
                0x20000144      0x600 load address 0x08004484
                0x20000144                . = ALIGN (0x4)
                [!provide]                PROVIDE (end, .)
                [!provide]                PROVIDE (_end, .)
                0x20000344                . = (. + _Min_Heap_Size)
 *fill*         0x20000144      0x200 
                0x20000744                . = (. + _Min_Stack_Size)
 *fill*         0x20000344      0x400 
                0x20000744                . = ALIGN (0x4)

/DISCARD/
 libc.a(*)
 libm.a(*)
 libgcc.a(*)

.ARM.attributes
                0x00000000       0x28
 *(.ARM.attributes)
 .ARM.attributes
                0x00000000       0x1e c:/program files (x86)/atollic/truestudio for stm32 9.0.1/armtools/bin/../lib/gcc/arm-atollic-eabi/6.3.1/armv6-m/crti.o
 .ARM.attributes
                0x0000001e       0x2c c:/program files (x86)/atollic/truestudio for stm32 9.0.1/armtools/bin/../lib/gcc/arm-atollic-eabi/6.3.1/armv6-m/crtbegin.o
 .ARM.attributes
                0x0000004a       0x31 Drivers\STM32F0xx_HAL_Driver\Src\stm32f0xx_hal.o
 .ARM.attributes
                0x0000007b       0x31 Drivers\STM32F0xx_HAL_Driver\Src\stm32f0xx_hal_adc.o
 .ARM.attributes
                0x000000ac       0x31 Drivers\STM32F0xx_HAL_Driver\Src\stm32f0xx_hal_cortex.o
 .ARM.attributes
                0x000000dd       0x31 Drivers\STM32F0xx_HAL_Driver\Src\stm32f0xx_hal_dma.o
 .ARM.attributes
                0x0000010e       0x31 Drivers\STM32F0xx_HAL_Driver\Src\stm32f0xx_hal_gpio.o
 .ARM.attributes
                0x0000013f       0x31 Drivers\STM32F0xx_HAL_Driver\Src\stm32f0xx_hal_rcc.o
 .ARM.attributes
                0x00000170       0x31 Drivers\STM32F0xx_HAL_Driver\Src\stm32f0xx_hal_rcc_ex.o
 .ARM.attributes
                0x000001a1       0x31 Drivers\STM32F0xx_HAL_Driver\Src\stm32f0xx_hal_uart.o
 .ARM.attributes
                0x000001d2       0x31 Src\main.o
 .ARM.attributes
                0x00000203       0x31 Src\stm32f0xx_hal_msp.o
 .ARM.attributes
                0x00000234       0x31 Src\stm32f0xx_it.o
 .ARM.attributes
                0x00000265       0x31 Src\system_stm32f0xx.o
 .ARM.attributes
                0x00000296       0x21 startup\startup_stm32f091xc.o
 .ARM.attributes
                0x000002b7       0x2c c:/program files (x86)/atollic/truestudio for stm32 9.0.1/armtools/bin/../lib/gcc/arm-atollic-eabi/6.3.1/../../../../arm-atollic-eabi/lib/armv6-m\libc.a(lib_a-init.o)
 .ARM.attributes
                0x000002e3       0x2c c:/program files (x86)/atollic/truestudio for stm32 9.0.1/armtools/bin/../lib/gcc/arm-atollic-eabi/6.3.1/../../../../arm-atollic-eabi/lib/armv6-m\libc.a(lib_a-memset.o)
 .ARM.attributes
                0x0000030f       0x1e c:/program files (x86)/atollic/truestudio for stm32 9.0.1/armtools/bin/../lib/gcc/arm-atollic-eabi/6.3.1/armv6-m\libgcc.a(_udivsi3.o)
 .ARM.attributes
                0x0000032d       0x1e c:/program files (x86)/atollic/truestudio for stm32 9.0.1/armtools/bin/../lib/gcc/arm-atollic-eabi/6.3.1/armv6-m\libgcc.a(_dvmd_tls.o)
 .ARM.attributes
                0x0000034b       0x2c c:/program files (x86)/atollic/truestudio for stm32 9.0.1/armtools/bin/../lib/gcc/arm-atollic-eabi/6.3.1/armv6-m\libgcc.a(divdf3.o)
 .ARM.attributes
                0x00000377       0x2c c:/program files (x86)/atollic/truestudio for stm32 9.0.1/armtools/bin/../lib/gcc/arm-atollic-eabi/6.3.1/armv6-m\libgcc.a(muldf3.o)
 .ARM.attributes
                0x000003a3       0x2c c:/program files (x86)/atollic/truestudio for stm32 9.0.1/armtools/bin/../lib/gcc/arm-atollic-eabi/6.3.1/armv6-m\libgcc.a(floatunsidf.o)
 .ARM.attributes
                0x000003cf       0x1e c:/program files (x86)/atollic/truestudio for stm32 9.0.1/armtools/bin/../lib/gcc/arm-atollic-eabi/6.3.1/armv6-m\libgcc.a(_clzsi2.o)
 .ARM.attributes
                0x000003ed       0x1e c:/program files (x86)/atollic/truestudio for stm32 9.0.1/armtools/bin/../lib/gcc/arm-atollic-eabi/6.3.1/armv6-m/crtn.o
OUTPUT(STM32_ADCRef.elf elf32-littlearm)

.debug_info     0x00000000     0xc6cc
 .debug_info    0x00000000      0xe07 Drivers\STM32F0xx_HAL_Driver\Src\stm32f0xx_hal.o
 .debug_info    0x00000e07     0x1496 Drivers\STM32F0xx_HAL_Driver\Src\stm32f0xx_hal_adc.o
 .debug_info    0x0000229d      0xf4e Drivers\STM32F0xx_HAL_Driver\Src\stm32f0xx_hal_cortex.o
 .debug_info    0x000031eb      0xfa4 Drivers\STM32F0xx_HAL_Driver\Src\stm32f0xx_hal_dma.o
 .debug_info    0x0000418f      0xeab Drivers\STM32F0xx_HAL_Driver\Src\stm32f0xx_hal_gpio.o
 .debug_info    0x0000503a      0xfc2 Drivers\STM32F0xx_HAL_Driver\Src\stm32f0xx_hal_rcc.o
 .debug_info    0x00005ffc      0xe21 Drivers\STM32F0xx_HAL_Driver\Src\stm32f0xx_hal_rcc_ex.o
 .debug_info    0x00006e1d     0x1b98 Drivers\STM32F0xx_HAL_Driver\Src\stm32f0xx_hal_uart.o
 .debug_info    0x000089b5     0x16cc Src\main.o
 .debug_info    0x0000a081     0x15cd Src\stm32f0xx_hal_msp.o
 .debug_info    0x0000b64e      0xdb9 Src\stm32f0xx_it.o
 .debug_info    0x0000c407      0x24a Src\system_stm32f0xx.o
 .debug_info    0x0000c651       0x7b startup\startup_stm32f091xc.o

.debug_abbrev   0x00000000     0x1bc2
 .debug_abbrev  0x00000000      0x266 Drivers\STM32F0xx_HAL_Driver\Src\stm32f0xx_hal.o
 .debug_abbrev  0x00000266      0x264 Drivers\STM32F0xx_HAL_Driver\Src\stm32f0xx_hal_adc.o
 .debug_abbrev  0x000004ca      0x30f Drivers\STM32F0xx_HAL_Driver\Src\stm32f0xx_hal_cortex.o
 .debug_abbrev  0x000007d9      0x282 Drivers\STM32F0xx_HAL_Driver\Src\stm32f0xx_hal_dma.o
 .debug_abbrev  0x00000a5b      0x259 Drivers\STM32F0xx_HAL_Driver\Src\stm32f0xx_hal_gpio.o
 .debug_abbrev  0x00000cb4      0x281 Drivers\STM32F0xx_HAL_Driver\Src\stm32f0xx_hal_rcc.o
 .debug_abbrev  0x00000f35      0x255 Drivers\STM32F0xx_HAL_Driver\Src\stm32f0xx_hal_rcc_ex.o
 .debug_abbrev  0x0000118a      0x271 Drivers\STM32F0xx_HAL_Driver\Src\stm32f0xx_hal_uart.o
 .debug_abbrev  0x000013fb      0x2e8 Src\main.o
 .debug_abbrev  0x000016e3      0x21b Src\stm32f0xx_hal_msp.o
 .debug_abbrev  0x000018fe      0x1b5 Src\stm32f0xx_it.o
 .debug_abbrev  0x00001ab3       0xfd Src\system_stm32f0xx.o
 .debug_abbrev  0x00001bb0       0x12 startup\startup_stm32f091xc.o

.debug_aranges  0x00000000      0x760
 .debug_aranges
                0x00000000       0xb8 Drivers\STM32F0xx_HAL_Driver\Src\stm32f0xx_hal.o
 .debug_aranges
                0x000000b8       0xf8 Drivers\STM32F0xx_HAL_Driver\Src\stm32f0xx_hal_adc.o
 .debug_aranges
                0x000001b0       0xc0 Drivers\STM32F0xx_HAL_Driver\Src\stm32f0xx_hal_cortex.o
 .debug_aranges
                0x00000270       0x88 Drivers\STM32F0xx_HAL_Driver\Src\stm32f0xx_hal_dma.o
 .debug_aranges
                0x000002f8       0x58 Drivers\STM32F0xx_HAL_Driver\Src\stm32f0xx_hal_gpio.o
 .debug_aranges
                0x00000350       0x80 Drivers\STM32F0xx_HAL_Driver\Src\stm32f0xx_hal_rcc.o
 .debug_aranges
                0x000003d0       0x78 Drivers\STM32F0xx_HAL_Driver\Src\stm32f0xx_hal_rcc_ex.o
 .debug_aranges
                0x00000448      0x1d8 Drivers\STM32F0xx_HAL_Driver\Src\stm32f0xx_hal_uart.o
 .debug_aranges
                0x00000620       0x60 Src\main.o
 .debug_aranges
                0x00000680       0x40 Src\stm32f0xx_hal_msp.o
 .debug_aranges
                0x000006c0       0x50 Src\stm32f0xx_it.o
 .debug_aranges
                0x00000710       0x28 Src\system_stm32f0xx.o
 .debug_aranges
                0x00000738       0x28 startup\startup_stm32f091xc.o

.debug_ranges   0x00000000      0x698
 .debug_ranges  0x00000000       0xa8 Drivers\STM32F0xx_HAL_Driver\Src\stm32f0xx_hal.o
 .debug_ranges  0x000000a8       0xe8 Drivers\STM32F0xx_HAL_Driver\Src\stm32f0xx_hal_adc.o
 .debug_ranges  0x00000190       0xb0 Drivers\STM32F0xx_HAL_Driver\Src\stm32f0xx_hal_cortex.o
 .debug_ranges  0x00000240       0x78 Drivers\STM32F0xx_HAL_Driver\Src\stm32f0xx_hal_dma.o
 .debug_ranges  0x000002b8       0x48 Drivers\STM32F0xx_HAL_Driver\Src\stm32f0xx_hal_gpio.o
 .debug_ranges  0x00000300       0x70 Drivers\STM32F0xx_HAL_Driver\Src\stm32f0xx_hal_rcc.o
 .debug_ranges  0x00000370       0x68 Drivers\STM32F0xx_HAL_Driver\Src\stm32f0xx_hal_rcc_ex.o
 .debug_ranges  0x000003d8      0x1c8 Drivers\STM32F0xx_HAL_Driver\Src\stm32f0xx_hal_uart.o
 .debug_ranges  0x000005a0       0x50 Src\main.o
 .debug_ranges  0x000005f0       0x30 Src\stm32f0xx_hal_msp.o
 .debug_ranges  0x00000620       0x40 Src\stm32f0xx_it.o
 .debug_ranges  0x00000660       0x18 Src\system_stm32f0xx.o
 .debug_ranges  0x00000678       0x20 startup\startup_stm32f091xc.o

.debug_line     0x00000000     0x3cb5
 .debug_line    0x00000000      0x403 Drivers\STM32F0xx_HAL_Driver\Src\stm32f0xx_hal.o
 .debug_line    0x00000403      0x82e Drivers\STM32F0xx_HAL_Driver\Src\stm32f0xx_hal_adc.o
 .debug_line    0x00000c31      0x429 Drivers\STM32F0xx_HAL_Driver\Src\stm32f0xx_hal_cortex.o
 .debug_line    0x0000105a      0x4a4 Drivers\STM32F0xx_HAL_Driver\Src\stm32f0xx_hal_dma.o
 .debug_line    0x000014fe      0x41e Drivers\STM32F0xx_HAL_Driver\Src\stm32f0xx_hal_gpio.o
 .debug_line    0x0000191c      0x52e Drivers\STM32F0xx_HAL_Driver\Src\stm32f0xx_hal_rcc.o
 .debug_line    0x00001e4a      0x4d3 Drivers\STM32F0xx_HAL_Driver\Src\stm32f0xx_hal_rcc_ex.o
 .debug_line    0x0000231d      0xcc1 Drivers\STM32F0xx_HAL_Driver\Src\stm32f0xx_hal_uart.o
 .debug_line    0x00002fde      0x43a Src\main.o
 .debug_line    0x00003418      0x359 Src\stm32f0xx_hal_msp.o
 .debug_line    0x00003771      0x300 Src\stm32f0xx_it.o
 .debug_line    0x00003a71      0x1c1 Src\system_stm32f0xx.o
 .debug_line    0x00003c32       0x83 startup\startup_stm32f091xc.o

.debug_str      0x00000000     0x271e
 .debug_str     0x00000000      0x9cc Drivers\STM32F0xx_HAL_Driver\Src\stm32f0xx_hal.o
                                0xa57 (size before relaxing)
 .debug_str     0x000009cc      0x662 Drivers\STM32F0xx_HAL_Driver\Src\stm32f0xx_hal_adc.o
                                0xcef (size before relaxing)
 .debug_str     0x0000102e      0x1ee Drivers\STM32F0xx_HAL_Driver\Src\stm32f0xx_hal_cortex.o
                                0xa9b (size before relaxing)
 .debug_str     0x0000121c      0x252 Drivers\STM32F0xx_HAL_Driver\Src\stm32f0xx_hal_dma.o
                                0xa77 (size before relaxing)
 .debug_str     0x0000146e      0x1cc Drivers\STM32F0xx_HAL_Driver\Src\stm32f0xx_hal_gpio.o
                                0x879 (size before relaxing)
 .debug_str     0x0000163a      0x2ff Drivers\STM32F0xx_HAL_Driver\Src\stm32f0xx_hal_rcc.o
                                0xa21 (size before relaxing)
 .debug_str     0x00001939      0x347 Drivers\STM32F0xx_HAL_Driver\Src\stm32f0xx_hal_rcc_ex.o
                                0xa16 (size before relaxing)
 .debug_str     0x00001c80      0x873 Drivers\STM32F0xx_HAL_Driver\Src\stm32f0xx_hal_uart.o
                               0x1159 (size before relaxing)
 .debug_str     0x000024f3      0x10f Src\main.o
                                0xfe9 (size before relaxing)
 .debug_str     0x00002602       0x3a Src\stm32f0xx_hal_msp.o
                                0xfcb (size before relaxing)
 .debug_str     0x0000263c       0x88 Src\stm32f0xx_it.o
                                0x9ae (size before relaxing)
 .debug_str     0x000026c4       0x5a Src\system_stm32f0xx.o
                                0x266 (size before relaxing)

.comment        0x00000000       0x7c
 .comment       0x00000000       0x7c Drivers\STM32F0xx_HAL_Driver\Src\stm32f0xx_hal.o
                                 0x7d (size before relaxing)
 .comment       0x0000007c       0x7d Drivers\STM32F0xx_HAL_Driver\Src\stm32f0xx_hal_adc.o
 .comment       0x0000007c       0x7d Drivers\STM32F0xx_HAL_Driver\Src\stm32f0xx_hal_cortex.o
 .comment       0x0000007c       0x7d Drivers\STM32F0xx_HAL_Driver\Src\stm32f0xx_hal_dma.o
 .comment       0x0000007c       0x7d Drivers\STM32F0xx_HAL_Driver\Src\stm32f0xx_hal_gpio.o
 .comment       0x0000007c       0x7d Drivers\STM32F0xx_HAL_Driver\Src\stm32f0xx_hal_rcc.o
 .comment       0x0000007c       0x7d Drivers\STM32F0xx_HAL_Driver\Src\stm32f0xx_hal_rcc_ex.o
 .comment       0x0000007c       0x7d Drivers\STM32F0xx_HAL_Driver\Src\stm32f0xx_hal_uart.o
 .comment       0x0000007c       0x7d Src\main.o
 .comment       0x0000007c       0x7d Src\stm32f0xx_hal_msp.o
 .comment       0x0000007c       0x7d Src\stm32f0xx_it.o
 .comment       0x0000007c       0x7d Src\system_stm32f0xx.o

.debug_frame    0x00000000     0x1984
 .debug_frame   0x00000000      0x248 Drivers\STM32F0xx_HAL_Driver\Src\stm32f0xx_hal.o
 .debug_frame   0x00000248      0x390 Drivers\STM32F0xx_HAL_Driver\Src\stm32f0xx_hal_adc.o
 .debug_frame   0x000005d8      0x2a4 Drivers\STM32F0xx_HAL_Driver\Src\stm32f0xx_hal_cortex.o
 .debug_frame   0x0000087c      0x1d0 Drivers\STM32F0xx_HAL_Driver\Src\stm32f0xx_hal_dma.o
 .debug_frame   0x00000a4c      0x110 Drivers\STM32F0xx_HAL_Driver\Src\stm32f0xx_hal_gpio.o
 .debug_frame   0x00000b5c      0x194 Drivers\STM32F0xx_HAL_Driver\Src\stm32f0xx_hal_rcc.o
 .debug_frame   0x00000cf0      0x180 Drivers\STM32F0xx_HAL_Driver\Src\stm32f0xx_hal_rcc_ex.o
 .debug_frame   0x00000e70      0x710 Drivers\STM32F0xx_HAL_Driver\Src\stm32f0xx_hal_uart.o
 .debug_frame   0x00001580      0x128 Src\main.o
 .debug_frame   0x000016a8       0xb0 Src\stm32f0xx_hal_msp.o
 .debug_frame   0x00001758       0xd4 Src\stm32f0xx_it.o
 .debug_frame   0x0000182c       0x4c Src\system_stm32f0xx.o
 .debug_frame   0x00001878       0x2c c:/program files (x86)/atollic/truestudio for stm32 9.0.1/armtools/bin/../lib/gcc/arm-atollic-eabi/6.3.1/../../../../arm-atollic-eabi/lib/armv6-m\libc.a(lib_a-init.o)
 .debug_frame   0x000018a4       0x20 c:/program files (x86)/atollic/truestudio for stm32 9.0.1/armtools/bin/../lib/gcc/arm-atollic-eabi/6.3.1/../../../../arm-atollic-eabi/lib/armv6-m\libc.a(lib_a-memset.o)
 .debug_frame   0x000018c4       0x20 c:/program files (x86)/atollic/truestudio for stm32 9.0.1/armtools/bin/../lib/gcc/arm-atollic-eabi/6.3.1/armv6-m\libgcc.a(_udivsi3.o)
 .debug_frame   0x000018e4       0x3c c:/program files (x86)/atollic/truestudio for stm32 9.0.1/armtools/bin/../lib/gcc/arm-atollic-eabi/6.3.1/armv6-m\libgcc.a(divdf3.o)
 .debug_frame   0x00001920       0x3c c:/program files (x86)/atollic/truestudio for stm32 9.0.1/armtools/bin/../lib/gcc/arm-atollic-eabi/6.3.1/armv6-m\libgcc.a(muldf3.o)
 .debug_frame   0x0000195c       0x28 c:/program files (x86)/atollic/truestudio for stm32 9.0.1/armtools/bin/../lib/gcc/arm-atollic-eabi/6.3.1/armv6-m\libgcc.a(floatunsidf.o)

Cross Reference Table

Symbol                                            File
ADC1_COMP_IRQHandler                              Src\stm32f0xx_it.o
                                                  startup\startup_stm32f091xc.o
AHBPrescTable                                     Src\system_stm32f0xx.o
                                                  Drivers\STM32F0xx_HAL_Driver\Src\stm32f0xx_hal_rcc.o
APBPrescTable                                     Src\system_stm32f0xx.o
                                                  Drivers\STM32F0xx_HAL_Driver\Src\stm32f0xx_hal_rcc.o
CEC_CAN_IRQHandler                                startup\startup_stm32f091xc.o
DMA1_Ch1_IRQHandler                               Src\stm32f0xx_it.o
                                                  startup\startup_stm32f091xc.o
DMA1_Ch2_3_DMA2_Ch1_2_IRQHandler                  startup\startup_stm32f091xc.o
DMA1_Ch4_7_DMA2_Ch3_5_IRQHandler                  startup\startup_stm32f091xc.o
Default_Handler                                   startup\startup_stm32f091xc.o
EXTI0_1_IRQHandler                                startup\startup_stm32f091xc.o
EXTI2_3_IRQHandler                                startup\startup_stm32f091xc.o
EXTI4_15_IRQHandler                               startup\startup_stm32f091xc.o
Error_Handler                                     Src\main.o
FLASH_IRQHandler                                  startup\startup_stm32f091xc.o
FLASH_PageErase                                   Drivers\STM32F0xx_HAL_Driver\Src\stm32f0xx_hal_flash_ex.o
                                                  Drivers\STM32F0xx_HAL_Driver\Src\stm32f0xx_hal_flash.o
FLASH_WaitForLastOperation                        Drivers\STM32F0xx_HAL_Driver\Src\stm32f0xx_hal_flash.o
                                                  Drivers\STM32F0xx_HAL_Driver\Src\stm32f0xx_hal_flash_ex.o
HAL_ADCEx_Calibration_Start                       Drivers\STM32F0xx_HAL_Driver\Src\stm32f0xx_hal_adc_ex.o
HAL_ADC_AnalogWDGConfig                           Drivers\STM32F0xx_HAL_Driver\Src\stm32f0xx_hal_adc.o
HAL_ADC_ConfigChannel                             Drivers\STM32F0xx_HAL_Driver\Src\stm32f0xx_hal_adc.o
                                                  Src\main.o
HAL_ADC_ConvCpltCallback                          Drivers\STM32F0xx_HAL_Driver\Src\stm32f0xx_hal_adc.o
HAL_ADC_ConvHalfCpltCallback                      Drivers\STM32F0xx_HAL_Driver\Src\stm32f0xx_hal_adc.o
HAL_ADC_DeInit                                    Drivers\STM32F0xx_HAL_Driver\Src\stm32f0xx_hal_adc.o
HAL_ADC_ErrorCallback                             Drivers\STM32F0xx_HAL_Driver\Src\stm32f0xx_hal_adc.o
HAL_ADC_GetError                                  Drivers\STM32F0xx_HAL_Driver\Src\stm32f0xx_hal_adc.o
HAL_ADC_GetState                                  Drivers\STM32F0xx_HAL_Driver\Src\stm32f0xx_hal_adc.o
HAL_ADC_GetValue                                  Drivers\STM32F0xx_HAL_Driver\Src\stm32f0xx_hal_adc.o
                                                  Src\main.o
HAL_ADC_IRQHandler                                Drivers\STM32F0xx_HAL_Driver\Src\stm32f0xx_hal_adc.o
                                                  Src\stm32f0xx_it.o
HAL_ADC_Init                                      Drivers\STM32F0xx_HAL_Driver\Src\stm32f0xx_hal_adc.o
                                                  Src\main.o
HAL_ADC_LevelOutOfWindowCallback                  Drivers\STM32F0xx_HAL_Driver\Src\stm32f0xx_hal_adc.o
HAL_ADC_MspDeInit                                 Src\stm32f0xx_hal_msp.o
                                                  Drivers\STM32F0xx_HAL_Driver\Src\stm32f0xx_hal_adc.o
HAL_ADC_MspInit                                   Src\stm32f0xx_hal_msp.o
                                                  Drivers\STM32F0xx_HAL_Driver\Src\stm32f0xx_hal_adc.o
HAL_ADC_PollForConversion                         Drivers\STM32F0xx_HAL_Driver\Src\stm32f0xx_hal_adc.o
                                                  Src\main.o
HAL_ADC_PollForEvent                              Drivers\STM32F0xx_HAL_Driver\Src\stm32f0xx_hal_adc.o
HAL_ADC_Start                                     Drivers\STM32F0xx_HAL_Driver\Src\stm32f0xx_hal_adc.o
                                                  Src\main.o
HAL_ADC_Start_DMA                                 Drivers\STM32F0xx_HAL_Driver\Src\stm32f0xx_hal_adc.o
                                                  Src\main.o
HAL_ADC_Start_IT                                  Drivers\STM32F0xx_HAL_Driver\Src\stm32f0xx_hal_adc.o
HAL_ADC_Stop                                      Drivers\STM32F0xx_HAL_Driver\Src\stm32f0xx_hal_adc.o
                                                  Src\main.o
HAL_ADC_Stop_DMA                                  Drivers\STM32F0xx_HAL_Driver\Src\stm32f0xx_hal_adc.o
HAL_ADC_Stop_IT                                   Drivers\STM32F0xx_HAL_Driver\Src\stm32f0xx_hal_adc.o
HAL_DBGMCU_DisableDBGStandbyMode                  Drivers\STM32F0xx_HAL_Driver\Src\stm32f0xx_hal.o
HAL_DBGMCU_DisableDBGStopMode                     Drivers\STM32F0xx_HAL_Driver\Src\stm32f0xx_hal.o
HAL_DBGMCU_EnableDBGStandbyMode                   Drivers\STM32F0xx_HAL_Driver\Src\stm32f0xx_hal.o
HAL_DBGMCU_EnableDBGStopMode                      Drivers\STM32F0xx_HAL_Driver\Src\stm32f0xx_hal.o
HAL_DMA_Abort                                     Drivers\STM32F0xx_HAL_Driver\Src\stm32f0xx_hal_dma.o
                                                  Drivers\STM32F0xx_HAL_Driver\Src\stm32f0xx_hal_uart.o
                                                  Drivers\STM32F0xx_HAL_Driver\Src\stm32f0xx_hal_adc.o
HAL_DMA_Abort_IT                                  Drivers\STM32F0xx_HAL_Driver\Src\stm32f0xx_hal_dma.o
                                                  Drivers\STM32F0xx_HAL_Driver\Src\stm32f0xx_hal_uart.o
                                                  Drivers\STM32F0xx_HAL_Driver\Src\stm32f0xx_hal_i2c.o
HAL_DMA_DeInit                                    Drivers\STM32F0xx_HAL_Driver\Src\stm32f0xx_hal_dma.o
                                                  Src\stm32f0xx_hal_msp.o
HAL_DMA_GetError                                  Drivers\STM32F0xx_HAL_Driver\Src\stm32f0xx_hal_dma.o
HAL_DMA_GetState                                  Drivers\STM32F0xx_HAL_Driver\Src\stm32f0xx_hal_dma.o
HAL_DMA_IRQHandler                                Drivers\STM32F0xx_HAL_Driver\Src\stm32f0xx_hal_dma.o
                                                  Src\stm32f0xx_it.o
HAL_DMA_Init                                      Drivers\STM32F0xx_HAL_Driver\Src\stm32f0xx_hal_dma.o
                                                  Src\stm32f0xx_hal_msp.o
HAL_DMA_PollForTransfer                           Drivers\STM32F0xx_HAL_Driver\Src\stm32f0xx_hal_dma.o
HAL_DMA_RegisterCallback                          Drivers\STM32F0xx_HAL_Driver\Src\stm32f0xx_hal_dma.o
HAL_DMA_Start                                     Drivers\STM32F0xx_HAL_Driver\Src\stm32f0xx_hal_dma.o
HAL_DMA_Start_IT                                  Drivers\STM32F0xx_HAL_Driver\Src\stm32f0xx_hal_dma.o
                                                  Drivers\STM32F0xx_HAL_Driver\Src\stm32f0xx_hal_uart.o
                                                  Drivers\STM32F0xx_HAL_Driver\Src\stm32f0xx_hal_i2c.o
                                                  Drivers\STM32F0xx_HAL_Driver\Src\stm32f0xx_hal_adc.o
HAL_DMA_UnRegisterCallback                        Drivers\STM32F0xx_HAL_Driver\Src\stm32f0xx_hal_dma.o
HAL_DeInit                                        Drivers\STM32F0xx_HAL_Driver\Src\stm32f0xx_hal.o
HAL_Delay                                         Drivers\STM32F0xx_HAL_Driver\Src\stm32f0xx_hal.o
HAL_FLASHEx_Erase                                 Drivers\STM32F0xx_HAL_Driver\Src\stm32f0xx_hal_flash_ex.o
HAL_FLASHEx_Erase_IT                              Drivers\STM32F0xx_HAL_Driver\Src\stm32f0xx_hal_flash_ex.o
HAL_FLASHEx_OBErase                               Drivers\STM32F0xx_HAL_Driver\Src\stm32f0xx_hal_flash_ex.o
HAL_FLASHEx_OBGetConfig                           Drivers\STM32F0xx_HAL_Driver\Src\stm32f0xx_hal_flash_ex.o
HAL_FLASHEx_OBGetUserData                         Drivers\STM32F0xx_HAL_Driver\Src\stm32f0xx_hal_flash_ex.o
HAL_FLASHEx_OBProgram                             Drivers\STM32F0xx_HAL_Driver\Src\stm32f0xx_hal_flash_ex.o
HAL_FLASH_EndOfOperationCallback                  Drivers\STM32F0xx_HAL_Driver\Src\stm32f0xx_hal_flash.o
HAL_FLASH_GetError                                Drivers\STM32F0xx_HAL_Driver\Src\stm32f0xx_hal_flash.o
HAL_FLASH_IRQHandler                              Drivers\STM32F0xx_HAL_Driver\Src\stm32f0xx_hal_flash.o
HAL_FLASH_Lock                                    Drivers\STM32F0xx_HAL_Driver\Src\stm32f0xx_hal_flash.o
HAL_FLASH_OB_Launch                               Drivers\STM32F0xx_HAL_Driver\Src\stm32f0xx_hal_flash.o
HAL_FLASH_OB_Lock                                 Drivers\STM32F0xx_HAL_Driver\Src\stm32f0xx_hal_flash.o
HAL_FLASH_OB_Unlock                               Drivers\STM32F0xx_HAL_Driver\Src\stm32f0xx_hal_flash.o
HAL_FLASH_OperationErrorCallback                  Drivers\STM32F0xx_HAL_Driver\Src\stm32f0xx_hal_flash.o
HAL_FLASH_Program                                 Drivers\STM32F0xx_HAL_Driver\Src\stm32f0xx_hal_flash.o
HAL_FLASH_Program_IT                              Drivers\STM32F0xx_HAL_Driver\Src\stm32f0xx_hal_flash.o
HAL_FLASH_Unlock                                  Drivers\STM32F0xx_HAL_Driver\Src\stm32f0xx_hal_flash.o
HAL_GPIO_DeInit                                   Drivers\STM32F0xx_HAL_Driver\Src\stm32f0xx_hal_gpio.o
                                                  Src\stm32f0xx_hal_msp.o
HAL_GPIO_EXTI_Callback                            Drivers\STM32F0xx_HAL_Driver\Src\stm32f0xx_hal_gpio.o
HAL_GPIO_EXTI_IRQHandler                          Drivers\STM32F0xx_HAL_Driver\Src\stm32f0xx_hal_gpio.o
HAL_GPIO_Init                                     Drivers\STM32F0xx_HAL_Driver\Src\stm32f0xx_hal_gpio.o
                                                  Src\stm32f0xx_hal_msp.o
                                                  Src\main.o
                                                  Drivers\STM32F0xx_HAL_Driver\Src\stm32f0xx_hal_rcc.o
HAL_GPIO_LockPin                                  Drivers\STM32F0xx_HAL_Driver\Src\stm32f0xx_hal_gpio.o
HAL_GPIO_ReadPin                                  Drivers\STM32F0xx_HAL_Driver\Src\stm32f0xx_hal_gpio.o
HAL_GPIO_TogglePin                                Drivers\STM32F0xx_HAL_Driver\Src\stm32f0xx_hal_gpio.o
HAL_GPIO_WritePin                                 Drivers\STM32F0xx_HAL_Driver\Src\stm32f0xx_hal_gpio.o
                                                  Src\main.o
HAL_GetDEVID                                      Drivers\STM32F0xx_HAL_Driver\Src\stm32f0xx_hal.o
HAL_GetHalVersion                                 Drivers\STM32F0xx_HAL_Driver\Src\stm32f0xx_hal.o
HAL_GetREVID                                      Drivers\STM32F0xx_HAL_Driver\Src\stm32f0xx_hal.o
HAL_GetTick                                       Drivers\STM32F0xx_HAL_Driver\Src\stm32f0xx_hal.o
                                                  Drivers\STM32F0xx_HAL_Driver\Src\stm32f0xx_hal_uart_ex.o
                                                  Drivers\STM32F0xx_HAL_Driver\Src\stm32f0xx_hal_uart.o
                                                  Drivers\STM32F0xx_HAL_Driver\Src\stm32f0xx_hal_rcc_ex.o
                                                  Drivers\STM32F0xx_HAL_Driver\Src\stm32f0xx_hal_rcc.o
                                                  Drivers\STM32F0xx_HAL_Driver\Src\stm32f0xx_hal_i2c.o
                                                  Drivers\STM32F0xx_HAL_Driver\Src\stm32f0xx_hal_flash.o
                                                  Drivers\STM32F0xx_HAL_Driver\Src\stm32f0xx_hal_dma.o
                                                  Drivers\STM32F0xx_HAL_Driver\Src\stm32f0xx_hal_adc_ex.o
                                                  Drivers\STM32F0xx_HAL_Driver\Src\stm32f0xx_hal_adc.o
HAL_GetUIDw0                                      Drivers\STM32F0xx_HAL_Driver\Src\stm32f0xx_hal.o
HAL_GetUIDw1                                      Drivers\STM32F0xx_HAL_Driver\Src\stm32f0xx_hal.o
HAL_GetUIDw2                                      Drivers\STM32F0xx_HAL_Driver\Src\stm32f0xx_hal.o
HAL_HalfDuplex_EnableReceiver                     Drivers\STM32F0xx_HAL_Driver\Src\stm32f0xx_hal_uart.o
HAL_HalfDuplex_EnableTransmitter                  Drivers\STM32F0xx_HAL_Driver\Src\stm32f0xx_hal_uart.o
HAL_HalfDuplex_Init                               Drivers\STM32F0xx_HAL_Driver\Src\stm32f0xx_hal_uart.o
HAL_I2CEx_ConfigAnalogFilter                      Drivers\STM32F0xx_HAL_Driver\Src\stm32f0xx_hal_i2c_ex.o
HAL_I2CEx_ConfigDigitalFilter                     Drivers\STM32F0xx_HAL_Driver\Src\stm32f0xx_hal_i2c_ex.o
HAL_I2CEx_DisableFastModePlus                     Drivers\STM32F0xx_HAL_Driver\Src\stm32f0xx_hal_i2c_ex.o
HAL_I2CEx_DisableWakeUp                           Drivers\STM32F0xx_HAL_Driver\Src\stm32f0xx_hal_i2c_ex.o
HAL_I2CEx_EnableFastModePlus                      Drivers\STM32F0xx_HAL_Driver\Src\stm32f0xx_hal_i2c_ex.o
HAL_I2CEx_EnableWakeUp                            Drivers\STM32F0xx_HAL_Driver\Src\stm32f0xx_hal_i2c_ex.o
HAL_I2C_AbortCpltCallback                         Drivers\STM32F0xx_HAL_Driver\Src\stm32f0xx_hal_i2c.o
HAL_I2C_AddrCallback                              Drivers\STM32F0xx_HAL_Driver\Src\stm32f0xx_hal_i2c.o
HAL_I2C_DeInit                                    Drivers\STM32F0xx_HAL_Driver\Src\stm32f0xx_hal_i2c.o
HAL_I2C_DisableListen_IT                          Drivers\STM32F0xx_HAL_Driver\Src\stm32f0xx_hal_i2c.o
HAL_I2C_ER_IRQHandler                             Drivers\STM32F0xx_HAL_Driver\Src\stm32f0xx_hal_i2c.o
HAL_I2C_EV_IRQHandler                             Drivers\STM32F0xx_HAL_Driver\Src\stm32f0xx_hal_i2c.o
HAL_I2C_EnableListen_IT                           Drivers\STM32F0xx_HAL_Driver\Src\stm32f0xx_hal_i2c.o
HAL_I2C_ErrorCallback                             Drivers\STM32F0xx_HAL_Driver\Src\stm32f0xx_hal_i2c.o
HAL_I2C_GetError                                  Drivers\STM32F0xx_HAL_Driver\Src\stm32f0xx_hal_i2c.o
HAL_I2C_GetMode                                   Drivers\STM32F0xx_HAL_Driver\Src\stm32f0xx_hal_i2c.o
HAL_I2C_GetState                                  Drivers\STM32F0xx_HAL_Driver\Src\stm32f0xx_hal_i2c.o
HAL_I2C_Init                                      Drivers\STM32F0xx_HAL_Driver\Src\stm32f0xx_hal_i2c.o
HAL_I2C_IsDeviceReady                             Drivers\STM32F0xx_HAL_Driver\Src\stm32f0xx_hal_i2c.o
HAL_I2C_ListenCpltCallback                        Drivers\STM32F0xx_HAL_Driver\Src\stm32f0xx_hal_i2c.o
HAL_I2C_MasterRxCpltCallback                      Drivers\STM32F0xx_HAL_Driver\Src\stm32f0xx_hal_i2c.o
HAL_I2C_MasterTxCpltCallback                      Drivers\STM32F0xx_HAL_Driver\Src\stm32f0xx_hal_i2c.o
HAL_I2C_Master_Abort_IT                           Drivers\STM32F0xx_HAL_Driver\Src\stm32f0xx_hal_i2c.o
HAL_I2C_Master_Receive                            Drivers\STM32F0xx_HAL_Driver\Src\stm32f0xx_hal_i2c.o
HAL_I2C_Master_Receive_DMA                        Drivers\STM32F0xx_HAL_Driver\Src\stm32f0xx_hal_i2c.o
HAL_I2C_Master_Receive_IT                         Drivers\STM32F0xx_HAL_Driver\Src\stm32f0xx_hal_i2c.o
HAL_I2C_Master_Sequential_Receive_IT              Drivers\STM32F0xx_HAL_Driver\Src\stm32f0xx_hal_i2c.o
HAL_I2C_Master_Sequential_Transmit_IT             Drivers\STM32F0xx_HAL_Driver\Src\stm32f0xx_hal_i2c.o
HAL_I2C_Master_Transmit                           Drivers\STM32F0xx_HAL_Driver\Src\stm32f0xx_hal_i2c.o
HAL_I2C_Master_Transmit_DMA                       Drivers\STM32F0xx_HAL_Driver\Src\stm32f0xx_hal_i2c.o
HAL_I2C_Master_Transmit_IT                        Drivers\STM32F0xx_HAL_Driver\Src\stm32f0xx_hal_i2c.o
HAL_I2C_MemRxCpltCallback                         Drivers\STM32F0xx_HAL_Driver\Src\stm32f0xx_hal_i2c.o
HAL_I2C_MemTxCpltCallback                         Drivers\STM32F0xx_HAL_Driver\Src\stm32f0xx_hal_i2c.o
HAL_I2C_Mem_Read                                  Drivers\STM32F0xx_HAL_Driver\Src\stm32f0xx_hal_i2c.o
HAL_I2C_Mem_Read_DMA                              Drivers\STM32F0xx_HAL_Driver\Src\stm32f0xx_hal_i2c.o
HAL_I2C_Mem_Read_IT                               Drivers\STM32F0xx_HAL_Driver\Src\stm32f0xx_hal_i2c.o
HAL_I2C_Mem_Write                                 Drivers\STM32F0xx_HAL_Driver\Src\stm32f0xx_hal_i2c.o
HAL_I2C_Mem_Write_DMA                             Drivers\STM32F0xx_HAL_Driver\Src\stm32f0xx_hal_i2c.o
HAL_I2C_Mem_Write_IT                              Drivers\STM32F0xx_HAL_Driver\Src\stm32f0xx_hal_i2c.o
HAL_I2C_MspDeInit                                 Drivers\STM32F0xx_HAL_Driver\Src\stm32f0xx_hal_i2c.o
HAL_I2C_MspInit                                   Drivers\STM32F0xx_HAL_Driver\Src\stm32f0xx_hal_i2c.o
HAL_I2C_SlaveRxCpltCallback                       Drivers\STM32F0xx_HAL_Driver\Src\stm32f0xx_hal_i2c.o
HAL_I2C_SlaveTxCpltCallback                       Drivers\STM32F0xx_HAL_Driver\Src\stm32f0xx_hal_i2c.o
HAL_I2C_Slave_Receive                             Drivers\STM32F0xx_HAL_Driver\Src\stm32f0xx_hal_i2c.o
HAL_I2C_Slave_Receive_DMA                         Drivers\STM32F0xx_HAL_Driver\Src\stm32f0xx_hal_i2c.o
HAL_I2C_Slave_Receive_IT                          Drivers\STM32F0xx_HAL_Driver\Src\stm32f0xx_hal_i2c.o
HAL_I2C_Slave_Sequential_Receive_IT               Drivers\STM32F0xx_HAL_Driver\Src\stm32f0xx_hal_i2c.o
HAL_I2C_Slave_Sequential_Transmit_IT              Drivers\STM32F0xx_HAL_Driver\Src\stm32f0xx_hal_i2c.o
HAL_I2C_Slave_Transmit                            Drivers\STM32F0xx_HAL_Driver\Src\stm32f0xx_hal_i2c.o
HAL_I2C_Slave_Transmit_DMA                        Drivers\STM32F0xx_HAL_Driver\Src\stm32f0xx_hal_i2c.o
HAL_I2C_Slave_Transmit_IT                         Drivers\STM32F0xx_HAL_Driver\Src\stm32f0xx_hal_i2c.o
HAL_IncTick                                       Drivers\STM32F0xx_HAL_Driver\Src\stm32f0xx_hal.o
                                                  Src\stm32f0xx_it.o
HAL_Init                                          Drivers\STM32F0xx_HAL_Driver\Src\stm32f0xx_hal.o
                                                  Src\main.o
HAL_InitTick                                      Drivers\STM32F0xx_HAL_Driver\Src\stm32f0xx_hal.o
                                                  Drivers\STM32F0xx_HAL_Driver\Src\stm32f0xx_hal_rcc.o
HAL_LIN_Init                                      Drivers\STM32F0xx_HAL_Driver\Src\stm32f0xx_hal_uart_ex.o
HAL_LIN_SendBreak                                 Drivers\STM32F0xx_HAL_Driver\Src\stm32f0xx_hal_uart_ex.o
HAL_MspDeInit                                     Drivers\STM32F0xx_HAL_Driver\Src\stm32f0xx_hal.o
HAL_MspInit                                       Src\stm32f0xx_hal_msp.o
                                                  Drivers\STM32F0xx_HAL_Driver\Src\stm32f0xx_hal.o
HAL_MultiProcessorEx_AddressLength_Set            Drivers\STM32F0xx_HAL_Driver\Src\stm32f0xx_hal_uart_ex.o
HAL_MultiProcessor_DisableMuteMode                Drivers\STM32F0xx_HAL_Driver\Src\stm32f0xx_hal_uart.o
HAL_MultiProcessor_EnableMuteMode                 Drivers\STM32F0xx_HAL_Driver\Src\stm32f0xx_hal_uart.o
HAL_MultiProcessor_EnterMuteMode                  Drivers\STM32F0xx_HAL_Driver\Src\stm32f0xx_hal_uart.o
HAL_MultiProcessor_Init                           Drivers\STM32F0xx_HAL_Driver\Src\stm32f0xx_hal_uart.o
HAL_NVIC_ClearPendingIRQ                          Drivers\STM32F0xx_HAL_Driver\Src\stm32f0xx_hal_cortex.o
HAL_NVIC_DisableIRQ                               Drivers\STM32F0xx_HAL_Driver\Src\stm32f0xx_hal_cortex.o
                                                  Src\stm32f0xx_hal_msp.o
HAL_NVIC_EnableIRQ                                Drivers\STM32F0xx_HAL_Driver\Src\stm32f0xx_hal_cortex.o
                                                  Src\stm32f0xx_hal_msp.o
HAL_NVIC_GetPendingIRQ                            Drivers\STM32F0xx_HAL_Driver\Src\stm32f0xx_hal_cortex.o
HAL_NVIC_GetPriority                              Drivers\STM32F0xx_HAL_Driver\Src\stm32f0xx_hal_cortex.o
HAL_NVIC_SetPendingIRQ                            Drivers\STM32F0xx_HAL_Driver\Src\stm32f0xx_hal_cortex.o
HAL_NVIC_SetPriority                              Drivers\STM32F0xx_HAL_Driver\Src\stm32f0xx_hal_cortex.o
                                                  Src\stm32f0xx_hal_msp.o
                                                  Drivers\STM32F0xx_HAL_Driver\Src\stm32f0xx_hal.o
HAL_NVIC_SystemReset                              Drivers\STM32F0xx_HAL_Driver\Src\stm32f0xx_hal_cortex.o
HAL_PWREx_DisableVddio2Monitor                    Drivers\STM32F0xx_HAL_Driver\Src\stm32f0xx_hal_pwr_ex.o
HAL_PWREx_EnableVddio2Monitor                     Drivers\STM32F0xx_HAL_Driver\Src\stm32f0xx_hal_pwr_ex.o
HAL_PWREx_Vddio2MonitorCallback                   Drivers\STM32F0xx_HAL_Driver\Src\stm32f0xx_hal_pwr_ex.o
HAL_PWREx_Vddio2Monitor_IRQHandler                Drivers\STM32F0xx_HAL_Driver\Src\stm32f0xx_hal_pwr_ex.o
HAL_PWR_ConfigPVD                                 Drivers\STM32F0xx_HAL_Driver\Src\stm32f0xx_hal_pwr_ex.o
HAL_PWR_DeInit                                    Drivers\STM32F0xx_HAL_Driver\Src\stm32f0xx_hal_pwr.o
HAL_PWR_DisableBkUpAccess                         Drivers\STM32F0xx_HAL_Driver\Src\stm32f0xx_hal_pwr.o
HAL_PWR_DisablePVD                                Drivers\STM32F0xx_HAL_Driver\Src\stm32f0xx_hal_pwr_ex.o
HAL_PWR_DisableSEVOnPend                          Drivers\STM32F0xx_HAL_Driver\Src\stm32f0xx_hal_pwr.o
HAL_PWR_DisableSleepOnExit                        Drivers\STM32F0xx_HAL_Driver\Src\stm32f0xx_hal_pwr.o
HAL_PWR_DisableWakeUpPin                          Drivers\STM32F0xx_HAL_Driver\Src\stm32f0xx_hal_pwr.o
HAL_PWR_EnableBkUpAccess                          Drivers\STM32F0xx_HAL_Driver\Src\stm32f0xx_hal_pwr.o
HAL_PWR_EnablePVD                                 Drivers\STM32F0xx_HAL_Driver\Src\stm32f0xx_hal_pwr_ex.o
HAL_PWR_EnableSEVOnPend                           Drivers\STM32F0xx_HAL_Driver\Src\stm32f0xx_hal_pwr.o
HAL_PWR_EnableSleepOnExit                         Drivers\STM32F0xx_HAL_Driver\Src\stm32f0xx_hal_pwr.o
HAL_PWR_EnableWakeUpPin                           Drivers\STM32F0xx_HAL_Driver\Src\stm32f0xx_hal_pwr.o
HAL_PWR_EnterSLEEPMode                            Drivers\STM32F0xx_HAL_Driver\Src\stm32f0xx_hal_pwr.o
HAL_PWR_EnterSTANDBYMode                          Drivers\STM32F0xx_HAL_Driver\Src\stm32f0xx_hal_pwr.o
HAL_PWR_EnterSTOPMode                             Drivers\STM32F0xx_HAL_Driver\Src\stm32f0xx_hal_pwr.o
HAL_PWR_PVDCallback                               Drivers\STM32F0xx_HAL_Driver\Src\stm32f0xx_hal_pwr_ex.o
HAL_PWR_PVD_IRQHandler                            Drivers\STM32F0xx_HAL_Driver\Src\stm32f0xx_hal_pwr_ex.o
HAL_RCCEx_CRSConfig                               Drivers\STM32F0xx_HAL_Driver\Src\stm32f0xx_hal_rcc_ex.o
HAL_RCCEx_CRSGetSynchronizationInfo               Drivers\STM32F0xx_HAL_Driver\Src\stm32f0xx_hal_rcc_ex.o
HAL_RCCEx_CRSSoftwareSynchronizationGenerate      Drivers\STM32F0xx_HAL_Driver\Src\stm32f0xx_hal_rcc_ex.o
HAL_RCCEx_CRSWaitSynchronization                  Drivers\STM32F0xx_HAL_Driver\Src\stm32f0xx_hal_rcc_ex.o
HAL_RCCEx_CRS_ErrorCallback                       Drivers\STM32F0xx_HAL_Driver\Src\stm32f0xx_hal_rcc_ex.o
HAL_RCCEx_CRS_ExpectedSyncCallback                Drivers\STM32F0xx_HAL_Driver\Src\stm32f0xx_hal_rcc_ex.o
HAL_RCCEx_CRS_IRQHandler                          Drivers\STM32F0xx_HAL_Driver\Src\stm32f0xx_hal_rcc_ex.o
HAL_RCCEx_CRS_SyncOkCallback                      Drivers\STM32F0xx_HAL_Driver\Src\stm32f0xx_hal_rcc_ex.o
HAL_RCCEx_CRS_SyncWarnCallback                    Drivers\STM32F0xx_HAL_Driver\Src\stm32f0xx_hal_rcc_ex.o
HAL_RCCEx_GetPeriphCLKConfig                      Drivers\STM32F0xx_HAL_Driver\Src\stm32f0xx_hal_rcc_ex.o
HAL_RCCEx_GetPeriphCLKFreq                        Drivers\STM32F0xx_HAL_Driver\Src\stm32f0xx_hal_rcc_ex.o
HAL_RCCEx_PeriphCLKConfig                         Drivers\STM32F0xx_HAL_Driver\Src\stm32f0xx_hal_rcc_ex.o
                                                  Src\main.o
HAL_RCC_CSSCallback                               Drivers\STM32F0xx_HAL_Driver\Src\stm32f0xx_hal_rcc.o
HAL_RCC_ClockConfig                               Drivers\STM32F0xx_HAL_Driver\Src\stm32f0xx_hal_rcc.o
                                                  Src\main.o
HAL_RCC_DeInit                                    Drivers\STM32F0xx_HAL_Driver\Src\stm32f0xx_hal_rcc.o
HAL_RCC_DisableCSS                                Drivers\STM32F0xx_HAL_Driver\Src\stm32f0xx_hal_rcc.o
HAL_RCC_EnableCSS                                 Drivers\STM32F0xx_HAL_Driver\Src\stm32f0xx_hal_rcc.o
HAL_RCC_GetClockConfig                            Drivers\STM32F0xx_HAL_Driver\Src\stm32f0xx_hal_rcc.o
HAL_RCC_GetHCLKFreq                               Drivers\STM32F0xx_HAL_Driver\Src\stm32f0xx_hal_rcc.o
                                                  Drivers\STM32F0xx_HAL_Driver\Src\stm32f0xx_hal.o
HAL_RCC_GetOscConfig                              Drivers\STM32F0xx_HAL_Driver\Src\stm32f0xx_hal_rcc.o
                                                  Src\stm32f0xx_hal_msp.o
HAL_RCC_GetPCLK1Freq                              Drivers\STM32F0xx_HAL_Driver\Src\stm32f0xx_hal_rcc.o
                                                  Drivers\STM32F0xx_HAL_Driver\Src\stm32f0xx_hal_uart.o
                                                  Drivers\STM32F0xx_HAL_Driver\Src\stm32f0xx_hal_rcc_ex.o
HAL_RCC_GetSysClockFreq                           Drivers\STM32F0xx_HAL_Driver\Src\stm32f0xx_hal_rcc.o
                                                  Drivers\STM32F0xx_HAL_Driver\Src\stm32f0xx_hal_uart.o
                                                  Drivers\STM32F0xx_HAL_Driver\Src\stm32f0xx_hal_rcc_ex.o
HAL_RCC_MCOConfig                                 Drivers\STM32F0xx_HAL_Driver\Src\stm32f0xx_hal_rcc.o
HAL_RCC_NMI_IRQHandler                            Drivers\STM32F0xx_HAL_Driver\Src\stm32f0xx_hal_rcc.o
HAL_RCC_OscConfig                                 Drivers\STM32F0xx_HAL_Driver\Src\stm32f0xx_hal_rcc.o
                                                  Src\stm32f0xx_hal_msp.o
                                                  Src\main.o
HAL_RS485Ex_Init                                  Drivers\STM32F0xx_HAL_Driver\Src\stm32f0xx_hal_uart_ex.o
HAL_ResumeTick                                    Drivers\STM32F0xx_HAL_Driver\Src\stm32f0xx_hal.o
HAL_SYSTICK_CLKSourceConfig                       Drivers\STM32F0xx_HAL_Driver\Src\stm32f0xx_hal_cortex.o
HAL_SYSTICK_Callback                              Drivers\STM32F0xx_HAL_Driver\Src\stm32f0xx_hal_cortex.o
HAL_SYSTICK_Config                                Drivers\STM32F0xx_HAL_Driver\Src\stm32f0xx_hal_cortex.o
                                                  Drivers\STM32F0xx_HAL_Driver\Src\stm32f0xx_hal.o
HAL_SYSTICK_IRQHandler                            Drivers\STM32F0xx_HAL_Driver\Src\stm32f0xx_hal_cortex.o
HAL_SuspendTick                                   Drivers\STM32F0xx_HAL_Driver\Src\stm32f0xx_hal.o
HAL_UARTEx_DisableStopMode                        Drivers\STM32F0xx_HAL_Driver\Src\stm32f0xx_hal_uart_ex.o
HAL_UARTEx_EnableStopMode                         Drivers\STM32F0xx_HAL_Driver\Src\stm32f0xx_hal_uart_ex.o
HAL_UARTEx_StopModeWakeUpSourceConfig             Drivers\STM32F0xx_HAL_Driver\Src\stm32f0xx_hal_uart_ex.o
HAL_UARTEx_WakeupCallback                         Drivers\STM32F0xx_HAL_Driver\Src\stm32f0xx_hal_uart_ex.o
                                                  Drivers\STM32F0xx_HAL_Driver\Src\stm32f0xx_hal_uart.o
HAL_UART_Abort                                    Drivers\STM32F0xx_HAL_Driver\Src\stm32f0xx_hal_uart.o
HAL_UART_AbortCpltCallback                        Drivers\STM32F0xx_HAL_Driver\Src\stm32f0xx_hal_uart.o
HAL_UART_AbortReceive                             Drivers\STM32F0xx_HAL_Driver\Src\stm32f0xx_hal_uart.o
HAL_UART_AbortReceiveCpltCallback                 Drivers\STM32F0xx_HAL_Driver\Src\stm32f0xx_hal_uart.o
HAL_UART_AbortReceive_IT                          Drivers\STM32F0xx_HAL_Driver\Src\stm32f0xx_hal_uart.o
HAL_UART_AbortTransmit                            Drivers\STM32F0xx_HAL_Driver\Src\stm32f0xx_hal_uart.o
HAL_UART_AbortTransmitCpltCallback                Drivers\STM32F0xx_HAL_Driver\Src\stm32f0xx_hal_uart.o
HAL_UART_AbortTransmit_IT                         Drivers\STM32F0xx_HAL_Driver\Src\stm32f0xx_hal_uart.o
HAL_UART_Abort_IT                                 Drivers\STM32F0xx_HAL_Driver\Src\stm32f0xx_hal_uart.o
HAL_UART_DMAPause                                 Drivers\STM32F0xx_HAL_Driver\Src\stm32f0xx_hal_uart.o
HAL_UART_DMAResume                                Drivers\STM32F0xx_HAL_Driver\Src\stm32f0xx_hal_uart.o
HAL_UART_DMAStop                                  Drivers\STM32F0xx_HAL_Driver\Src\stm32f0xx_hal_uart.o
HAL_UART_DeInit                                   Drivers\STM32F0xx_HAL_Driver\Src\stm32f0xx_hal_uart.o
HAL_UART_ErrorCallback                            Drivers\STM32F0xx_HAL_Driver\Src\stm32f0xx_hal_uart.o
HAL_UART_GetError                                 Drivers\STM32F0xx_HAL_Driver\Src\stm32f0xx_hal_uart.o
HAL_UART_GetState                                 Drivers\STM32F0xx_HAL_Driver\Src\stm32f0xx_hal_uart.o
HAL_UART_IRQHandler                               Drivers\STM32F0xx_HAL_Driver\Src\stm32f0xx_hal_uart.o
HAL_UART_Init                                     Drivers\STM32F0xx_HAL_Driver\Src\stm32f0xx_hal_uart.o
                                                  Src\main.o
HAL_UART_MspDeInit                                Src\stm32f0xx_hal_msp.o
                                                  Drivers\STM32F0xx_HAL_Driver\Src\stm32f0xx_hal_uart.o
HAL_UART_MspInit                                  Src\stm32f0xx_hal_msp.o
                                                  Drivers\STM32F0xx_HAL_Driver\Src\stm32f0xx_hal_uart.o
                                                  Drivers\STM32F0xx_HAL_Driver\Src\stm32f0xx_hal_uart_ex.o
HAL_UART_Receive                                  Drivers\STM32F0xx_HAL_Driver\Src\stm32f0xx_hal_uart.o
HAL_UART_Receive_DMA                              Drivers\STM32F0xx_HAL_Driver\Src\stm32f0xx_hal_uart.o
HAL_UART_Receive_IT                               Drivers\STM32F0xx_HAL_Driver\Src\stm32f0xx_hal_uart.o
HAL_UART_RxCpltCallback                           Drivers\STM32F0xx_HAL_Driver\Src\stm32f0xx_hal_uart.o
HAL_UART_RxHalfCpltCallback                       Drivers\STM32F0xx_HAL_Driver\Src\stm32f0xx_hal_uart.o
HAL_UART_Transmit                                 Drivers\STM32F0xx_HAL_Driver\Src\stm32f0xx_hal_uart.o
HAL_UART_Transmit_DMA                             Drivers\STM32F0xx_HAL_Driver\Src\stm32f0xx_hal_uart.o
HAL_UART_Transmit_IT                              Drivers\STM32F0xx_HAL_Driver\Src\stm32f0xx_hal_uart.o
HAL_UART_TxCpltCallback                           Drivers\STM32F0xx_HAL_Driver\Src\stm32f0xx_hal_uart.o
HAL_UART_TxHalfCpltCallback                       Drivers\STM32F0xx_HAL_Driver\Src\stm32f0xx_hal_uart.o
HardFault_Handler                                 Src\stm32f0xx_it.o
I2C1_IRQHandler                                   startup\startup_stm32f091xc.o
I2C2_IRQHandler                                   startup\startup_stm32f091xc.o
NMI_Handler                                       Src\stm32f0xx_it.o
PVD_VDDIO2_IRQHandler                             startup\startup_stm32f091xc.o
PendSV_Handler                                    Src\stm32f0xx_it.o
RCC_CRS_IRQHandler                                startup\startup_stm32f091xc.o
RTC_IRQHandler                                    startup\startup_stm32f091xc.o
Reset_Handler                                     startup\startup_stm32f091xc.o
SPI1_IRQHandler                                   startup\startup_stm32f091xc.o
SPI2_IRQHandler                                   startup\startup_stm32f091xc.o
SVC_Handler                                       Src\stm32f0xx_it.o
SysTick_Handler                                   Src\stm32f0xx_it.o
SystemClock_Config                                Src\main.o
SystemCoreClock                                   Src\system_stm32f0xx.o
                                                  Drivers\STM32F0xx_HAL_Driver\Src\stm32f0xx_hal_rcc.o
                                                  Drivers\STM32F0xx_HAL_Driver\Src\stm32f0xx_hal_adc.o
SystemCoreClockUpdate                             Src\system_stm32f0xx.o
SystemInit                                        Src\system_stm32f0xx.o
                                                  startup\startup_stm32f091xc.o
TIM14_IRQHandler                                  startup\startup_stm32f091xc.o
TIM15_IRQHandler                                  startup\startup_stm32f091xc.o
TIM16_IRQHandler                                  startup\startup_stm32f091xc.o
TIM17_IRQHandler                                  startup\startup_stm32f091xc.o
TIM1_BRK_UP_TRG_COM_IRQHandler                    startup\startup_stm32f091xc.o
TIM1_CC_IRQHandler                                startup\startup_stm32f091xc.o
TIM2_IRQHandler                                   startup\startup_stm32f091xc.o
TIM3_IRQHandler                                   startup\startup_stm32f091xc.o
TIM6_DAC_IRQHandler                               startup\startup_stm32f091xc.o
TIM7_IRQHandler                                   startup\startup_stm32f091xc.o
TSC_IRQHandler                                    startup\startup_stm32f091xc.o
UART_AdvFeatureConfig                             Drivers\STM32F0xx_HAL_Driver\Src\stm32f0xx_hal_uart.o
                                                  Drivers\STM32F0xx_HAL_Driver\Src\stm32f0xx_hal_uart_ex.o
UART_CheckIdleState                               Drivers\STM32F0xx_HAL_Driver\Src\stm32f0xx_hal_uart.o
                                                  Drivers\STM32F0xx_HAL_Driver\Src\stm32f0xx_hal_uart_ex.o
UART_EndTransmit_IT                               Drivers\STM32F0xx_HAL_Driver\Src\stm32f0xx_hal_uart.o
UART_Receive_IT                                   Drivers\STM32F0xx_HAL_Driver\Src\stm32f0xx_hal_uart.o
UART_SetConfig                                    Drivers\STM32F0xx_HAL_Driver\Src\stm32f0xx_hal_uart.o
                                                  Drivers\STM32F0xx_HAL_Driver\Src\stm32f0xx_hal_uart_ex.o
UART_Transmit_IT                                  Drivers\STM32F0xx_HAL_Driver\Src\stm32f0xx_hal_uart.o
UART_WaitOnFlagUntilTimeout                       Drivers\STM32F0xx_HAL_Driver\Src\stm32f0xx_hal_uart.o
                                                  Drivers\STM32F0xx_HAL_Driver\Src\stm32f0xx_hal_uart_ex.o
USART1_IRQHandler                                 startup\startup_stm32f091xc.o
USART2_IRQHandler                                 startup\startup_stm32f091xc.o
USART3_8_IRQHandler                               startup\startup_stm32f091xc.o
WWDG_IRQHandler                                   startup\startup_stm32f091xc.o
__aeabi_ddiv                                      c:/program files (x86)/atollic/truestudio for stm32 9.0.1/armtools/bin/../lib/gcc/arm-atollic-eabi/6.3.1/armv6-m\libgcc.a(divdf3.o)
                                                  Src\main.o
__aeabi_dmul                                      c:/program files (x86)/atollic/truestudio for stm32 9.0.1/armtools/bin/../lib/gcc/arm-atollic-eabi/6.3.1/armv6-m\libgcc.a(muldf3.o)
                                                  Src\main.o
__aeabi_idiv0                                     c:/program files (x86)/atollic/truestudio for stm32 9.0.1/armtools/bin/../lib/gcc/arm-atollic-eabi/6.3.1/armv6-m\libgcc.a(_dvmd_tls.o)
                                                  c:/program files (x86)/atollic/truestudio for stm32 9.0.1/armtools/bin/../lib/gcc/arm-atollic-eabi/6.3.1/armv6-m\libgcc.a(_udivsi3.o)
__aeabi_ldiv0                                     c:/program files (x86)/atollic/truestudio for stm32 9.0.1/armtools/bin/../lib/gcc/arm-atollic-eabi/6.3.1/armv6-m\libgcc.a(_dvmd_tls.o)
__aeabi_ui2d                                      c:/program files (x86)/atollic/truestudio for stm32 9.0.1/armtools/bin/../lib/gcc/arm-atollic-eabi/6.3.1/armv6-m\libgcc.a(floatunsidf.o)
                                                  Src\main.o
__aeabi_uidiv                                     c:/program files (x86)/atollic/truestudio for stm32 9.0.1/armtools/bin/../lib/gcc/arm-atollic-eabi/6.3.1/armv6-m\libgcc.a(_udivsi3.o)
                                                  c:/program files (x86)/atollic/truestudio for stm32 9.0.1/armtools/bin/../lib/gcc/arm-atollic-eabi/6.3.1/armv6-m\libgcc.a(divdf3.o)
                                                  Src\system_stm32f0xx.o
                                                  Drivers\STM32F0xx_HAL_Driver\Src\stm32f0xx_hal_uart.o
                                                  Drivers\STM32F0xx_HAL_Driver\Src\stm32f0xx_hal_rcc.o
                                                  Drivers\STM32F0xx_HAL_Driver\Src\stm32f0xx_hal_dma.o
                                                  Drivers\STM32F0xx_HAL_Driver\Src\stm32f0xx_hal_adc.o
                                                  Drivers\STM32F0xx_HAL_Driver\Src\stm32f0xx_hal.o
__aeabi_uidivmod                                  c:/program files (x86)/atollic/truestudio for stm32 9.0.1/armtools/bin/../lib/gcc/arm-atollic-eabi/6.3.1/armv6-m\libgcc.a(_udivsi3.o)
                                                  c:/program files (x86)/atollic/truestudio for stm32 9.0.1/armtools/bin/../lib/gcc/arm-atollic-eabi/6.3.1/armv6-m\libgcc.a(divdf3.o)
__clzsi2                                          c:/program files (x86)/atollic/truestudio for stm32 9.0.1/armtools/bin/../lib/gcc/arm-atollic-eabi/6.3.1/armv6-m\libgcc.a(_clzsi2.o)
                                                  c:/program files (x86)/atollic/truestudio for stm32 9.0.1/armtools/bin/../lib/gcc/arm-atollic-eabi/6.3.1/armv6-m\libgcc.a(floatunsidf.o)
                                                  c:/program files (x86)/atollic/truestudio for stm32 9.0.1/armtools/bin/../lib/gcc/arm-atollic-eabi/6.3.1/armv6-m\libgcc.a(muldf3.o)
                                                  c:/program files (x86)/atollic/truestudio for stm32 9.0.1/armtools/bin/../lib/gcc/arm-atollic-eabi/6.3.1/armv6-m\libgcc.a(divdf3.o)
__deregister_frame_info                           c:/program files (x86)/atollic/truestudio for stm32 9.0.1/armtools/bin/../lib/gcc/arm-atollic-eabi/6.3.1/armv6-m/crtbegin.o
__dso_handle                                      c:/program files (x86)/atollic/truestudio for stm32 9.0.1/armtools/bin/../lib/gcc/arm-atollic-eabi/6.3.1/armv6-m/crtbegin.o
__init_array_end                                  c:/program files (x86)/atollic/truestudio for stm32 9.0.1/armtools/bin/../lib/gcc/arm-atollic-eabi/6.3.1/../../../../arm-atollic-eabi/lib/armv6-m\libc.a(lib_a-init.o)
__init_array_start                                c:/program files (x86)/atollic/truestudio for stm32 9.0.1/armtools/bin/../lib/gcc/arm-atollic-eabi/6.3.1/../../../../arm-atollic-eabi/lib/armv6-m\libc.a(lib_a-init.o)
__libc_init_array                                 c:/program files (x86)/atollic/truestudio for stm32 9.0.1/armtools/bin/../lib/gcc/arm-atollic-eabi/6.3.1/../../../../arm-atollic-eabi/lib/armv6-m\libc.a(lib_a-init.o)
                                                  startup\startup_stm32f091xc.o
__preinit_array_end                               c:/program files (x86)/atollic/truestudio for stm32 9.0.1/armtools/bin/../lib/gcc/arm-atollic-eabi/6.3.1/../../../../arm-atollic-eabi/lib/armv6-m\libc.a(lib_a-init.o)
__preinit_array_start                             c:/program files (x86)/atollic/truestudio for stm32 9.0.1/armtools/bin/../lib/gcc/arm-atollic-eabi/6.3.1/../../../../arm-atollic-eabi/lib/armv6-m\libc.a(lib_a-init.o)
__register_frame_info                             c:/program files (x86)/atollic/truestudio for stm32 9.0.1/armtools/bin/../lib/gcc/arm-atollic-eabi/6.3.1/armv6-m/crtbegin.o
__udivsi3                                         c:/program files (x86)/atollic/truestudio for stm32 9.0.1/armtools/bin/../lib/gcc/arm-atollic-eabi/6.3.1/armv6-m\libgcc.a(_udivsi3.o)
_delay                                            Src\main.o
_ebss                                             startup\startup_stm32f091xc.o
_edata                                            startup\startup_stm32f091xc.o
_estack                                           startup\startup_stm32f091xc.o
_fini                                             c:/program files (x86)/atollic/truestudio for stm32 9.0.1/armtools/bin/../lib/gcc/arm-atollic-eabi/6.3.1/armv6-m/crti.o
_init                                             c:/program files (x86)/atollic/truestudio for stm32 9.0.1/armtools/bin/../lib/gcc/arm-atollic-eabi/6.3.1/armv6-m/crti.o
                                                  c:/program files (x86)/atollic/truestudio for stm32 9.0.1/armtools/bin/../lib/gcc/arm-atollic-eabi/6.3.1/../../../../arm-atollic-eabi/lib/armv6-m\libc.a(lib_a-init.o)
_sbss                                             startup\startup_stm32f091xc.o
_sdata                                            startup\startup_stm32f091xc.o
_sidata                                           startup\startup_stm32f091xc.o
aADCxConvertedValues                              Src\main.o
adc_getChannelConfig                              Src\main.o
                                                  Src\stm32f0xx_hal_msp.o
adc_getVoltage                                    Src\main.o
g_pfnVectors                                      startup\startup_stm32f091xc.o
hadc                                              Src\main.o
                                                  Src\stm32f0xx_it.o
huart2                                            Src\main.o
main                                              Src\main.o
                                                  startup\startup_stm32f091xc.o
memset                                            c:/program files (x86)/atollic/truestudio for stm32 9.0.1/armtools/bin/../lib/gcc/arm-atollic-eabi/6.3.1/../../../../arm-atollic-eabi/lib/armv6-m\libc.a(lib_a-memset.o)
                                                  Src\stm32f0xx_hal_msp.o
                                                  Src\main.o
pFlash                                            Drivers\STM32F0xx_HAL_Driver\Src\stm32f0xx_hal_flash.o
                                                  Drivers\STM32F0xx_HAL_Driver\Src\stm32f0xx_hal_flash_ex.o
result                                            Src\main.o
uwTick                                            Drivers\STM32F0xx_HAL_Driver\Src\stm32f0xx_hal.o
val                                               Src\main.o
voltage                                           Src\main.o
